✖ building menu waits through delayed false images before continuing (9.881613ms)
✖ building menu exhausts its existing 30000 ms scope without continuing (2.468959ms)
✔ building menu propagates failed texture acquisition without retrying (1.813804ms)
✖ building hover waits through delayed false images before continuing (1.894155ms)
✖ building hover exhausts its existing 30000 ms scope without continuing (2.967017ms)
✔ building hover propagates failed texture acquisition without retrying (1.627985ms)
✖ worship Tutorial waits through delayed false images before continuing (1.270629ms)
✖ worship Tutorial exhausts its existing 30000 ms scope without continuing (1.498681ms)
✔ worship Tutorial propagates failed texture acquisition without retrying (1.460624ms)
✖ worship Mission 1 waits through delayed false images before continuing (1.374395ms)
✖ worship Mission 1 exhausts its existing 20000 ms scope without continuing (1.733644ms)
✔ worship Mission 1 propagates failed texture acquisition without retrying (1.244089ms)
✔ repeated helper calls acquire the replacement document image (3.023482ms)
✔ only literal true permits readiness, never a truthy observation value (0.368754ms)
✔ late true is rejected after the awaited read settles, without another observation (0.956858ms)
✔ the last pause fits the deadline and no read starts after it (1.492903ms)
✔ invalid wait bounds fail before reading (0.36586ms)
ℹ tests 17
ℹ suites 0
ℹ pass 9
ℹ fail 8
ℹ cancelled 0
ℹ skipped 0
ℹ todo 0
ℹ duration_ms 116.662044

✖ failing tests:

test at tests/hud-texture-readiness.test.mjs:104:3
✖ building menu waits through delayed false images before continuing (9.881613ms)
  AssertionError [ERR_ASSERTION]: Expected values to be strictly equal:
  
  1 !== 4
  
      at TestContext.<anonymous> (file:///workspace/scratch/69fd8163d94e/cloud-dev-20261004/hud-texture-readiness/tests/hud-texture-readiness.test.mjs:107:12)
      at async Test.run (node:internal/test_runner/test:1389:7)
      at async startSubtestAfterBootstrap (node:internal/test_runner/harness:387:3) {
    generatedMessage: true,
    code: 'ERR_ASSERTION',
    actual: 1,
    expected: 4,
    operator: 'strictEqual',
    diff: 'simple'
  }

test at tests/hud-texture-readiness.test.mjs:112:3
✖ building menu exhausts its existing 30000 ms scope without continuing (2.468959ms)
  AssertionError [ERR_ASSERTION]: Missing expected rejection.
      at async TestContext.<anonymous> (file:///workspace/scratch/69fd8163d94e/cloud-dev-20261004/hud-texture-readiness/tests/hud-texture-readiness.test.mjs:114:5)
      at async Test.run (node:internal/test_runner/test:1389:7)
      at async Test.processPendingSubtests (node:internal/test_runner/test:960:7) {
    generatedMessage: false,
    code: 'ERR_ASSERTION',
    actual: undefined,
    expected: /HUD texture readiness timed out after 30000 ms/,
    operator: 'rejects',
    diff: 'simple'
  }

test at tests/hud-texture-readiness.test.mjs:104:3
✖ building hover waits through delayed false images before continuing (1.894155ms)
  AssertionError [ERR_ASSERTION]: Expected values to be strictly equal:
  
  1 !== 4
  
      at TestContext.<anonymous> (file:///workspace/scratch/69fd8163d94e/cloud-dev-20261004/hud-texture-readiness/tests/hud-texture-readiness.test.mjs:107:12)
      at async Test.run (node:internal/test_runner/test:1389:7)
      at async Test.processPendingSubtests (node:internal/test_runner/test:960:7) {
    generatedMessage: true,
    code: 'ERR_ASSERTION',
    actual: 1,
    expected: 4,
    operator: 'strictEqual',
    diff: 'simple'
  }

test at tests/hud-texture-readiness.test.mjs:112:3
✖ building hover exhausts its existing 30000 ms scope without continuing (2.967017ms)
  AssertionError [ERR_ASSERTION]: Missing expected rejection.
      at async TestContext.<anonymous> (file:///workspace/scratch/69fd8163d94e/cloud-dev-20261004/hud-texture-readiness/tests/hud-texture-readiness.test.mjs:114:5)
      at async Test.run (node:internal/test_runner/test:1389:7)
      at async Test.processPendingSubtests (node:internal/test_runner/test:960:7) {
    generatedMessage: false,
    code: 'ERR_ASSERTION',
    actual: undefined,
    expected: /HUD texture readiness timed out after 30000 ms/,
    operator: 'rejects',
    diff: 'simple'
  }

test at tests/hud-texture-readiness.test.mjs:104:3
✖ worship Tutorial waits through delayed false images before continuing (1.270629ms)
  AssertionError [ERR_ASSERTION]: Expected values to be strictly equal:
  
  1 !== 4
  
      at TestContext.<anonymous> (file:///workspace/scratch/69fd8163d94e/cloud-dev-20261004/hud-texture-readiness/tests/hud-texture-readiness.test.mjs:107:12)
      at async Test.run (node:internal/test_runner/test:1389:7)
      at async Test.processPendingSubtests (node:internal/test_runner/test:960:7) {
    generatedMessage: true,
    code: 'ERR_ASSERTION',
    actual: 1,
    expected: 4,
    operator: 'strictEqual',
    diff: 'simple'
  }

test at tests/hud-texture-readiness.test.mjs:112:3
✖ worship Tutorial exhausts its existing 30000 ms scope without continuing (1.498681ms)
  AssertionError [ERR_ASSERTION]: Missing expected rejection.
      at async TestContext.<anonymous> (file:///workspace/scratch/69fd8163d94e/cloud-dev-20261004/hud-texture-readiness/tests/hud-texture-readiness.test.mjs:114:5)
      at async Test.run (node:internal/test_runner/test:1389:7)
      at async Test.processPendingSubtests (node:internal/test_runner/test:960:7) {
    generatedMessage: false,
    code: 'ERR_ASSERTION',
    actual: undefined,
    expected: /HUD texture readiness timed out after 30000 ms/,
    operator: 'rejects',
    diff: 'simple'
  }

test at tests/hud-texture-readiness.test.mjs:104:3
✖ worship Mission 1 waits through delayed false images before continuing (1.374395ms)
  AssertionError [ERR_ASSERTION]: Expected values to be strictly equal:
  
  1 !== 4
  
      at TestContext.<anonymous> (file:///workspace/scratch/69fd8163d94e/cloud-dev-20261004/hud-texture-readiness/tests/hud-texture-readiness.test.mjs:107:12)
      at async Test.run (node:internal/test_runner/test:1389:7)
      at async Test.processPendingSubtests (node:internal/test_runner/test:960:7) {
    generatedMessage: true,
    code: 'ERR_ASSERTION',
    actual: 1,
    expected: 4,
    operator: 'strictEqual',
    diff: 'simple'
  }

test at tests/hud-texture-readiness.test.mjs:112:3
✖ worship Mission 1 exhausts its existing 20000 ms scope without continuing (1.733644ms)
  AssertionError [ERR_ASSERTION]: Missing expected rejection.
      at async TestContext.<anonymous> (file:///workspace/scratch/69fd8163d94e/cloud-dev-20261004/hud-texture-readiness/tests/hud-texture-readiness.test.mjs:114:5)
      at async Test.run (node:internal/test_runner/test:1389:7)
      at async Test.processPendingSubtests (node:internal/test_runner/test:960:7) {
    generatedMessage: false,
    code: 'ERR_ASSERTION',
    actual: undefined,
    expected: /HUD texture readiness timed out after 20000 ms/,
    operator: 'rejects',
    diff: 'simple'
  }
