npm warn Unknown env config "http-proxy". This will stop working in the next major version of npm.
[33m▲ [43;33m[[43;30mWARNING[43;33m][0m [1mProxy environment variables detected. We'll use your proxy for fetch requests.[0m


[33m[PLUGIN_TIMINGS] [0mYour build spent significant time in plugins. Here is a breakdown:
  - rsc:virtual-client-package (25%)
  - vinext:middleware-server-only (23%)
  - vinext:og-inline-fetch-assets (16%)
  - vinext:css-data-url (10%)
  - alias (7%)
See https://rolldown.rs/options/checks#plugintimings for more details.

[33m[PLUGIN_TIMINGS] [0mYour build spent significant time in plugins. Here is a breakdown:
  - vinext:middleware-server-only (47%)
  - rsc:virtual-client-package (11%)
  - rsc:use-server (7%)
  - vinext:css-data-url (6%)
  - vinext:jsx-in-js (6%)
See https://rolldown.rs/options/checks#plugintimings for more details.

[plugin builtin:vite-reporter] 
(!) Some chunks are larger than 500 kB after minification. Consider:
- Using dynamic import() to code-split the application
- Use build.rolldownOptions.output.codeSplitting to improve chunking: https://rolldown.rs/reference/OutputOptions.codeSplitting
- Adjust chunk size limit for this warning via build.chunkSizeWarningLimit.
[33m[PLUGIN_TIMINGS] [0mYour build spent significant time in plugins. Here is a breakdown:
  - vinext:middleware-server-only (17%)
  - alias (11%)
  - vinext:css-data-url (11%)
  - vinext:og-inline-fetch-assets (10%)
  - rsc:virtual-client-package (9%)
See https://rolldown.rs/options/checks#plugintimings for more details.

npm notice
npm notice New major version of npm available! 11.9.0 -> 12.2.0
npm notice Changelog: https://github.com/npm/cli/releases/tag/v12.2.0
npm notice To update run: npm install -g npm@12.2.0
npm notice
