
> populous-first-dawn@0.1.0 build
> WRANGLER_LOG_PATH=.wrangler/wrangler.log vinext build


  vinext build  (Vite 8.0.13)

[1/5] analyze client references...
[2Ktransforming...✓ 272 modules transformed.
rendering chunks...
✓ built in 6.00s
[2/5] analyze server references...
[2Ktransforming...✓ 404 modules transformed.
rendering chunks...
✓ built in 1.67s
[3/5] build rsc environment...
[2Ktransforming...✓ 270 modules transformed.
rendering chunks...
computing gzip size...
✓ built in 9.18s
[4/5] build client environment...
[2Ktransforming...✓ 445 modules transformed.
rendering chunks...
computing gzip size...
✓ built in 3.09s
[5/5] build ssr environment...
[2Ktransforming...✓ 410 modules transformed.
rendering chunks...
computing gzip size...
✓ built in 2.67s
[0m
  Route (app)
  ─ ? /

  ? Unknown

  ? Some routes could not be classified. vinext currently uses static analysis
    and cannot detect dynamic API usage (headers(), cookies(), etc.) at build time.
    Automatic classification will be improved in a future release.

  Build complete. Run `vinext start` to start the production server.

