✖ maintained checkpoint callsite waits for delayed false reads before reloading (4.984784ms)
✖ maintained checkpoint callsite rejects exhausted false reads without reloading (2.843819ms)
✔ maintained checkpoint callsite propagates rejected reads without reloading (1.636206ms)
ℹ tests 3
ℹ suites 0
ℹ pass 1
ℹ fail 2
ℹ cancelled 0
ℹ skipped 0
ℹ todo 0
ℹ duration_ms 87.523189

✖ failing tests:

test at tests/browser-checkpoint-readback.test.mjs:74:1
✖ maintained checkpoint callsite waits for delayed false reads before reloading (4.984784ms)
  AssertionError [ERR_ASSERTION]: Expected values to be strictly equal:
  
  1 !== 3
  
      at TestContext.<anonymous> (file:///workspace/scratch/69fd8163d94e/cloud-dev-20261004/checkpoint-readback-guard/tests/browser-checkpoint-readback.test.mjs:77:10)
      at async Test.run (node:internal/test_runner/test:1389:7)
      at async startSubtestAfterBootstrap (node:internal/test_runner/harness:387:3) {
    generatedMessage: true,
    code: 'ERR_ASSERTION',
    actual: 1,
    expected: 3,
    operator: 'strictEqual',
    diff: 'simple'
  }

test at tests/browser-checkpoint-readback.test.mjs:82:1
✖ maintained checkpoint callsite rejects exhausted false reads without reloading (2.843819ms)
  AssertionError [ERR_ASSERTION]: Missing expected rejection.
      at async TestContext.<anonymous> (file:///workspace/scratch/69fd8163d94e/cloud-dev-20261004/checkpoint-readback-guard/tests/browser-checkpoint-readback.test.mjs:84:3)
      at async Test.run (node:internal/test_runner/test:1389:7)
      at async Test.processPendingSubtests (node:internal/test_runner/test:960:7) {
    generatedMessage: false,
    code: 'ERR_ASSERTION',
    actual: undefined,
    expected: /must commit/,
    operator: 'rejects',
    diff: 'simple'
  }
