node:internal/modules/run_main:107
    triggerUncaughtException(
    ^

AssertionError [ERR_ASSERTION]: Authored native origin must match ordinary Mission2 reward
+ actual - expected

  {
+   x: 38656,
+   y: 34560
-   x: 47872,
-   y: 24832
  }

    at file:///workspace/scratch/69fd8163d94e/cloud-dev-20261004/authored-bridge-origin/work/orchestration/authored-bridge-origin/failure-first.mjs:10:8
    at ModuleJob.run (node:internal/modules/esm/module_job:439:25)
    at async node:internal/modules/esm/loader:643:26
    at async asyncRunEntryPointWithESMLoader (node:internal/modules/run_main:101:5) {
  generatedMessage: false,
  code: 'ERR_ASSERTION',
  actual: { x: 38656, y: 34560 },
  expected: { x: 47872, y: 24832 },
  operator: 'deepStrictEqual',
  diff: 'simple'
}

Node.js v24.19.0
