✖ a glow born on an animation boundary first displays frame zero before its next cursor (104.122552ms)
ℹ tests 1
ℹ suites 0
ℹ pass 0
ℹ fail 1
ℹ cancelled 0
ℹ skipped 0
ℹ todo 0
ℹ duration_ms 975.821201

✖ failing tests:

test at tests/vault-knowledge.test.mjs:110:1
✖ a glow born on an animation boundary first displays frame zero before its next cursor (104.122552ms)
  AssertionError [ERR_ASSERTION]: Expected values to be strictly equal:
  
  undefined !== 0
  
      at TestContext.<anonymous> (file:///workspace/scratch/69fd8163d94e/cloud-dev-20261004/mission3-vault-hfx/tests/vault-knowledge.test.mjs:115:10)
      at Test.runInAsyncScope (node:async_hooks:227:14)
      at Test.run (node:internal/test_runner/test:1382:25)
      at Test.start (node:internal/test_runner/test:1242:17)
      at startSubtestAfterBootstrap (node:internal/test_runner/harness:387:17) {
    generatedMessage: true,
    code: 'ERR_ASSERTION',
    actual: undefined,
    expected: 0,
    operator: 'strictEqual',
    diff: 'simple'
  }
