✖ Mission 3 Temple descriptor selects the native HFX identity (90.897527ms)
✖ Mission 3 marker glow owns a saved fourteen-frame cursor on the existing animation boundary (83.475087ms)
✖ ordinary Mission 3 Vault collection preserves payout while changing only world presentation (1271.659717ms)
ℹ tests 3
ℹ suites 0
ℹ pass 0
ℹ fail 3
ℹ cancelled 0
ℹ skipped 0
ℹ todo 0
ℹ duration_ms 2337.15634

✖ failing tests:

test at tests/vault-knowledge.test.mjs:10:1
✖ Mission 3 Temple descriptor selects the native HFX identity (90.897527ms)
  AssertionError [ERR_ASSERTION]: Expected values to be strictly equal:
  
  1077 !== 1079
  
      at TestContext.<anonymous> (file:///workspace/scratch/69fd8163d94e/cloud-dev-20261004/mission3-vault-hfx/tests/vault-knowledge.test.mjs:15:10)
      at Test.runInAsyncScope (node:async_hooks:227:14)
      at Test.run (node:internal/test_runner/test:1382:25)
      at Test.start (node:internal/test_runner/test:1242:17)
      at startSubtestAfterBootstrap (node:internal/test_runner/harness:387:17) {
    generatedMessage: true,
    code: 'ERR_ASSERTION',
    actual: 1077,
    expected: 1079,
    operator: 'strictEqual',
    diff: 'simple'
  }

test at tests/vault-knowledge.test.mjs:18:1
✖ Mission 3 marker glow owns a saved fourteen-frame cursor on the existing animation boundary (83.475087ms)
  AssertionError [ERR_ASSERTION]: The expression evaluated to a falsy value:
  
    assert.ok(vault.knowledgeGlow)
  
      at TestContext.<anonymous> (file:///workspace/scratch/69fd8163d94e/cloud-dev-20261004/mission3-vault-hfx/tests/vault-knowledge.test.mjs:22:10)
      at Test.runInAsyncScope (node:async_hooks:227:14)
      at Test.run (node:internal/test_runner/test:1382:25)
      at Test.processPendingSubtests (node:internal/test_runner/test:960:18)
      at Test.postRun (node:internal/test_runner/test:1522:19)
      at Test.run (node:internal/test_runner/test:1447:12)
      at async startSubtestAfterBootstrap (node:internal/test_runner/harness:387:3) {
    generatedMessage: true,
    code: 'ERR_ASSERTION',
    actual: undefined,
    expected: true,
    operator: '==',
    diff: 'simple'
  }

test at tests/vault-knowledge.test.mjs:41:1
✖ ordinary Mission 3 Vault collection preserves payout while changing only world presentation (1271.659717ms)
  AssertionError [ERR_ASSERTION]: Expected values to be strictly deep-equal:
  + actual - expected
  
    [
  +   1077,
  +   800,
  -   1079,
  -   1072,
      82,
      6
    ]
  
      at TestContext.<anonymous> (file:///workspace/scratch/69fd8163d94e/cloud-dev-20261004/mission3-vault-hfx/tests/vault-knowledge.test.mjs:51:10)
      at Test.runInAsyncScope (node:async_hooks:227:14)
      at Test.run (node:internal/test_runner/test:1382:25)
      at Test.processPendingSubtests (node:internal/test_runner/test:960:18)
      at Test.postRun (node:internal/test_runner/test:1522:19)
      at Test.run (node:internal/test_runner/test:1447:12)
      at async Test.processPendingSubtests (node:internal/test_runner/test:960:7) {
    generatedMessage: true,
    code: 'ERR_ASSERTION',
    actual: [ 1077, 800, 82, 6 ],
    expected: [ 1079, 1072, 82, 6 ],
    operator: 'deepStrictEqual',
    diff: 'simple'
  }
