✔ Vault knowledge uses the original class-6/model-2 reward frames and socket (7.123433ms)
✔ Vault knowledge is present only while its authored reward source is active (0.161703ms)
✔ Mission 7 Vault knowledge uses occupied model-18 socket 1 placement (1.371368ms)
✔ Mission 3 Temple descriptor selects the native HFX identity (94.217473ms)
✔ Mission 3 marker glow owns a saved fourteen-frame cursor on the existing animation boundary (122.276911ms)
✖ ordinary Mission 3 Vault collection preserves payout while changing only world presentation (1395.151727ms)
✔ unrelated Vault and ordinary spell families retain their existing presentation owners (143.517464ms)
ℹ tests 7
ℹ suites 0
ℹ pass 6
ℹ fail 1
ℹ cancelled 0
ℹ skipped 0
ℹ todo 0
ℹ duration_ms 2915.809602

✖ failing tests:

test at tests/vault-knowledge.test.mjs:53:1
✖ ordinary Mission 3 Vault collection preserves payout while changing only world presentation (1395.151727ms)
  AssertionError [ERR_ASSERTION]: Expected values to be strictly deep-equal:
  + actual - expected
  
    [
  +   1077,
  -   1079,
      82,
      6
    ]
  
      at TestContext.<anonymous> (file:///workspace/scratch/69fd8163d94e/cloud-dev-20261004/mission3-vault-hfx/tests/vault-knowledge.test.mjs:81:10)
      at Test.runInAsyncScope (node:async_hooks:227:14)
      at Test.run (node:internal/test_runner/test:1382:25)
      at Test.processPendingSubtests (node:internal/test_runner/test:960:18)
      at Test.postRun (node:internal/test_runner/test:1522:19)
      at Test.run (node:internal/test_runner/test:1447:12)
      at async Test.processPendingSubtests (node:internal/test_runner/test:960:7) {
    generatedMessage: true,
    code: 'ERR_ASSERTION',
    actual: [ 1077, 82, 6 ],
    expected: [ 1079, 82, 6 ],
    operator: 'deepStrictEqual',
    diff: 'simple'
  }
