
> populous-first-dawn@0.1.0 build
> WRANGLER_LOG_PATH=.wrangler/wrangler.log vinext build


  vinext build  (Vite 8.0.13)

[1/5] analyze client references...
[2Ktransforming...✓ 272 modules transformed.
rendering chunks...
✓ built in 3.07s
[2/5] analyze server references...
[2Ktransforming...✓ 377 modules transformed.
rendering chunks...
✓ built in 1.64s
[3/5] build rsc environment...
[2Ktransforming...✓ 270 modules transformed.
rendering chunks...
computing gzip size...
✓ built in 4.13s
[4/5] build client environment...
[2Ktransforming...✓ 418 modules transformed.
rendering chunks...
computing gzip size...
✓ built in 2.91s
[5/5] build ssr environment...
[2Ktransforming...✓ 383 modules transformed.
rendering chunks...
computing gzip size...
✓ built in 2.45s
[0m
  Route (app)
  ─ ? /

  ? Unknown

  ? Some routes could not be classified. vinext currently uses static analysis
    and cannot detect dynamic API usage (headers(), cookies(), etc.) at build time.
    Automatic classification will be improved in a future release.

  Build complete. Run `vinext start` to start the production server.

