✔ G queues one shared native guard and repeat replaces it without early preparation (269.223377ms)
✔ G empty selection cancels adopted guards through the next native visit (183.777439ms)
✔ G Shaman-only selection cancels adopted guards through the next native visit (130.285968ms)
✔ native G retains the ordinary move owner and route until its deferred turn (108.965952ms)
✔ same-turn move replacement discards G before the legacy resting initializer (136.994389ms)
✔ same-turn attack replacement discards G before the legacy resting initializer (174.33504ms)
✔ same-turn worship replacement discards G before the legacy resting initializer (173.478503ms)
✔ same-turn entry replacement discards G before the legacy resting initializer (108.486561ms)
✔ pending G replacement survives pause and checkpoint (98.076382ms)
✔ pending G cancellation survives pause and checkpoint (123.932452ms)
✔ G exhaustion still clears and attaches slot zero then retries after cleanup frees a slot (127.102083ms)
✔ target entering a vehicle with inside still null completes the saved guard order (145.724674ms)
✔ ordinary Shaman Tower entry retains Guard and resolves its building outside point (139.655031ms)
✔ actual deferred G setters match native phase vector G-retain-deselect-1-3 (140.890954ms)
✔ actual deferred G setters match native phase vector G-retain-deselect-7-5 (115.195222ms)
✔ actual deferred G setters match native phase vector G-retain-deselect-0-2 (133.966288ms)
✔ protected preparation and passenger early-return retain pending ownership until actual adoption (89.578337ms)
✔ protected cancelled state10 retains ownership until its empty-queue transition really occurs (135.991742ms)
✔ death anchors to the saved Shaman in another cell before cleanup (97.714343ms)
✔ class0 anchors to the saved Shaman in another cell before cleanup (91.979165ms)
✔ vehicle anchors to the saved Shaman in another cell before cleanup (121.392835ms)
✔ cancel anchors to the saved Shaman in another cell before cleanup (150.072781ms)
✔ saved Shaman identity does not retarget when the current Shaman is replaced (194.338679ms)
✔ legacy boolean checkpoints retain their old targetless history until supported fresh input (272.277877ms)
✔ flight single selection retains the entire legacy G operation (136.926187ms)
✔ flight mixed selection retains the entire legacy G operation (122.020157ms)
✔ fight single selection retains the entire legacy G operation (80.530982ms)
✔ fight mixed selection retains the entire legacy G operation (82.626932ms)
✔ entry single selection retains the entire legacy G operation (79.039997ms)
✔ entry mixed selection retains the entire legacy G operation (110.585975ms)
✔ builder single selection retains the entire legacy G operation (122.152616ms)
✔ builder mixed selection retains the entire legacy G operation (172.357558ms)
✔ passenger single selection retains the entire legacy G operation (175.482835ms)
✔ passenger mixed selection retains the entire legacy G operation (272.652855ms)
✔ work single selection retains the entire legacy G operation (137.838627ms)
✔ work mixed selection retains the entire legacy G operation (101.256786ms)
✔ gather single selection retains the entire legacy G operation (66.299287ms)
✔ gather mixed selection retains the entire legacy G operation (121.824348ms)
✔ delivery single selection retains the entire legacy G operation (102.564146ms)
✔ delivery mixed selection retains the entire legacy G operation (71.624799ms)
✔ casting single selection retains the entire legacy G operation (79.345185ms)
✔ casting mixed selection retains the entire legacy G operation (95.834204ms)
✔ legacy single selection retains the entire legacy G operation (77.612992ms)
✔ legacy mixed selection retains the entire legacy G operation (106.938665ms)
✔ legacy path single selection retains the entire legacy G operation (127.753773ms)
✔ legacy path mixed selection retains the entire legacy G operation (157.252756ms)
✔ different route owner single selection retains the entire legacy G operation (126.663676ms)
✔ different route owner mixed selection retains the entire legacy G operation (147.024315ms)
✔ native Brave guards do not fall into legacy automatic housing while near the Shaman (169.169688ms)
✔ G replacement/cancellation have identical turn ownership at ordinary and irregular refresh schedules (187.503047ms)
✔ native G producer: shared-two-followers-repeat-and-partial-replacement / G allocates one shared command30 (14.169708ms)
✔ native G producer: shared-two-followers-repeat-and-partial-replacement / G repeats while both selected (12.782144ms)
✔ native G producer: shared-two-followers-repeat-and-partial-replacement / G replaces only selected first follower (6.097957ms)
✔ native G producer: shared-order-no-follower-selection-cancellation / G creates (0.908595ms)
✔ native G producer: shared-order-no-follower-selection-cancellation / Shaman-only G cancels both adopted guards (0.882004ms)
✔ native G producer: queued-not-adopted-no-selection / G queues (0.729085ms)
✔ native G producer: queued-not-adopted-no-selection / G without non-Shaman selection before adoption (20.31785ms)
✔ native G producer: exhausted-pool-no-old-order / G allocation fails separately for both followers (33.575829ms)
✔ native G producer: exhausted-pool-clear-frees-slot-for-later-person / first failure clears old1, later retry succeeds and third shares (1.030257ms)
✔ native G producer: last-free-slot-wrap-is-shared / G uses last free slot once (1.222676ms)
✔ native G producer: producer-selected-dead-flag / raw selected non-Shaman-pointer still receives command30 (0.773662ms)
✔ native G producer: producer-selected-protected / raw selected non-Shaman-pointer still receives command30 (6.878069ms)
✔ native G producer: producer-selected-airborne / raw selected non-Shaman-pointer still receives command30 (0.454212ms)
✔ native G producer: producer-selected-ghost / raw selected non-Shaman-pointer still receives command30 (0.389144ms)
✔ native G producer: producer-selected-removed-class / raw selected non-Shaman-pointer still receives command30 (0.417938ms)
✔ native G producer: producer-selected-other-model7 / raw selected non-Shaman-pointer still receives command30 (0.476135ms)
✔ native G producer: producer-selected-training-state21 / raw selected non-Shaman-pointer still receives command30 (0.418559ms)
✔ native G producer: vehicle-passenger-selection-retain1 / G selected passengers (0.39265ms)
✔ native G producer: absent-current-shaman-does-not-issue-or-cancel / no Shaman pointer with selected followers (0.620011ms)
✔ native G producer: absent-current-shaman-does-not-issue-or-cancel / restore Shaman and issue (1.134484ms)
✔ native G producer: absent-current-shaman-does-not-issue-or-cancel / no Shaman pointer with existing guards (2.499353ms)
✔ native G producer: stale-shaman-pointer-dead / producer still emits target73 (0.407952ms)
✔ native G producer: stale-shaman-pointer-class0 / producer still emits target73 (0.49964ms)
✔ native G producer: stale-shaman-pointer-vehicle / producer still emits target73 (1.180503ms)
✔ native G producer: saved-target-is-not-rebound-by-tribe-shaman-replacement / G targets original73 (0.402865ms)
✔ native G producer: saved-target-is-not-rebound-by-tribe-shaman-replacement / new explicit G targets replacement74 (0.440472ms)
✔ native Guard distance: near-axis0-delta-824 (0.287952ms)
✔ native Guard distance: near-axis0-delta-823 (0.055744ms)
✔ native Guard distance: near-axis0-delta823 (0.0398ms)
✔ native Guard distance: near-axis0-delta824 (0.221703ms)
✔ native Guard distance: near-axis1-delta-824 (0.047521ms)
✔ native Guard distance: near-axis1-delta-823 (0.035664ms)
✔ native Guard distance: near-axis1-delta823 (0.085979ms)
✔ native Guard distance: near-axis1-delta824 (0.048303ms)
✔ native Guard distance: signed-edge-person32767-target32768 (0.255444ms)
✔ native Guard distance: signed-edge-person32768-target32767 (0.084186ms)
✔ native Guard distance: signed-edge-person0-target32768 (0.048092ms)
✔ native Guard distance: signed-edge-person32768-target0 (0.032629ms)
✔ native Guard distance: signed-edge-person65535-target0 (0.045999ms)
✔ native Guard distance: signed-edge-person0-target65535 (0.02627ms)
✔ native Guard distance: signed-edge-person32768-target33591 (0.025839ms)
✔ native Guard distance: signed-edge-person32768-target33592 (0.025609ms)
✔ native Guard distance: signed-edge-person32768-target31945 (0.117437ms)
✔ native Guard distance: signed-edge-person32768-target31944 (0.468714ms)
✔ native Guard distance: replan-axis0-delta-440 (0.076875ms)
✔ native Guard distance: replan-axis0-delta-439 (0.035022ms)
✔ native Guard distance: replan-axis0-delta439 (0.030245ms)
✔ native Guard distance: replan-axis0-delta440 (0.026499ms)
✔ native Guard distance: replan-axis1-delta-440 (0.023615ms)
✔ native Guard distance: replan-axis1-delta-439 (0.022795ms)
✔ native Guard distance: replan-axis1-delta439 (0.023145ms)
✔ native Guard distance: replan-axis1-delta440 (0.023185ms)
✔ native Guard distance: replan-signed-edge-goal32767-target32768 (0.023385ms)
✔ native Guard distance: replan-signed-edge-goal32768-target32767 (0.022073ms)
ℹ tests 104
ℹ suites 0
ℹ pass 104
ℹ fail 0
ℹ cancelled 0
ℹ skipped 0
ℹ todo 0
ℹ duration_ms 8840.93532
