✔ review checkpoint cannot launch; malformed and infinite limits fail closed (3.777871ms)
✔ Load rewinds create new additive epochs; Continue resets only the mission subtotal (8.822433ms)
✔ M3 conversion permits its bounded remainder without resetting campaign time (0.483656ms)
✔ committed checkpoint digest and synchronous loaded projection have distinct boundaries (1.789877ms)
✔ Continue requires same store, new scene/World and current correspondence (0.754232ms)
✔ campaign completion requires exact fresh committed prefixes (0.833722ms)
✔ actual browser subscription captures once, observes replacement and never writes to the store (0.549875ms)
✔ real failed envelope may carry a verified Continue/Save boundary and all failures (1.074153ms)
✔ unknown cleanup, omitted milestones, wrong save/source and arbitrary failed saves reject (1.954164ms)
✔ actual harness cleanup override cannot be admitted as the intended retained-prefix boundary failure (2.479842ms)
✔ later terminal failures, omitted failure binding and outcome substitutions reject (2.096577ms)
✔ a clean bound mission boundary still resumes through the maintained success envelope (0.332699ms)
✔ visually unpicked ground in a registered enemy building cell is rejected as a move (52.518454ms)
✔ a genuine enabled ground move remains eligible while blocked/coastal and other contexts are rejected (36.291697ms)
✔ source-owned building lookup resolves an occupied footprint cell without mutating the world (32.54283ms)
✔ a building click requires the exact source-resolved attack target and fresh selected dispatch (20.357558ms)
✔ prospective linked Erosion keeps real scalar onset and64 adjacent visits through actual zero-counter removal (10.002795ms)
✔ late arming, prior matching effects, missing linked onset and ambiguous targets cannot fabricate Erosion proof (0.745049ms)
✔ wrong identity, target, countdown, skipped turns or early absence fail closed (4.78963ms)
✔ passive hook chains original once and never mutates world or loses observer errors (1.016226ms)
✔ unrelated combat or time cannot reset an Erosion or named-target progress deadline (0.671008ms)
✔ actual M3 simulation producer exposes shrine-linked64-turn lifecycle to the passive hook (not browser proof) (1741.892699ms)
✔ terrain evidence reads four actual packed quarter-cell bits without undefined-to-null loss (0.58629ms)
✔ actual controller identity and each finite native-center coordinate are retained through visits and removal (18.585809ms)
✔ readiness and named training ignore unrelated movement, births, combat and construction (1.433752ms)
✔ minimap inverse rejects the closest pixel hidden by a tab and never chooses a non-canvas point (10.065359ms)
✔ observer chains original exactly once with receiver, arguments and return preserved (1.310076ms)
✔ diagnostic exceptions are contained while original application exceptions remain visible (1.984899ms)
✔ reload epochs sum forward intervals without pairing across a rewind (0.343165ms)
✔ exact conversion requires adjacent turns, singleton matching and no diagnostic errors (0.834963ms)
✔ ordinary death or polling gaps do not satisfy conversion (0.965339ms)
✔ required sermon actors fail fast while completed conversion and unrelated lifecycles remain valid (0.908554ms)
✔ sermon approach anchor is prospective, conservative and deterministic (3.424009ms)
✔ anchor tactic excludes nearby specialists with logged distances and never silently widens (1.143136ms)
✔ a declared pool locks the first actual owned sermon and preserves a same-turn ID tie (1.560583ms)
✔ sermon policy cannot be armed after an owned listener or a conversion already exists (0.382895ms)
✔ an idle Preacher timer is not progress toward a housed candidate (0.381893ms)
✔ prospective sermon approaches stay in the actual ordinary native cell square (0.176565ms)
✔ progress ignores turn-only changes but retains training mana and sermon timer (0.511918ms)
✔ null, undefined and hostile diagnostic exceptions cannot escape afterTurn (0.456385ms)
✔ building snapshots copy real admission occupancy and queue data (0.271737ms)
✔ budget stops have an explicit incomplete classification, not a gameplay assertion (0.149425ms)
✔ authored identity follows only the reviewed imported allocation prefix, not current position (1.405019ms)
✔ entity order evidence rejects missed input and separately labels an existing assignment (1.213061ms)
✔ ground input evidence correlates the requested point, new marker and actual recipient (0.888984ms)
✔ an actually observed owned marker survives expiry as dispatch-correlated evidence (1.05938ms)
✔ marker history requires actual secondary ownership and retains a bounded cursor window (5.735479ms)
✔ construction progress includes assigned workers while delivered logs remain unchanged (0.340561ms)
✔ wall-clock stalls and active budget stops are incomplete; defeat is terminal failure (0.294232ms)
✔ the shared batch/wait/catch status guard makes every observed defeat terminal (0.49972ms)
✔ escort preparation has900 active seconds while the whole journey stays within2400 (0.240481ms)
✔ a newly satisfied condition cannot bypass the current resource envelope (0.284868ms)
✔ only the exact next owned sole stop is exposed; ordinary and later commands stay untouched; malformed inputs fail closed (16.732807ms)
✔ queued control rejects symlink, hardlink, oversized files and invalid current-run boundaries (1.043526ms)
✔ all bounded host polls check a queued stop before the first predicate and between samples (2.235976ms)
✔ actual active-condition wait services preservation before diagnostics, health, budget or objective (5.558164ms)
✔ actual active-batch stop records bytes/hash/current run and terminates mixed or changed inputs (15.212395ms)
✔ actual already-present and active-wait controls share authentication and terminal preservation on failure (10.48563ms)
✔ a queued stop during a pending Save is recorded but deferred until actual committed identity is known (0.786982ms)
✔ active command-error handler cannot swallow an invalid preserving request and dispatch another action (0.358849ms)
✔ actual Save readback commits protectedLatest before servicing its deferred preserving stop (1.180612ms)
✔ actual flyby, camera, dispatch and victory polling route through preserving control before browser predicates (2.332641ms)
✔ preserving Pause can run before diagnostic binding and never invents missing UI state (0.435804ms)
✔ carried source modules match their exact historical objects and current test bytes (60.642879ms)
✔ reuse inventory identifies exact unchanged and adapted scenario sections (18.210416ms)
✔ current candidate carries the accepted application subtree and unchanged maintained profile harness (26.913099ms)
✔ complete campaign accepts independently scoped mission proof sequences (1.293832ms)
✔ earlier mission camp, training, checkpoint and victory cannot satisfy the next mission (1.566822ms)
✔ unscoped and wrong-level records cannot be silently relabelled (0.307722ms)
✔ duplicate and out-of-order required proof remains failed (0.338949ms)
✔ checkpoint, victory and protected Mission 3 names require their real wrappers (0.797076ms)
✔ bridge gates require accepted ordinary casts or the actual linked shrine use (1.19234ms)
✔ arbitrary names and mutation cannot change the finite marking surface (0.45343ms)
✔ prospectively observed Erosion onset is optional metadata before retirement proof (0.473361ms)
✔ actual Continue path disposes the old epoch, clicks Continue and rebinds before any new mission input (5.873266ms)
✔ actual Save/Load wrapper clicks ordinary Pause before binding/import/digest work and validates actual stored identity (5.519886ms)
✔ actual progress adapter rejects unscoped combat and ignores unrelated watch IDs (0.945139ms)
✔ disabled source checkpoint rejects scenario import before the harness may launch (6.684714ms)
✔ actual victory matcher and Continue dispatch match the complete current JSX accessible name (3.613474ms)
✔ actual named-effect routing reaches the retained handler and excludes unrelated effects (1.682625ms)
✔ actual Continue/Save producer binds the exact deliberate error that reaches the terminal harness (1.869856ms)
ℹ tests 81
ℹ suites 0
ℹ pass 81
ℹ fail 0
ℹ cancelled 0
ℹ skipped 0
ℹ todo 0
ℹ duration_ms 2594.167819
