✔ review checkpoint cannot launch; malformed and infinite limits fail closed (4.444784ms)
✔ Load rewinds create new additive epochs; Continue resets only the mission subtotal (11.365303ms)
✔ M3 conversion permits its bounded remainder without resetting campaign time (0.693451ms)
✔ committed checkpoint digest and synchronous loaded projection have distinct boundaries (1.764089ms)
✔ Continue requires same store, new scene/World and current correspondence (0.736416ms)
✔ campaign completion requires exact fresh committed prefixes (0.753842ms)
✔ actual browser subscription captures once, observes replacement and never writes to the store (0.644968ms)
✔ real failed envelope may carry a verified Continue/Save boundary and all failures (0.929996ms)
✔ unknown cleanup, omitted milestones, wrong save/source and arbitrary failed saves reject (2.883049ms)
✔ visually unpicked ground in a registered enemy building cell is rejected as a move (51.933238ms)
✔ a genuine enabled ground move remains eligible while blocked/coastal and other contexts are rejected (39.561905ms)
✔ source-owned building lookup resolves an occupied footprint cell without mutating the world (48.257885ms)
✔ a building click requires the exact source-resolved attack target and fresh selected dispatch (27.869722ms)
✔ prospective linked Erosion keeps real scalar onset and64 adjacent visits through actual zero-counter removal (11.655919ms)
✔ late arming, prior matching effects, missing linked onset and ambiguous targets cannot fabricate Erosion proof (0.835965ms)
✔ wrong identity, target, countdown, skipped turns or early absence fail closed (3.474687ms)
✔ passive hook chains original once and never mutates world or loses observer errors (0.924197ms)
✔ unrelated combat or time cannot reset an Erosion or named-target progress deadline (0.429585ms)
✔ actual M3 simulation producer exposes shrine-linked64-turn lifecycle to the passive hook (not browser proof) (1796.039392ms)
✔ terrain evidence reads four actual packed quarter-cell bits without undefined-to-null loss (0.651147ms)
✔ actual controller identity and each finite native-center coordinate are retained through visits and removal (37.611156ms)
✔ readiness and named training ignore unrelated movement, births, combat and construction (1.931139ms)
✔ minimap inverse rejects the closest pixel hidden by a tab and never chooses a non-canvas point (2.207474ms)
✔ observer chains original exactly once with receiver, arguments and return preserved (0.73263ms)
✔ diagnostic exceptions are contained while original application exceptions remain visible (0.849234ms)
✔ reload epochs sum forward intervals without pairing across a rewind (0.445899ms)
✔ exact conversion requires adjacent turns, singleton matching and no diagnostic errors (0.8654ms)
✔ ordinary death or polling gaps do not satisfy conversion (0.249324ms)
✔ required sermon actors fail fast while completed conversion and unrelated lifecycles remain valid (0.557958ms)
✔ sermon approach anchor is prospective, conservative and deterministic (2.126923ms)
✔ anchor tactic excludes nearby specialists with logged distances and never silently widens (1.417769ms)
✔ a declared pool locks the first actual owned sermon and preserves a same-turn ID tie (1.193832ms)
✔ sermon policy cannot be armed after an owned listener or a conversion already exists (0.213641ms)
✔ an idle Preacher timer is not progress toward a housed candidate (0.298498ms)
✔ prospective sermon approaches stay in the actual ordinary native cell square (0.162664ms)
✔ progress ignores turn-only changes but retains training mana and sermon timer (0.261233ms)
✔ null, undefined and hostile diagnostic exceptions cannot escape afterTurn (0.283485ms)
✔ building snapshots copy real admission occupancy and queue data (0.198438ms)
✔ budget stops have an explicit incomplete classification, not a gameplay assertion (0.258889ms)
✔ authored identity follows only the reviewed imported allocation prefix, not current position (1.473342ms)
✔ entity order evidence rejects missed input and separately labels an existing assignment (0.384207ms)
✔ ground input evidence correlates the requested point, new marker and actual recipient (0.35923ms)
✔ an actually observed owned marker survives expiry as dispatch-correlated evidence (0.723326ms)
✔ marker history requires actual secondary ownership and retains a bounded cursor window (4.796682ms)
✔ construction progress includes assigned workers while delivered logs remain unchanged (0.265338ms)
✔ wall-clock stalls and active budget stops are incomplete; defeat is terminal failure (0.206009ms)
✔ the shared batch/wait/catch status guard makes every observed defeat terminal (3.685453ms)
✔ escort preparation has900 active seconds while the whole journey stays within2400 (0.459229ms)
✔ a newly satisfied condition cannot bypass the current resource envelope (2.113484ms)
✔ only the exact next owned sole stop is exposed; ordinary and later commands stay untouched; malformed inputs fail closed (3.892604ms)
✔ queued control rejects symlink, hardlink, oversized files and invalid current-run boundaries (1.148163ms)
✔ all bounded host polls check a queued stop before the first predicate and between samples (1.627864ms)
✔ actual active-condition wait services preservation before diagnostics, health, budget or objective (1.588935ms)
✔ actual active-batch stop records bytes/hash/current run and terminates mixed or changed inputs (8.073781ms)
✔ actual already-present and active-wait controls share authentication and terminal preservation on failure (11.635258ms)
✔ a queued stop during a pending Save is recorded but deferred until actual committed identity is known (0.856867ms)
✔ active command-error handler cannot swallow an invalid preserving request and dispatch another action (0.251237ms)
✔ actual Save readback commits protectedLatest before servicing its deferred preserving stop (0.796776ms)
✔ actual flyby, camera, dispatch and victory polling route through preserving control before browser predicates (3.511472ms)
✔ preserving Pause can run before diagnostic binding and never invents missing UI state (0.3131ms)
✔ carried source modules match their exact historical objects and current test bytes (44.253113ms)
✔ reuse inventory identifies exact unchanged and adapted scenario sections (5.258219ms)
✔ current candidate carries the accepted application subtree and unchanged maintained profile harness (24.28873ms)
✔ complete campaign accepts independently scoped mission proof sequences (3.194586ms)
✔ earlier mission camp, training, checkpoint and victory cannot satisfy the next mission (1.434143ms)
✔ unscoped and wrong-level records cannot be silently relabelled (0.475044ms)
✔ duplicate and out-of-order required proof remains failed (2.57799ms)
✔ checkpoint, victory and protected Mission 3 names require their real wrappers (0.929325ms)
✔ bridge gates require accepted ordinary casts or the actual linked shrine use (1.521133ms)
✔ arbitrary names and mutation cannot change the finite marking surface (0.388754ms)
✔ prospectively observed Erosion onset is optional metadata before retirement proof (0.371397ms)
✔ actual Continue path disposes the old epoch, clicks Continue and rebinds before any new mission input (9.357799ms)
✔ actual Save/Load wrapper clicks ordinary Pause before binding/import/digest work and validates actual stored identity (3.162067ms)
✔ actual progress adapter rejects unscoped combat and ignores unrelated watch IDs (0.870698ms)
✔ disabled source checkpoint rejects scenario import before the harness may launch (10.143879ms)
ℹ tests 75
ℹ suites 0
ℹ pass 75
ℹ fail 0
ℹ cancelled 0
ℹ skipped 0
ℹ todo 0
ℹ duration_ms 2626.479038
