✔ Mission3 recruitment preserves original common-origin-control (1.385122ms)
✖ Mission3 recruitment preserves original no-base-authored-coordinates (3.530866ms)
✖ Mission3 recruitment preserves original established-base-distinct (1.263041ms)
✖ Mission3 recruitment retains a valid established base at cell zero (0.680318ms)
ℹ tests 4
ℹ suites 0
ℹ pass 1
ℹ fail 3
ℹ cancelled 0
ℹ skipped 0
ℹ todo 0
ℹ duration_ms 3098.702578

✖ failing tests:

test at tests/mission3-raid-recruitment.test.mjs:54:3
✖ Mission3 recruitment preserves original no-base-authored-coordinates (3.530866ms)
  AssertionError [ERR_ASSERTION]: Expected values to be strictly deep-equal:
  + actual - expected
  ... Skipped lines
  
    {
      count: 3,
      flags3: [
        {
          id: 301,
  +       value: 3
  -       value: 2
        },
        {
          id: 302,
          value: 2
        },
  ...
          id: 306,
  +       value: 2
  -       value: 3
        },
        {
          id: 307,
          value: 3
        }
      ],
      ids: [
  +     306,
  -     301,
        302,
        303
      ],
      ranks: [
        {
  +       distance: 34,
  +       id: 306
  -       distance: 2,
  -       id: 301
        },
        {
  +       distance: 36,
  -       distance: 2,
          id: 302
        },
        {
  +       distance: 38,
  -       distance: 4,
          id: 303
        }
      ],
      rng: 305419896,
      selector: {
  ...
        model: 2,
  +     origin: 25852,
  -     origin: 24794,
        requested: 3,
        target: -1
      },
      task: {
        cursor: 1,
  
      at TestContext.<anonymous> (file:///workspace/scratch/69fd8163d94e/cloud-dev-20261004/mission3-raid-recruitment-20261006/tests/mission3-raid-recruitment.test.mjs:56:12)
      at Test.runInAsyncScope (node:async_hooks:227:14)
      at Test.run (node:internal/test_runner/test:1382:25)
      at Test.processPendingSubtests (node:internal/test_runner/test:960:18)
      at Test.postRun (node:internal/test_runner/test:1522:19)
      at Test.run (node:internal/test_runner/test:1447:12)
      at async startSubtestAfterBootstrap (node:internal/test_runner/harness:387:3) {
    generatedMessage: true,
    code: 'ERR_ASSERTION',
    actual: {
      selector: { model: 2, alternative: 2, target: -1, mode: 1, origin: 25852, flags: 7, requested: 3 },
      count: 3,
      ids: [ 306, 302, 303 ],
      ranks: [ [Object], [Object], [Object] ],
      flags3: [
        [Object], [Object],
        [Object], [Object],
        [Object], [Object],
        [Object]
      ],
      task: { type: 20, phase: 3, selected: 0, cursor: 1, requested: 3, quotas: [Array], flags: 1, entity: 0 },
      rng: 305419896
    },
    expected: {
      selector: { model: 2, alternative: 2, target: -1, mode: 1, origin: 24794, flags: 7, requested: 3 },
      count: 3,
      ids: [ 301, 302, 303 ],
      ranks: [ [Object], [Object], [Object] ],
      flags3: [
        [Object], [Object],
        [Object], [Object],
        [Object], [Object],
        [Object]
      ],
      task: { type: 20, phase: 3, selected: 0, cursor: 1, requested: 3, quotas: [Array], flags: 1, entity: 0 },
      rng: 305419896
    },
    operator: 'deepStrictEqual',
    diff: 'simple'
  }

test at tests/mission3-raid-recruitment.test.mjs:54:3
✖ Mission3 recruitment preserves original established-base-distinct (1.263041ms)
  AssertionError [ERR_ASSERTION]: Expected values to be strictly deep-equal:
  + actual - expected
  ... Skipped lines
  
    {
      count: 3,
      flags3: [
        {
          id: 301,
  +       value: 3
  -       value: 2
        },
        {
          id: 302,
  +       value: 2
  -       value: 3
        },
        {
          id: 303,
  +       value: 2
  -       value: 3
        },
        {
          id: 304,
  +       value: 3
  -       value: 2
        },
        {
          id: 305,
  +       value: 3
  -       value: 2
        },
        {
          id: 306,
  +       value: 2
  -       value: 3
        },
        {
          id: 307,
          value: 3
        }
      ],
      ids: [
  +     306,
  +     302,
  +     303
  -     305,
  -     301,
  -     304
      ],
      ranks: [
        {
  +       distance: 34,
  +       id: 306
  -       distance: 0,
  -       id: 305
        },
        {
  +       distance: 36,
  +       id: 302
  -       distance: 2,
  -       id: 301
        },
        {
  +       distance: 38,
  +       id: 303
  -       distance: 4,
  -       id: 304
        }
      ],
      rng: 305419896,
      selector: {
        alternative: 2,
  ...
        model: 2,
  +     origin: 25852,
  -     origin: 25304,
        requested: 3,
        target: -1
      },
      task: {
        cursor: 1,
  
      at TestContext.<anonymous> (file:///workspace/scratch/69fd8163d94e/cloud-dev-20261004/mission3-raid-recruitment-20261006/tests/mission3-raid-recruitment.test.mjs:56:12)
      at Test.runInAsyncScope (node:async_hooks:227:14)
      at Test.run (node:internal/test_runner/test:1382:25)
      at Test.processPendingSubtests (node:internal/test_runner/test:960:18)
      at Test.postRun (node:internal/test_runner/test:1522:19)
      at Test.run (node:internal/test_runner/test:1447:12)
      at async Test.processPendingSubtests (node:internal/test_runner/test:960:7) {
    generatedMessage: true,
    code: 'ERR_ASSERTION',
    actual: {
      selector: { model: 2, alternative: 2, target: -1, mode: 1, origin: 25852, flags: 7, requested: 3 },
      count: 3,
      ids: [ 306, 302, 303 ],
      ranks: [ [Object], [Object], [Object] ],
      flags3: [
        [Object], [Object],
        [Object], [Object],
        [Object], [Object],
        [Object]
      ],
      task: { type: 20, phase: 3, selected: 0, cursor: 1, requested: 3, quotas: [Array], flags: 1, entity: 0 },
      rng: 305419896
    },
    expected: {
      selector: { model: 2, alternative: 2, target: -1, mode: 1, origin: 25304, flags: 7, requested: 3 },
      count: 3,
      ids: [ 305, 301, 304 ],
      ranks: [ [Object], [Object], [Object] ],
      flags3: [
        [Object], [Object],
        [Object], [Object],
        [Object], [Object],
        [Object]
      ],
      task: { type: 20, phase: 3, selected: 0, cursor: 1, requested: 3, quotas: [Array], flags: 1, entity: 0 },
      rng: 305419896
    },
    operator: 'deepStrictEqual',
    diff: 'simple'
  }

test at tests/mission3-raid-recruitment.test.mjs:62:1
✖ Mission3 recruitment retains a valid established base at cell zero (0.680318ms)
  AssertionError [ERR_ASSERTION]: Expected values to be strictly equal:
  
  25852 !== 0
  
      at TestContext.<anonymous> (file:///workspace/scratch/69fd8163d94e/cloud-dev-20261004/mission3-raid-recruitment-20261006/tests/mission3-raid-recruitment.test.mjs:64:10)
      at Test.runInAsyncScope (node:async_hooks:227:14)
      at Test.run (node:internal/test_runner/test:1382:25)
      at Test.processPendingSubtests (node:internal/test_runner/test:960:18)
      at Test.postRun (node:internal/test_runner/test:1522:19)
      at Test.run (node:internal/test_runner/test:1447:12)
      at async Test.processPendingSubtests (node:internal/test_runner/test:960:7) {
    generatedMessage: true,
    code: 'ERR_ASSERTION',
    actual: 25852,
    expected: 0,
    operator: 'strictEqual',
    diff: 'simple'
  }
