✖ live Tornado releases one loose log at the damaged building before debris allocation (106.209537ms)
✖ live Tornado reuses plan work and retires exhausted buildings through normal turn cleanup (54.229035ms)
✔ live Tornado leaves protected, rejected, unactivated and retired buildings alone (119.466426ms)
ℹ tests 3
ℹ suites 0
ℹ pass 1
ℹ fail 2
ℹ cancelled 0
ℹ skipped 0
ℹ todo 0
ℹ duration_ms 1180.454538

✖ failing tests:

test at tests/tornado-building-wood.test.mjs:53:1
✖ live Tornado releases one loose log at the damaged building before debris allocation (106.209537ms)
  AssertionError [ERR_ASSERTION]: Expected values to be strictly deep-equal:
  + actual - expected
  ... Skipped lines
  
    [
      {
        id: 40,
        logs: 2,
        model: 11,
  ...
      },
  -   {
  -     id: 41,
  -     logs: 1,
  -     model: 11,
  -     x: 0.9296875,
  -     z: 7.0546875
  -   }
    ]
  
      at TestContext.<anonymous> (file:///workspace/scratch/69fd8163d94e/tornado-class2-wood-20261010/tests/tornado-building-wood.test.mjs:63:10)
      at Test.runInAsyncScope (node:async_hooks:227:14)
      at Test.run (node:internal/test_runner/test:1382:25)
      at Test.start (node:internal/test_runner/test:1242:17)
      at startSubtestAfterBootstrap (node:internal/test_runner/harness:387:17) {
    generatedMessage: true,
    code: 'ERR_ASSERTION',
    actual: [ { id: 40, x: 40, z: 40, model: 11, logs: 2 } ],
    expected: [ { id: 40, x: 40, z: 40, model: 11, logs: 2 }, { id: 41, x: 0.9296875, z: 7.0546875, logs: 1, model: 11 } ],
    operator: 'deepStrictEqual',
    diff: 'simple'
  }

test at tests/tornado-building-wood.test.mjs:80:1
✖ live Tornado reuses plan work and retires exhausted buildings through normal turn cleanup (54.229035ms)
  AssertionError [ERR_ASSERTION]: Expected values to be strictly equal:
  
  0 !== 1
  
      at TestContext.<anonymous> (file:///workspace/scratch/69fd8163d94e/tornado-class2-wood-20261010/tests/tornado-building-wood.test.mjs:93:12)
      at Test.runInAsyncScope (node:async_hooks:227:14)
      at Test.run (node:internal/test_runner/test:1382:25)
      at Test.processPendingSubtests (node:internal/test_runner/test:960:18)
      at Test.postRun (node:internal/test_runner/test:1522:19)
      at Test.run (node:internal/test_runner/test:1447:12)
      at async startSubtestAfterBootstrap (node:internal/test_runner/harness:387:3) {
    generatedMessage: true,
    code: 'ERR_ASSERTION',
    actual: 0,
    expected: 1,
    operator: 'strictEqual',
    diff: 'simple'
  }
