[33m▲ [43;33m[[43;30mWARNING[43;33m][0m [1mProxy environment variables detected. We'll use your proxy for fetch requests.[0m


2:39:30 PM [vite] (rsc) Re-optimizing dependencies because vite config has changed
2:39:30 PM [vite] (ssr) Re-optimizing dependencies because vite config has changed
2:39:38 PM [vite] (client) Re-optimizing dependencies because vite config has changed

  VITE v8.0.13  ready in 10409 ms

  ➜  Local:   http://127.0.0.1:4318/
 GET / 200 in 660ms (compile: 1791225568.6s, render: 629ms)
 GET / 200 in 70ms (compile: 1791225568.5s, render: 52ms)
 GET / 200 in 111ms (compile: 1791225568.6s, render: 67ms)
2:39:58 PM [vite] (client) [console.warn] THREE.WebGLRenderer: Texture marked for update but no image data found.
2:39:58 PM [vite] (client) [console.warn] THREE.WebGLRenderer: Texture marked for update but no image data found.
 GET / 200 in 85ms (compile: 1791225568.6s, render: 63ms)
2:40:15 PM [vite] (client) [console.warn] THREE.WebGLRenderer: Texture marked for update but no image data found.
2:40:15 PM [vite] (client) [console.warn] THREE.WebGLRenderer: Texture marked for update but no image data found.
2:40:15 PM [vite] (client) [console.warn] THREE.WebGLRenderer: Texture marked for update but no image data found.
2:40:15 PM [vite] (client) [console.warn] THREE.WebGLRenderer: Texture marked for update but no image data found.
2:40:15 PM [vite] (client) [console.warn] THREE.WebGLRenderer: Texture marked for update but no image data found.
2:40:15 PM [vite] (client) [console.warn] THREE.WebGLRenderer: Texture marked for update but no image data found.
2:40:15 PM [vite] (client) [console.warn] THREE.WebGLRenderer: Texture marked for update but no image data found.
2:40:15 PM [vite] (client) [console.warn] THREE.WebGLRenderer: Texture marked for update but no image data found.
2:40:15 PM [vite] (client) [console.warn] THREE.WebGLRenderer: Texture marked for update but no image data found.
2:40:16 PM [vite] (client) [console.warn] THREE.WebGLRenderer: Texture marked for update but no image data found.
2:40:16 PM [vite] (client) [console.warn] THREE.WebGLRenderer: Texture marked for update but no image data found.
2:40:16 PM [vite] (client) [console.warn] THREE.WebGLRenderer: Texture marked for update but no image data found.
2:40:16 PM [vite] (client) [console.warn] THREE.WebGLRenderer: Texture marked for update but no image data found.
2:40:16 PM [vite] (client) [console.warn] THREE.WebGLRenderer: Texture marked for update but no image data found.
2:40:16 PM [vite] (client) [console.warn] THREE.WebGLRenderer: Texture marked for update but no image data found.
2:40:16 PM [vite] (client) [console.warn] THREE.WebGLRenderer: Texture marked for update but no image data found.
2:40:16 PM [vite] (client) [console.warn] THREE.WebGLRenderer: Texture marked for update but no image data found.
2:40:16 PM [vite] (client) [console.warn] THREE.WebGLRenderer: Texture marked for update but no image data found.
  ➜  Tunnel closed
