✔ original priming consumes no elapsed progress; each frame stops before batch overshoot (1.860753ms)
✔ separate calls continue from the original previous timestamp without re-priming (0.264306ms)
✔ a promise is never accepted as a truthy readiness predicate (0.627893ms)
✔ frame and object-turn exhaustion fail without extending a goal (0.323476ms)
✔ an explicitly bounded coastal position attempt can return unmet without hiding its limit (0.15998ms)
✔ abort and Scene/World replacement are detected across browser-task yields (0.612038ms)
✔ normal speed, unpaused commands, positive finite deltas and wall bound stay mandatory (0.504597ms)
✔ original-frame failures propagate without another step (0.189394ms)
✔ unexpected automatic elapsed frames during a yield are rejected (0.279129ms)
✔ Markdown sections retain ancestry, repetitions, CRLF boundaries, and ignore fenced headings (2.987043ms)
✔ manifest validation accepts reviewed data and rejects duplicate IDs, missing paths, invalid parity references, and unsafe paths (60.368181ms)
✔ index is deterministic, clean without a cache, ignored when written, and regenerates after source changes (117.44925ms)
✔ index and context reject an indexed source symlink that escapes the repository (69.50817ms)
✔ repository validation requires one current top-level execution-order heading (32.251985ms)
✔ context returns bounded provenance, limitations, checks, and visible source truncation (51.92304ms)
✔ context output saves current JSON and rejects silent option mistakes (71.311939ms)
✔ preparation is independent of retired local status state (47.158539ms)
✔ native research packets grant only a contract-allowed ignored scratch directory (79.217344ms)
✔ role context carries a validated bounded assignment and explicit overflow (156.547591ms)
✔ reviewer context fingerprints the actual dirty, renamed, deleted, and untracked inputs (93.628785ms)
✔ real mapped evidence excerpts retain their material performance boundaries (3003.53346ms)
✔ Shaman appearance context keeps its complete checks and evidence within the default budget (853.266232ms)
✔ Followers task context retains complete checks without bloating selection context (407.223614ms)
✔ plan handles cross-cutting edits, renames, deletions, untracked and unsafe inputs without executing checks (50.648139ms)
✔ audit distinguishes baseline edits and reports out-of-scope, generated, input, untracked, and stale verification changes (73.774816ms)
✔ audit reports a pre-existing baseline change that disappears (48.648348ms)
✔ audit requires exactly one result for every required check (48.253826ms)
✔ blocked verification cannot masquerade as passing and passed results require evidence (42.13376ms)
✔ game server rejects an invalid isolated port (0.453731ms)
✔ preparation captures real baseline and hashes, validates intent, and refuses overwrite (132.695317ms)
✔ verification persists completed checks across interruption and replaces old passes at startup (64.377576ms)
✔ verification replaces a required receipt invalidated by a changed check definition (51.825547ms)
✔ reviewed aggregate coverage executes once, fingerprints covered inputs, and fails closed on script drift (172.736935ms)
✔ orchestration-tests receipts become stale when worker configuration changes (119.06613ms)
✔ repository-check receipts become stale when worker configuration changes (140.780611ms)
✔ verification runs only safe contract checks, records blocking, and detects mutations (244.517874ms)
✔ first and second actual presentation visits display 0 then 1, not 1 then 2 (780.665532ms)
✔ normal processed phases reset, loop independently of simulation, then freeze and hide (177.654771ms)
✔ new checkpoints retain shown/next frames; legacy checkpoints start at a bounded deterministic frame (76.568739ms)
✔ pause and native land-pause freeze the latch as well as the counter (10.711067ms)
✔ render schedules and effect-only animation cannot change gameplay, either RNG or respawn (2664.092965ms)
✔ ordinary combat death finishes existing wait and respawn without a duplicate effect (188.608978ms)
✔ ordinary Shaman phase1 follows both rising and lowering death-site ground (776.118891ms)
✔ the last processed phase1 sample survives checkpoint, transition and rise (160.679267ms)
✔ phase0 retains the death height until the first processed phase1 visit (9.84725ms)
✔ a direct drowning-entry fixture rises from its initial height without phase1 resampling (7.01523ms)
✔ model-12 rise freezes the last original spirit frame for all tribes and bearings (1.885571ms)
✔ death-site visibility follows the existing land and drowning lifecycles without changing them (56.328318ms)
✔ earlier body/transition poses retain their existing renderer behavior (0.323536ms)
✔ the live caller applies the bounded presentation only to model-12 reincarnation effects (0.770446ms)
ℹ tests 50
ℹ suites 0
ℹ pass 50
ℹ fail 0
ℹ cancelled 0
ℹ skipped 0
ℹ todo 0
ℹ duration_ms 6370.966144
