✔ authored origins survive initialization for all five currently live campaign bridge heads (490.519824ms)
✖ ordinary Mission 2 worship creates the authored crossing and every live terrain turn matches it (962.573542ms)
✖ legacy migration recovers only missing immutable origins without replaying active terrain (716.612428ms)
✖ component checkpoint preserves authored birth caches when sampled terrain changes before the next visit (479.332884ms)
✖ pre-activation legacy save and mid-bridge checkpoint continue once at the authored origin (649.595641ms)
ℹ tests 5
ℹ suites 0
ℹ pass 1
ℹ fail 4
ℹ cancelled 0
ℹ skipped 0
ℹ todo 0
ℹ duration_ms 4205.966977

✖ failing tests:

test at tests/authored-bridges.test.mjs:47:1
✖ ordinary Mission 2 worship creates the authored crossing and every live terrain turn matches it (962.573542ms)
  AssertionError [ERR_ASSERTION]: The authored producer owns the initialization visit
  
  0 !== 1
  
      at TestContext.<anonymous> (file:///workspace/scratch/69fd8163d94e/cloud-dev-20261004/authored-bridge-initialization/tests/authored-bridges.test.mjs:59:10)
      at Test.runInAsyncScope (node:async_hooks:227:14)
      at Test.run (node:internal/test_runner/test:1382:25)
      at Test.processPendingSubtests (node:internal/test_runner/test:960:18)
      at Test.postRun (node:internal/test_runner/test:1522:19)
      at Test.run (node:internal/test_runner/test:1447:12)
      at async startSubtestAfterBootstrap (node:internal/test_runner/harness:387:3) {
    generatedMessage: false,
    code: 'ERR_ASSERTION',
    actual: 0,
    expected: 1,
    operator: 'strictEqual',
    diff: 'simple'
  }

test at tests/authored-bridges.test.mjs:88:1
✖ legacy migration recovers only missing immutable origins without replaying active terrain (716.612428ms)
  AssertionError [ERR_ASSERTION]: Expected values to be strictly equal:
  
  12 !== 13
  
      at TestContext.<anonymous> (file:///workspace/scratch/69fd8163d94e/cloud-dev-20261004/authored-bridge-initialization/tests/authored-bridges.test.mjs:104:10)
      at Test.runInAsyncScope (node:async_hooks:227:14)
      at Test.run (node:internal/test_runner/test:1382:25)
      at Test.processPendingSubtests (node:internal/test_runner/test:960:18)
      at Test.postRun (node:internal/test_runner/test:1522:19)
      at Test.run (node:internal/test_runner/test:1447:12)
      at async Test.processPendingSubtests (node:internal/test_runner/test:960:7) {
    generatedMessage: true,
    code: 'ERR_ASSERTION',
    actual: 12,
    expected: 13,
    operator: 'strictEqual',
    diff: 'simple'
  }

test at tests/authored-bridges.test.mjs:107:1
✖ component checkpoint preserves authored birth caches when sampled terrain changes before the next visit (479.332884ms)
  AssertionError [ERR_ASSERTION]: Expected values to be strictly equal:
  
  0 !== 1
  
      at TestContext.<anonymous> (file:///workspace/scratch/69fd8163d94e/cloud-dev-20261004/authored-bridge-initialization/tests/authored-bridges.test.mjs:112:10)
      at Test.runInAsyncScope (node:async_hooks:227:14)
      at Test.run (node:internal/test_runner/test:1382:25)
      at Test.processPendingSubtests (node:internal/test_runner/test:960:18)
      at Test.postRun (node:internal/test_runner/test:1522:19)
      at Test.run (node:internal/test_runner/test:1447:12)
      at async Test.processPendingSubtests (node:internal/test_runner/test:960:7) {
    generatedMessage: true,
    code: 'ERR_ASSERTION',
    actual: 0,
    expected: 1,
    operator: 'strictEqual',
    diff: 'simple'
  }

test at tests/authored-bridges.test.mjs:135:1
✖ pre-activation legacy save and mid-bridge checkpoint continue once at the authored origin (649.595641ms)
  AssertionError [ERR_ASSERTION]: Expected values to be strictly equal:
  
  0 !== 1
  
      at TestContext.<anonymous> (file:///workspace/scratch/69fd8163d94e/cloud-dev-20261004/authored-bridge-initialization/tests/authored-bridges.test.mjs:145:10)
      at async Test.run (node:internal/test_runner/test:1389:7)
      at async Test.processPendingSubtests (node:internal/test_runner/test:960:7) {
    generatedMessage: true,
    code: 'ERR_ASSERTION',
    actual: 0,
    expected: 1,
    operator: 'strictEqual',
    diff: 'simple'
  }
