✔ disabled policy and malformed or infinite limits fail closed (5.66548ms)
✔ Load rewinds create new additive epochs; Continue resets only the mission subtotal (6.852952ms)
✔ M3 conversion permits its bounded remainder without resetting campaign time (0.449534ms)
✔ committed checkpoint digest and synchronous loaded projection have distinct boundaries (1.096234ms)
✔ Continue requires same store, new scene/World and current correspondence (0.727963ms)
✔ campaign completion requires exact fresh committed prefixes (3.433562ms)
✔ actual browser subscription captures once, observes replacement and never writes to the store (0.545118ms)
✔ real failed envelope may carry a verified Continue/Save boundary and all failures (1.378869ms)
✔ unknown cleanup, omitted milestones, wrong save/source and arbitrary failed saves reject (2.890867ms)
✔ actual harness cleanup override cannot be admitted as the intended retained-prefix boundary failure (0.874042ms)
✔ later terminal failures, omitted failure binding and outcome substitutions reject (0.693651ms)
✔ a clean bound mission boundary still resumes through the maintained success envelope (0.291377ms)
✔ visually unpicked ground in a registered enemy building cell is rejected as a move (82.620491ms)
✔ a genuine enabled ground move remains eligible while blocked/coastal and other contexts are rejected (61.415286ms)
✔ source-owned building lookup resolves an occupied footprint cell without mutating the world (55.410907ms)
✔ a building click requires the exact source-resolved attack target and fresh selected dispatch (35.318812ms)
✔ integer interior selection rejects a fractional edge and competing canvas pixels (1.590917ms)
✔ context diagnostics reject a disabled or substituted target and retain observation turn (0.320511ms)
✔ actual entityHit chooses an integer interior point using the current picker and canvas ownership (1.578228ms)
✔ actual clickOrder rejects stale or disabled entity input after the before-state read, and accepts a fresh target (1.264468ms)
✔ delivered pointer observation calls each original picker once, preserves its result and restores all wrappers (0.655193ms)
✔ pointer observation preserves a thrown original error and still restores wrappers (0.256384ms)
✔ actual entity preparation rejects disabled context before any final picker and rejects a stale final target (1.971998ms)
✔ actual delivery and finalizer bodies preserve the original partial-click error and retain a separate cleanup error (2.460041ms)
✔ prospective linked Erosion keeps real scalar onset and64 adjacent visits through actual zero-counter removal (12.805503ms)
✔ late arming, prior matching effects, missing linked onset and ambiguous targets cannot fabricate Erosion proof (0.99954ms)
✔ wrong identity, target, countdown, skipped turns or early absence fail closed (5.441885ms)
✔ passive hook chains original once and never mutates world or loses observer errors (1.235784ms)
✔ unrelated combat or time cannot reset an Erosion or named-target progress deadline (0.648664ms)
✔ actual M3 simulation producer exposes shrine-linked64-turn lifecycle to the passive hook (not browser proof) (1823.045678ms)
✔ terrain evidence reads four actual packed quarter-cell bits without undefined-to-null loss (0.442725ms)
✔ actual controller identity and each finite native-center coordinate are retained through visits and removal (18.106256ms)
✔ readiness and named training ignore unrelated movement, births, combat and construction (1.758769ms)
✔ minimap inverse rejects the closest pixel hidden by a tab and never chooses a non-canvas point (9.610049ms)
✔ observer chains original exactly once with receiver, arguments and return preserved (1.207292ms)
✔ diagnostic exceptions are contained while original application exceptions remain visible (2.763716ms)
✔ reload epochs sum forward intervals without pairing across a rewind (0.318668ms)
✔ exact conversion requires adjacent turns, singleton matching and no diagnostic errors (1.411067ms)
✔ ordinary death or polling gaps do not satisfy conversion (0.338778ms)
✔ required sermon actors fail fast while completed conversion and unrelated lifecycles remain valid (0.643485ms)
✔ sermon approach anchor is prospective, conservative and deterministic (4.142555ms)
✔ anchor tactic excludes nearby specialists with logged distances and never silently widens (0.796244ms)
✔ a declared pool locks the first actual owned sermon and preserves a same-turn ID tie (2.23926ms)
✔ sermon policy cannot be armed after an owned listener or a conversion already exists (0.435994ms)
✔ an idle Preacher timer is not progress toward a housed candidate (0.501583ms)
✔ prospective sermon approaches stay in the actual ordinary native cell square (0.189665ms)
✔ progress ignores turn-only changes but retains training mana and sermon timer (0.374772ms)
✔ null, undefined and hostile diagnostic exceptions cannot escape afterTurn (0.476935ms)
✔ building snapshots copy real admission occupancy and queue data (0.261442ms)
✔ budget stops have an explicit incomplete classification, not a gameplay assertion (0.151658ms)
✔ authored identity follows only the reviewed imported allocation prefix, not current position (2.656365ms)
✔ entity order evidence rejects missed input and separately labels an existing assignment (0.541442ms)
✔ ground input evidence correlates the requested point, new marker and actual recipient (0.356264ms)
✔ an actually observed owned marker survives expiry as dispatch-correlated evidence (1.412409ms)
✔ marker history requires actual secondary ownership and retains a bounded cursor window (5.195616ms)
✔ construction progress includes assigned workers while delivered logs remain unchanged (0.38669ms)
✔ wall-clock stalls and active budget stops are incomplete; defeat is terminal failure (0.444247ms)
✔ the shared batch/wait/catch status guard makes every observed defeat terminal (0.322774ms)
✔ escort preparation has900 active seconds while the whole journey stays within2400 (0.205859ms)
✔ a newly satisfied condition cannot bypass the current resource envelope (0.291317ms)
✔ only the exact next owned sole stop is exposed; ordinary and later commands stay untouched; malformed inputs fail closed (3.654613ms)
✔ queued control rejects symlink, hardlink, oversized files and invalid current-run boundaries (0.801893ms)
✔ all bounded host polls check a queued stop before the first predicate and between samples (0.940361ms)
✔ actual active-condition wait services preservation before diagnostics, health, budget or objective (0.97285ms)
✔ actual active-batch stop records bytes/hash/current run and terminates mixed or changed inputs (4.653081ms)
✔ actual already-present and active-wait controls share authentication and terminal preservation on failure (5.820664ms)
✔ a queued stop during a pending Save is recorded but deferred until actual committed identity is known (0.450736ms)
✔ active command-error handler cannot swallow an invalid preserving request and dispatch another action (0.316595ms)
✔ actual Save readback commits protectedLatest before servicing its deferred preserving stop (1.067411ms)
✔ actual flyby, camera, dispatch and victory polling route through preserving control before browser predicates (4.686261ms)
✔ preserving Pause can run before diagnostic binding and never invents missing UI state (0.39347ms)
✔ carried source modules match their exact historical objects and current test bytes (73.245741ms)
✔ reuse inventory identifies exact unchanged and adapted scenario sections (8.254465ms)
✔ current candidate carries the accepted application subtree and unchanged maintained profile harness (116.152321ms)
✔ complete campaign accepts independently scoped mission proof sequences (1.532379ms)
✔ earlier mission camp, training, checkpoint and victory cannot satisfy the next mission (1.664768ms)
✔ unscoped and wrong-level records cannot be silently relabelled (0.411798ms)
✔ duplicate and out-of-order required proof remains failed (0.471858ms)
✔ checkpoint, victory and protected Mission 3 names require their real wrappers (1.030406ms)
✔ bridge gates require accepted ordinary casts or the actual linked shrine use (1.661192ms)
✔ arbitrary names and mutation cannot change the finite marking surface (0.411817ms)
✔ prospectively observed Erosion onset is optional metadata before retirement proof (0.325008ms)
✔ actual Continue path disposes the old epoch, clicks Continue and rebinds before any new mission input (4.377238ms)
✔ actual Save/Load wrapper clicks ordinary Pause before binding/import/digest work and validates actual stored identity (5.719852ms)
✔ actual progress adapter rejects unscoped combat and ignores unrelated watch IDs (0.814472ms)
✔ module guard rejects disabled policy and enabled import remains preparation-only (5.09219ms)
✔ actual victory matcher and Continue dispatch match the complete current JSX accessible name (2.774813ms)
✔ actual named-effect routing reaches the retained handler and excludes unrelated effects (1.456385ms)
✔ actual Continue/Save producer binds the exact deliberate error that reaches the terminal harness (2.226065ms)
ℹ tests 89
ℹ suites 0
ℹ pass 89
ℹ fail 0
ℹ cancelled 0
ℹ skipped 0
ℹ todo 0
ℹ duration_ms 2804.509122
