npm warn Unknown env config "http-proxy". This will stop working in the next major version of npm.
[33m▲ [43;33m[[43;30mWARNING[43;33m][0m [1mProxy environment variables detected. We'll use your proxy for fetch requests.[0m


[33m[PLUGIN_TIMINGS] [0mYour build spent significant time in plugins. Here is a breakdown:
  - rsc:virtual-client-package (32%)
  - vinext:og-inline-fetch-assets (17%)
  - vinext:middleware-server-only (12%)
  - alias (5%)
  - rsc:react-server-dom-webpack-alias (5%)
See https://rolldown.rs/options/checks#plugintimings for more details.

[33m[PLUGIN_TIMINGS] [0mYour build spent significant time in plugins. Here is a breakdown:
  - rsc:load-environment-module (21%)
  - rsc:virtual-client-package (18%)
  - vinext:jsx-in-js (7%)
  - vinext:middleware-server-only (7%)
  - vinext:og-inline-fetch-assets (6%)
See https://rolldown.rs/options/checks#plugintimings for more details.

[plugin builtin:vite-reporter] 
(!) Some chunks are larger than 500 kB after minification. Consider:
- Using dynamic import() to code-split the application
- Use build.rolldownOptions.output.codeSplitting to improve chunking: https://rolldown.rs/reference/OutputOptions.codeSplitting
- Adjust chunk size limit for this warning via build.chunkSizeWarningLimit.
