✖ ordinary Shaman Tower entry retains Guard and resolves its building outside point (299.13737ms)
ℹ tests 1
ℹ suites 0
ℹ pass 0
ℹ fail 1
ℹ cancelled 0
ℹ skipped 0
ℹ todo 0
ℹ duration_ms 1214.036376

✖ failing tests:

test at tests/shaman-guard-input.test.mjs:146:1
✖ ordinary Shaman Tower entry retains Guard and resolves its building outside point (299.13737ms)
  AssertionError [ERR_ASSERTION]: building containment is not target loss
  
  undefined !== 30
  
      at TestContext.<anonymous> (file:///workspace/scratch/69fd8163d94e/cloud-dev-20261004/native-shaman-guard-fix/tests/shaman-guard-input.test.mjs:155:10)
      at Test.runInAsyncScope (node:async_hooks:227:14)
      at Test.run (node:internal/test_runner/test:1382:25)
      at Test.start (node:internal/test_runner/test:1242:17)
      at startSubtestAfterBootstrap (node:internal/test_runner/harness:387:17) {
    generatedMessage: false,
    code: 'ERR_ASSERTION',
    actual: undefined,
    expected: 30,
    operator: 'strictEqual',
    diff: 'simple'
  }
