✔ original priming consumes no elapsed progress; each frame stops before batch overshoot (1.840292ms)
✔ separate calls continue from the original previous timestamp without re-priming (0.214392ms)
✔ a promise is never accepted as a truthy readiness predicate (0.564587ms)
✔ frame and object-turn exhaustion fail without extending a goal (0.398768ms)
✔ an explicitly bounded coastal position attempt can return unmet without hiding its limit (0.158898ms)
✔ abort and Scene/World replacement are detected across browser-task yields (0.513961ms)
✔ normal speed, unpaused commands, positive finite deltas and wall bound stay mandatory (0.557357ms)
✔ original-frame failures propagate without another step (0.295594ms)
✔ unexpected automatic elapsed frames during a yield are rejected (0.362034ms)
✔ Markdown sections retain ancestry, repetitions, CRLF boundaries, and ignore fenced headings (2.979131ms)
✔ manifest validation accepts reviewed data and rejects duplicate IDs, missing paths, invalid parity references, and unsafe paths (64.676421ms)
✔ index is deterministic, clean without a cache, ignored when written, and regenerates after source changes (92.363541ms)
✔ index and context reject an indexed source symlink that escapes the repository (87.681493ms)
✔ repository validation requires one current top-level execution-order heading (36.523913ms)
✔ context returns bounded provenance, limitations, checks, and visible source truncation (39.473211ms)
✔ context output saves current JSON and rejects silent option mistakes (60.343657ms)
✔ preparation is independent of retired local status state (40.928174ms)
✔ native research packets grant only a contract-allowed ignored scratch directory (76.787651ms)
✔ role context carries a validated bounded assignment and explicit overflow (159.082122ms)
✔ reviewer context fingerprints the actual dirty, renamed, deleted, and untracked inputs (87.396835ms)
✔ real mapped evidence excerpts retain their material performance boundaries (3529.553265ms)
✔ Shaman appearance context keeps its complete checks and evidence within the default budget (986.959748ms)
✔ Followers task context retains complete checks without bloating selection context (425.393375ms)
✔ plan handles cross-cutting edits, renames, deletions, untracked and unsafe inputs without executing checks (54.195153ms)
✔ audit distinguishes baseline edits and reports out-of-scope, generated, input, untracked, and stale verification changes (77.620262ms)
✔ audit reports a pre-existing baseline change that disappears (54.301272ms)
✔ audit requires exactly one result for every required check (53.129984ms)
✔ blocked verification cannot masquerade as passing and passed results require evidence (48.060386ms)
✔ game server rejects an invalid isolated port (0.573571ms)
✔ preparation captures real baseline and hashes, validates intent, and refuses overwrite (145.037331ms)
✔ verification persists completed checks across interruption and replaces old passes at startup (84.36034ms)
✔ verification replaces a required receipt invalidated by a changed check definition (64.658644ms)
✔ reviewed aggregate coverage executes once, fingerprints covered inputs, and fails closed on script drift (187.957481ms)
✔ orchestration-tests receipts become stale when worker configuration changes (126.378871ms)
✔ repository-check receipts become stale when worker configuration changes (153.270388ms)
✔ verification runs only safe contract checks, records blocking, and detects mutations (266.206608ms)
✔ first and second actual presentation visits display 0 then 1, not 1 then 2 (739.428453ms)
✔ normal processed phases reset, loop independently of simulation, then freeze and hide (268.661444ms)
✔ new checkpoints retain shown/next frames; legacy checkpoints start at a bounded deterministic frame (84.703533ms)
✔ pause and native land-pause freeze the latch as well as the counter (6.546386ms)
✔ render schedules and effect-only animation cannot change gameplay, either RNG or respawn (3234.326412ms)
✔ ordinary combat death finishes existing wait and respawn without a duplicate effect (262.569148ms)
✔ ordinary Shaman phase1 follows both rising and lowering death-site ground (835.995178ms)
✔ the last processed phase1 sample survives checkpoint, transition and rise (157.833682ms)
✔ phase0 retains the death height until the first processed phase1 visit (7.785736ms)
✔ a direct drowning-entry fixture rises from its initial height without phase1 resampling (5.834849ms)
✔ model-12 rise freezes the last original spirit frame for all tribes and bearings (1.541815ms)
✔ death-site visibility follows the existing land and drowning lifecycles without changing them (63.949525ms)
✔ earlier body/transition poses retain their existing renderer behavior (0.37337ms)
✔ the live caller applies the bounded presentation only to model-12 reincarnation effects (0.724878ms)
ℹ tests 50
ℹ suites 0
ℹ pass 50
ℹ fail 0
ℹ cancelled 0
ℹ skipped 0
ℹ todo 0
ℹ duration_ms 7171.280374
