app/person-order-update.ts:6:1: error typescript(consistent-type-definitions): Use `interface` instead of `type`. help: Replace `type Point = { x: number; y: number }` with `interface Point { x: number; y: number }`.
app/person-order-update.ts:23:8: error typescript(consistent-type-definitions): Use `interface` instead of `type`. help: Replace `type OrderUpdateWorld = { orders: OrderPool landFlags: number levelFlags2: number playerTribe: number objects: ReadonlyMap<number, OrderObject> survivingTribes: () => number }` with `interface OrderUpdateWorld { orders: OrderPool landFlags: number levelFlags2: number playerTribe: number objects: ReadonlyMap<number, OrderObject> survivingTribes: () => number }`.
app/person-order-update.ts:31:8: error typescript(consistent-type-definitions): Use `interface` instead of `type`. help: Replace `type OrderUpdateEffects = { // Complete command bodies use these canonical models. Shared bodies: // 3/25 movement, 17/31/32, 19/21. Missing bodies must not return success. commands: Partial<Record<number, (order: PersonOrder) => number>> commandPo...` with `interface OrderUpdateEffects { // Complete command bodies use these canonical models. Shared bodies: // 3/25 movement, 17/31/32, 19/21. Missing bodies must not return success. commands: Partial<Record<number, (order: PersonOrder) => number>> comman...`.
app/selection-runtime.ts:8:35: error import(no-cycle): Dependency cycle detected help: Refactor to remove the cycle. Consider extracting shared code into a separate module that both files can import.
app/selection-runtime.ts:11:23: error import(no-cycle): Dependency cycle detected help: Refactor to remove the cycle. Consider extracting shared code into a separate module that both files can import.
app/selection-runtime.ts:108:26: warning eslint(no-shadow): 'b' is already declared in the upper scope. help: Consider renaming 'b' to avoid shadowing the variable from the outer scope.
app/selection-runtime.ts:62:12: warning eslint(no-nested-ternary): Do not nest ternary expressions. help: Refactor nested ternary expressions into if-else statements for better readability.
app/selection-runtime.ts:64:9: warning eslint(no-nested-ternary): Do not nest ternary expressions. help: Refactor nested ternary expressions into if-else statements for better readability.
app/selection-runtime.ts:66:11: warning unicorn(no-nested-ternary): Unexpected deeply nested ternary expression. help: Avoid nesting ternary expressions for more than one level.
app/selection-runtime.ts:71:12: warning eslint(no-nested-ternary): Do not nest ternary expressions. help: Refactor nested ternary expressions into if-else statements for better readability.
app/selection-runtime.ts:73:9: warning eslint(no-nested-ternary): Do not nest ternary expressions. help: Refactor nested ternary expressions into if-else statements for better readability.
app/selection-runtime.ts:75:11: warning unicorn(no-nested-ternary): Unexpected deeply nested ternary expression. help: Avoid nesting ternary expressions for more than one level.
app/world-tasks.ts:4:42: error import(no-cycle): Dependency cycle detected help: Refactor to remove the cycle. Consider extracting shared code into a separate module that both files can import.
app/world-tasks.ts:5:33: error import(no-cycle): Dependency cycle detected help: Refactor to remove the cycle. Consider extracting shared code into a separate module that both files can import.
app/world-tasks.ts:6:31: error import(no-cycle): Dependency cycle detected help: Refactor to remove the cycle. Consider extracting shared code into a separate module that both files can import.
app/world-tasks.ts:2:56: error import(no-cycle): Dependency cycle detected help: Refactor to remove the cycle. Consider extracting shared code into a separate module that both files can import.
app/world-tasks.ts:3:35: error import(no-cycle): Dependency cycle detected help: Refactor to remove the cycle. Consider extracting shared code into a separate module that both files can import.
app/world-tasks.ts:19:20: warning unicorn(no-negated-condition): Unexpected negated condition. help: Remove the negation operator and switch the consequent and alternate branches.
app/live-movement.ts:75:34: error import(no-cycle): Dependency cycle detected help: Refactor to remove the cycle. Consider extracting shared code into a separate module that both files can import.
app/live-movement.ts:28:8: error import(no-cycle): Dependency cycle detected help: Refactor to remove the cycle. Consider extracting shared code into a separate module that both files can import.
app/live-movement.ts:22:42: error import(no-cycle): Dependency cycle detected help: Refactor to remove the cycle. Consider extracting shared code into a separate module that both files can import.
app/live-movement.ts:29:62: error import(no-cycle): Dependency cycle detected help: Refactor to remove the cycle. Consider extracting shared code into a separate module that both files can import.
app/live-movement.ts:21:8: error import(no-cycle): Dependency cycle detected help: Refactor to remove the cycle. Consider extracting shared code into a separate module that both files can import.
app/live-movement.ts:23:33: error import(no-cycle): Dependency cycle detected help: Refactor to remove the cycle. Consider extracting shared code into a separate module that both files can import.
app/live-movement.ts:12:8: error import(no-cycle): Dependency cycle detected help: Refactor to remove the cycle. Consider extracting shared code into a separate module that both files can import.
app/live-movement.ts:2:30: error import(no-cycle): Dependency cycle detected help: Refactor to remove the cycle. Consider extracting shared code into a separate module that both files can import.
app/live-movement.ts:1:30: error import(no-duplicates): Modules should not be imported multiple times in the same file help: Merge these imports into a single import statement
app/live-movement.ts:31:38: error eslint(no-duplicate-imports): './building-shapes.ts' import is duplicated help: Merge the duplicated import into a single import statement
app/live-movement.ts:690:32: warning eslint(no-shadow): 'building' is already declared in the upper scope. help: Consider renaming 'building' to avoid shadowing the variable from the outer scope.
app/live-movement.ts:708:36: warning eslint(no-shadow): 'building' is already declared in the upper scope. help: Consider renaming 'building' to avoid shadowing the variable from the outer scope.
app/live-movement.ts:721:16: warning eslint(no-shadow): 'target' is already declared in the upper scope. help: Consider renaming 'target' to avoid shadowing the variable from the outer scope.
app/live-movement.ts:511:7: warning unicorn(consistent-existence-index-check): Prefer `=== -1` over `< 0` to check non-existence. help: Replace index check with strict equality check
app/live-movement.ts:709:24: error eslint(no-multi-assign): Do not use chained assignment help: Separate each assignment into its own statement
app/live-movement.ts:822:19: error eslint(no-multi-assign): Do not use chained assignment help: Separate each assignment into its own statement
app/live-movement.ts:823:19: error eslint(no-multi-assign): Do not use chained assignment help: Separate each assignment into its own statement
app/live-movement.ts:841:9: warning unicorn(no-lonely-if): Unexpected `if` as the only statement in a `if` block without `else`. help: Move the inner `if` test to the outer `if` test.
app/live-people.ts:22:1: error import(first): Import statements must come first help: Move import statement to the top of the file
app/live-people.ts:35:1: error import(first): Import statements must come first help: Move import statement to the top of the file
app/live-people.ts:42:1: error import(first): Import statements must come first help: Move import statement to the top of the file
app/live-people.ts:49:1: error import(first): Import statements must come first help: Move import statement to the top of the file
app/live-people.ts:50:1: error import(first): Import statements must come first help: Move import statement to the top of the file
app/live-people.ts:51:1: error import(first): Import statements must come first help: Move import statement to the top of the file
app/live-people.ts:52:1: error import(first): Import statements must come first help: Move import statement to the top of the file
app/live-people.ts:58:1: error import(first): Import statements must come first help: Move import statement to the top of the file
app/live-people.ts:59:1: error import(first): Import statements must come first help: Move import statement to the top of the file
app/live-people.ts:66:1: error import(first): Import statements must come first help: Move import statement to the top of the file
app/live-people.ts:74:1: error import(first): Import statements must come first help: Move import statement to the top of the file
app/live-people.ts:82:1: error import(first): Import statements must come first help: Move import statement to the top of the file
app/live-people.ts:83:1: error import(first): Import statements must come first help: Move import statement to the top of the file
app/live-people.ts:88:1: error import(first): Import statements must come first help: Move import statement to the top of the file
app/live-people.ts:94:1: error import(first): Import statements must come first help: Move import statement to the top of the file
app/live-people.ts:102:1: error import(first): Import statements must come first help: Move import statement to the top of the file
app/live-people.ts:103:1: error import(first): Import statements must come first help: Move import statement to the top of the file
app/live-people.ts:110:1: error import(first): Import statements must come first help: Move import statement to the top of the file
app/live-people.ts:111:1: error import(first): Import statements must come first help: Move import statement to the top of the file
app/live-people.ts:112:1: error import(first): Import statements must come first help: Move import statement to the top of the file
app/live-people.ts:113:1: error import(first): Import statements must come first help: Move import statement to the top of the file
app/live-people.ts:114:1: error import(first): Import statements must come first help: Move import statement to the top of the file
app/live-people.ts:16:8: error import(no-cycle): Dependency cycle detected help: Refactor to remove the cycle. Consider extracting shared code into a separate module that both files can import.
app/live-people.ts:19:35: error import(no-cycle): Dependency cycle detected help: Refactor to remove the cycle. Consider extracting shared code into a separate module that both files can import.
app/live-people.ts:10:50: error import(no-cycle): Dependency cycle detected help: Refactor to remove the cycle. Consider extracting shared code into a separate module that both files can import.
app/live-people.ts:81:8: error import(no-cycle): Dependency cycle detected help: Refactor to remove the cycle. Consider extracting shared code into a separate module that both files can import.
app/live-people.ts:7:69: error import(no-cycle): Dependency cycle detected help: Refactor to remove the cycle. Consider extracting shared code into a separate module that both files can import.
app/live-people.ts:34:8: error import(no-cycle): Dependency cycle detected help: Refactor to remove the cycle. Consider extracting shared code into a separate module that both files can import.
app/live-people.ts:4:65: error import(no-cycle): Dependency cycle detected help: Refactor to remove the cycle. Consider extracting shared code into a separate module that both files can import.
app/live-people.ts:5:30: error import(no-cycle): Dependency cycle detected help: Refactor to remove the cycle. Consider extracting shared code into a separate module that both files can import.
app/live-people.ts:3:30: error import(no-duplicates): Modules should not be imported multiple times in the same file help: Merge these imports into a single import statement
app/live-people.ts:82:61: error eslint(no-duplicate-imports): './building-shapes.ts' import is duplicated help: Merge the duplicated import into a single import statement
app/live-people.ts:332:40: warning eslint(no-shadow): 'b' is already declared in the upper scope. help: Consider renaming 'b' to avoid shadowing the variable from the outer scope.
app/live-people.ts:391:13: warning eslint(no-shadow): 'people' is already declared in the upper scope. help: Consider renaming 'people' to avoid shadowing the variable from the outer scope.
app/live-people.ts:442:35: warning eslint(no-shadow): 'u' is already declared in the upper scope. help: Consider renaming 'u' to avoid shadowing the variable from the outer scope.
app/live-people.ts:506:20: warning eslint(no-shadow): 'p' is already declared in the upper scope. help: Consider renaming 'p' to avoid shadowing the variable from the outer scope.
app/live-people.ts:507:20: warning eslint(no-shadow): 'p' is already declared in the upper scope. help: Consider renaming 'p' to avoid shadowing the variable from the outer scope.
app/live-people.ts:521:18: warning eslint(no-shadow): 'p' is already declared in the upper scope. help: Consider renaming 'p' to avoid shadowing the variable from the outer scope.
app/live-people.ts:915:36: warning eslint(no-shadow): 'b' is already declared in the upper scope. help: Consider renaming 'b' to avoid shadowing the variable from the outer scope.
app/live-people.ts:1164:38: warning eslint(no-shadow): 'b' is already declared in the upper scope. help: Consider renaming 'b' to avoid shadowing the variable from the outer scope.
app/live-people.ts:391:22: warning eslint(prefer-destructuring): Use Object destructuring. help: Use object destructuring rather than direct member access.
app/live-people.ts:436:10: warning unicorn(consistent-function-scoping): Function `unexpected` does not capture any variables from its parent scope help: Move `unexpected` to the outer scope to avoid recreating it on every call.
app/live-people.ts:609:36: error eslint(no-multi-assign): Do not use chained assignment help: Separate each assignment into its own statement
app/live-people.ts:611:49: error eslint(no-multi-assign): Do not use chained assignment help: Separate each assignment into its own statement
app/live-people.ts:1073:17: warning eslint(prefer-destructuring): Use Object destructuring. help: Use object destructuring rather than direct member access.
app/live-people.ts:1135:11: warning unicorn(consistent-function-scoping): Function `unowned` does not capture any variables from its parent scope help: Move `unowned` to the outer scope to avoid recreating it on every call.
app/live-command.ts:51:8: error import(no-cycle): Dependency cycle detected help: Refactor to remove the cycle. Consider extracting shared code into a separate module that both files can import.
app/live-command.ts:12:49: error import(no-cycle): Dependency cycle detected help: Refactor to remove the cycle. Consider extracting shared code into a separate module that both files can import.
app/live-command.ts:42:8: error import(no-cycle): Dependency cycle detected help: Refactor to remove the cycle. Consider extracting shared code into a separate module that both files can import.
app/live-command.ts:24:60: error import(no-cycle): Dependency cycle detected help: Refactor to remove the cycle. Consider extracting shared code into a separate module that both files can import.
app/live-command.ts:59:59: error import(no-cycle): Dependency cycle detected help: Refactor to remove the cycle. Consider extracting shared code into a separate module that both files can import.
app/live-command.ts:25:35: error import(no-cycle): Dependency cycle detected help: Refactor to remove the cycle. Consider extracting shared code into a separate module that both files can import.
app/live-command.ts:53:47: error import(no-cycle): Dependency cycle detected help: Refactor to remove the cycle. Consider extracting shared code into a separate module that both files can import.
app/live-command.ts:43:62: error import(no-cycle): Dependency cycle detected help: Refactor to remove the cycle. Consider extracting shared code into a separate module that both files can import.
app/live-command.ts:55:56: error import(no-cycle): Dependency cycle detected help: Refactor to remove the cycle. Consider extracting shared code into a separate module that both files can import.
app/live-command.ts:44:25: error import(no-cycle): Dependency cycle detected help: Refactor to remove the cycle. Consider extracting shared code into a separate module that both files can import.
app/live-command.ts:201:5: warning eslint(no-shadow): 'u' is already declared in the upper scope. help: Consider renaming 'u' to avoid shadowing the variable from the outer scope.
app/live-command.ts:576:16: warning eslint(no-shadow): 'p' is already declared in the upper scope. help: Consider renaming 'p' to avoid shadowing the variable from the outer scope.
app/live-command.ts:610:34: warning eslint(no-shadow): 'u' is already declared in the upper scope. help: Consider renaming 'u' to avoid shadowing the variable from the outer scope.
app/live-command.ts:95:6: warning unicorn(no-negated-condition): Unexpected negated condition. help: Remove the negation operator and switch the consequent and alternate branches.
app/live-command.ts:243:40: warning eslint(no-nested-ternary): Do not nest ternary expressions. help: Refactor nested ternary expressions into if-else statements for better readability.
app/live-command.ts:243:71: warning eslint(no-nested-ternary): Do not nest ternary expressions. help: Refactor nested ternary expressions into if-else statements for better readability.
app/live-command.ts:243:106: warning eslint(no-nested-ternary): Do not nest ternary expressions. help: Refactor nested ternary expressions into if-else statements for better readability.
app/live-command.ts:243:147: warning eslint(no-nested-ternary): Do not nest ternary expressions. help: Refactor nested ternary expressions into if-else statements for better readability.
app/live-command.ts:243:204: warning eslint(no-nested-ternary): Do not nest ternary expressions. help: Refactor nested ternary expressions into if-else statements for better readability.
app/live-command.ts:243:242: warning unicorn(no-nested-ternary): Unexpected deeply nested ternary expression. help: Avoid nesting ternary expressions for more than one level.
app/live-command.ts:268:6: warning unicorn(no-array-sort): Use `Array#toSorted()` instead of `Array#sort()`. help: `Array#sort()` mutates the original array. Use `Array#toSorted()` to return a new sorted array without modifying the original.
app/live-command.ts:331:7: warning eslint(no-nested-ternary): Do not nest ternary expressions. help: Refactor nested ternary expressions into if-else statements for better readability.
app/live-command.ts:333:11: warning unicorn(no-nested-ternary): Unexpected nested ternary expression without parentheses. help: Add parentheses around the nested ternary expression.
app/live-command.ts:552:7: warning eslint(no-nested-ternary): Do not nest ternary expressions. help: Refactor nested ternary expressions into if-else statements for better readability.
app/live-command.ts:554:11: warning unicorn(no-nested-ternary): Unexpected nested ternary expression without parentheses. help: Add parentheses around the nested ternary expression.
app/live-command.ts:582:7: warning eslint(no-nested-ternary): Do not nest ternary expressions. help: Refactor nested ternary expressions into if-else statements for better readability.
app/live-command.ts:583:11: warning unicorn(no-nested-ternary): Unexpected nested ternary expression without parentheses. help: Add parentheses around the nested ternary expression.
app/live-command.ts:638:18: warning eslint(no-nested-ternary): Do not nest ternary expressions. help: Refactor nested ternary expressions into if-else statements for better readability.
app/live-command.ts:639:9: warning unicorn(no-nested-ternary): Unexpected nested ternary expression without parentheses. help: Add parentheses around the nested ternary expression.
app/live-command.ts:642:9: warning eslint(no-nested-ternary): Do not nest ternary expressions. help: Refactor nested ternary expressions into if-else statements for better readability.
app/live-command.ts:644:11: warning unicorn(no-nested-ternary): Unexpected deeply nested ternary expression. help: Avoid nesting ternary expressions for more than one level.
app/world-turn.ts:434:32: error import(no-cycle): Dependency cycle detected help: Refactor to remove the cycle. Consider extracting shared code into a separate module that both files can import.
app/world-turn.ts:18:8: error import(no-cycle): Dependency cycle detected help: Refactor to remove the cycle. Consider extracting shared code into a separate module that both files can import.
app/world-turn.ts:58:57: error import(no-cycle): Dependency cycle detected help: Refactor to remove the cycle. Consider extracting shared code into a separate module that both files can import.
app/world-turn.ts:57:8: error import(no-cycle): Dependency cycle detected help: Refactor to remove the cycle. Consider extracting shared code into a separate module that both files can import.
app/world-turn.ts:201:57: error import(no-cycle): Dependency cycle detected help: Refactor to remove the cycle. Consider extracting shared code into a separate module that both files can import.
app/world-turn.ts:92:71: error import(no-cycle): Dependency cycle detected help: Refactor to remove the cycle. Consider extracting shared code into a separate module that both files can import.
app/world-turn.ts:211:63: error import(no-cycle): Dependency cycle detected help: Refactor to remove the cycle. Consider extracting shared code into a separate module that both files can import.
app/world-turn.ts:65:8: error import(no-cycle): Dependency cycle detected help: Refactor to remove the cycle. Consider extracting shared code into a separate module that both files can import.
app/world-turn.ts:32:8: error import(no-cycle): Dependency cycle detected help: Refactor to remove the cycle. Consider extracting shared code into a separate module that both files can import.
app/world-turn.ts:208:75: error import(no-cycle): Dependency cycle detected help: Refactor to remove the cycle. Consider extracting shared code into a separate module that both files can import.
app/world-turn.ts:7:8: error import(no-cycle): Dependency cycle detected help: Refactor to remove the cycle. Consider extracting shared code into a separate module that both files can import.
app/world-turn.ts:206:8: error import(no-cycle): Dependency cycle detected help: Refactor to remove the cycle. Consider extracting shared code into a separate module that both files can import.
app/world-turn.ts:334:8: error import(no-cycle): Dependency cycle detected help: Refactor to remove the cycle. Consider extracting shared code into a separate module that both files can import.
app/world-turn.ts:207:54: error import(no-cycle): Dependency cycle detected help: Refactor to remove the cycle. Consider extracting shared code into a separate module that both files can import.
app/world-turn.ts:209:63: error import(no-cycle): Dependency cycle detected help: Refactor to remove the cycle. Consider extracting shared code into a separate module that both files can import.
app/world-turn.ts:45:8: error import(no-cycle): Dependency cycle detected help: Refactor to remove the cycle. Consider extracting shared code into a separate module that both files can import.
app/world-turn.ts:190:8: error import(no-cycle): Dependency cycle detected help: Refactor to remove the cycle. Consider extracting shared code into a separate module that both files can import.
app/world-turn.ts:299:8: error import(no-cycle): Dependency cycle detected help: Refactor to remove the cycle. Consider extracting shared code into a separate module that both files can import.
app/world-turn.ts:325:8: error import(no-cycle): Dependency cycle detected help: Refactor to remove the cycle. Consider extracting shared code into a separate module that both files can import.
app/world-turn.ts:191:52: error import(no-cycle): Dependency cycle detected help: Refactor to remove the cycle. Consider extracting shared code into a separate module that both files can import.
app/world-turn.ts:181:33: error import(no-cycle): Dependency cycle detected help: Refactor to remove the cycle. Consider extracting shared code into a separate module that both files can import.
app/world-turn.ts:411:8: error import(no-cycle): Dependency cycle detected help: Refactor to remove the cycle. Consider extracting shared code into a separate module that both files can import.
app/world-turn.ts:200:8: error import(no-cycle): Dependency cycle detected help: Refactor to remove the cycle. Consider extracting shared code into a separate module that both files can import.
app/world-turn.ts:1:64: error import(no-cycle): Dependency cycle detected help: Refactor to remove the cycle. Consider extracting shared code into a separate module that both files can import.
app/world-turn.ts:71:8: error import(no-cycle): Dependency cycle detected help: Refactor to remove the cycle. Consider extracting shared code into a separate module that both files can import.
app/world-turn.ts:412:81: error import(no-cycle): Dependency cycle detected help: Refactor to remove the cycle. Consider extracting shared code into a separate module that both files can import.
app/world-turn.ts:91:8: error import(no-cycle): Dependency cycle detected help: Refactor to remove the cycle. Consider extracting shared code into a separate module that both files can import.
app/world-turn.ts:292:56: error import(no-cycle): Dependency cycle detected help: Refactor to remove the cycle. Consider extracting shared code into a separate module that both files can import.
app/world-turn.ts:370:8: error import(no-cycle): Dependency cycle detected help: Refactor to remove the cycle. Consider extracting shared code into a separate module that both files can import.
app/world-turn.ts:431:80: error import(no-cycle): Dependency cycle detected help: Refactor to remove the cycle. Consider extracting shared code into a separate module that both files can import.
app/world-turn.ts:109:8: error import(no-cycle): Dependency cycle detected help: Refactor to remove the cycle. Consider extracting shared code into a separate module that both files can import.
app/world-turn.ts:147:8: error import(no-cycle): Dependency cycle detected help: Refactor to remove the cycle. Consider extracting shared code into a separate module that both files can import.
app/world-turn.ts:93:39: error import(no-cycle): Dependency cycle detected help: Refactor to remove the cycle. Consider extracting shared code into a separate module that both files can import.
app/world-turn.ts:112:66: error import(no-duplicates): Modules should not be imported multiple times in the same file help: Merge these imports into a single import statement
app/world-turn.ts:139:23: error import(no-duplicates): Module './native-math.ts' is imported more than once in this file help: Merge these imports into a single import statement
app/world-turn.ts:210:43: error import(no-duplicates): Modules should not be imported multiple times in the same file help: Merge these imports into a single import statement
app/world-turn.ts:179:8: error eslint(no-duplicate-imports): './world-types.ts' import is duplicated help: Merge the duplicated import into a single import statement
app/world-turn.ts:348:8: error eslint(no-duplicate-imports): './person-routes.ts' import is duplicated help: Merge the duplicated import into a single import statement
app/world-turn.ts:355:8: error eslint(no-duplicate-imports): './native-math.ts' import is duplicated help: Merge the duplicated import into a single import statement
app/world-turn.ts:384:8: error eslint(no-duplicate-imports): './building-shapes.ts' import is duplicated help: Merge the duplicated import into a single import statement
app/world-turn.ts:552:33: warning eslint(no-shadow): 'spell' is already declared in the upper scope. help: Consider renaming 'spell' to avoid shadowing the variable from the outer scope.
app/world-turn.ts:1192:36: warning eslint(no-shadow): 'u' is already declared in the upper scope. help: Consider renaming 'u' to avoid shadowing the variable from the outer scope.
app/world-turn.ts:1359:34: warning eslint(no-shadow): 'b' is already declared in the upper scope. help: Consider renaming 'b' to avoid shadowing the variable from the outer scope.
app/world-turn.ts:1421:39: warning eslint(no-shadow): 'vehicle' is already declared in the upper scope. help: Consider renaming 'vehicle' to avoid shadowing the variable from the outer scope.
app/world-turn.ts:1518:13: warning eslint(no-shadow): 'target' is already declared in the upper scope. help: Consider renaming 'target' to avoid shadowing the variable from the outer scope.
app/world-turn.ts:1661:39: warning eslint(no-shadow): 'u' is already declared in the upper scope. help: Consider renaming 'u' to avoid shadowing the variable from the outer scope.
app/world-turn.ts:1699:38: warning eslint(no-shadow): 'b' is already declared in the upper scope. help: Consider renaming 'b' to avoid shadowing the variable from the outer scope.
app/world-turn.ts:11:3: error eslint(no-unused-vars): Identifier 'changedBuildingGround' is imported but never used. help: Consider removing this import.
app/world-turn.ts:13:3: error eslint(no-unused-vars): Identifier 'debrisModels' is imported but never used. help: Consider removing this import.
app/world-turn.ts:23:3: error eslint(no-unused-vars): Identifier 'timberCell' is imported but never used. help: Consider removing this import.
app/world-turn.ts:25:3: error eslint(no-unused-vars): Identifier 'footprint' is imported but never used. help: Consider removing this import.
app/world-turn.ts:26:3: error eslint(no-unused-vars): Identifier 'footprintPoints' is imported but never used. help: Consider removing this import.
app/world-turn.ts:27:3: error eslint(no-unused-vars): Identifier 'groundBuilding' is imported but never used. help: Consider removing this import.
app/world-turn.ts:28:3: error eslint(no-unused-vars): Identifier 'buildingContainsPoint' is imported but never used. help: Consider removing this import.
app/world-turn.ts:29:3: error eslint(no-unused-vars): Identifier 'buildingBlocksStep' is imported but never used. help: Consider removing this import.
app/world-turn.ts:30:3: error eslint(no-unused-vars): Identifier 'rotateBuildingPlan' is imported but never used. help: Consider removing this import.
app/world-turn.ts:47:3: error eslint(no-unused-vars): Identifier 'headAt' is imported but never used. help: Consider removing this import.
app/world-turn.ts:48:3: error eslint(no-unused-vars): Identifier 'campaignInternal' is imported but never used. help: Consider removing this import.
app/world-turn.ts:49:3: error eslint(no-unused-vars): Identifier 'campaignPersonCount' is imported but never used. help: Consider removing this import.
app/world-turn.ts:50:3: error eslint(no-unused-vars): Identifier 'campaignPeopleInMarker' is imported but never used. help: Consider removing this import.
app/world-turn.ts:51:3: error eslint(no-unused-vars): Identifier 'campaignAttackTarget' is imported but never used. help: Consider removing this import.
app/world-turn.ts:52:3: error eslint(no-unused-vars): Identifier 'forceHead' is imported but never used. help: Consider removing this import.
app/world-turn.ts:54:3: error eslint(no-unused-vars): Identifier 'campaignTribe' is imported but never used. help: Consider removing this import.
app/world-turn.ts:55:3: error eslint(no-unused-vars): Identifier 'cleanupDefeatedTribe' is imported but never used. help: Consider removing this import.
app/world-turn.ts:60:3: error eslint(no-unused-vars): Identifier 'computerSelectionWorld' is imported but never used. help: Consider removing this import.
app/world-turn.ts:61:3: error eslint(no-unused-vars): Identifier 'computerTrainingBuilding' is imported but never used. help: Consider removing this import.
app/world-turn.ts:68:3: error eslint(no-unused-vars): Identifier 'unitAnimationSource' is imported but never used. help: Consider removing this import.
app/world-turn.ts:69:3: error eslint(no-unused-vars): Identifier 'selectionBuilding' is imported but never used. help: Consider removing this import.
app/world-turn.ts:70:3: error eslint(no-unused-vars): Identifier 'canOrder' is imported but never used. help: Consider removing this import.
app/world-turn.ts:76:3: error eslint(no-unused-vars): Identifier 'invisibilityFollowers' is imported but never used. help: Consider removing this import.
app/world-turn.ts:79:3: error eslint(no-unused-vars): Identifier 'shieldFollowers' is imported but never used. help: Consider removing this import.
app/world-turn.ts:90:3: error eslint(no-unused-vars): Identifier 'unitInvisibleToPlayer' is imported but never used. help: Consider removing this import.
app/world-turn.ts:93:19: error eslint(no-unused-vars): Identifier 'releaseTasks' is imported but never used. help: Consider removing this import.
app/world-turn.ts:104:3: error eslint(no-unused-vars): Identifier 'depleteTree' is imported but never used. help: Consider removing this import.
app/world-turn.ts:116:3: error eslint(no-unused-vars): Identifier 'nativeCellIndex' is imported but never used. help: Consider removing this import.
app/world-turn.ts:120:3: error eslint(no-unused-vars): Identifier 'buildingStage' is imported but never used. help: Consider removing this import.
app/world-turn.ts:122:3: error eslint(no-unused-vars): Identifier 'originalLand' is imported but never used. help: Consider removing this import.
app/world-turn.ts:123:3: error eslint(no-unused-vars): Identifier 'makeTerrain' is imported but never used. help: Consider removing this import.
app/world-turn.ts:127:3: error eslint(no-unused-vars): Identifier 'worldPoint' is imported but never used. help: Consider removing this import.
app/world-turn.ts:129:3: error eslint(no-unused-vars): Identifier 'nativeStep3D' is imported but never used. help: Consider removing this import.
app/world-turn.ts:131:3: error eslint(no-unused-vars): Identifier 'nativeTerrainHeight' is imported but never used. help: Consider removing this import.
app/world-turn.ts:132:3: error eslint(no-unused-vars): Identifier 'terrainCross' is imported but never used. help: Consider removing this import.
app/world-turn.ts:133:3: error eslint(no-unused-vars): Identifier 'height' is imported but never used. help: Consider removing this import.
app/world-turn.ts:134:3: error eslint(no-unused-vars): Identifier 'surface' is imported but never used. help: Consider removing this import.
app/world-turn.ts:135:3: error eslint(no-unused-vars): Identifier 'nativeCellPoint' is imported but never used. help: Consider removing this import.
app/world-turn.ts:145:3: error eslint(no-unused-vars): Identifier 'trainingCost' is imported but never used. help: Consider removing this import.
app/world-turn.ts:152:3: error eslint(no-unused-vars): Identifier 'BUILDINGS' is imported but never used. help: Consider removing this import.
app/world-turn.ts:153:3: error eslint(no-unused-vars): Identifier 'SIZE' is imported but never used. help: Consider removing this import.
app/world-turn.ts:154:3: error eslint(no-unused-vars): Identifier 'GRID' is imported but never used. help: Consider removing this import.
app/world-turn.ts:155:3: error eslint(no-unused-vars): Identifier 'PLANET_RADIUS' is imported but never used. help: Consider removing this import.
app/world-turn.ts:157:3: error eslint(no-unused-vars): Identifier 'maxHp' is imported but never used. help: Consider removing this import.
app/world-turn.ts:158:3: error eslint(no-unused-vars): Identifier 'buildingHp' is imported but never used. help: Consider removing this import.
app/world-turn.ts:159:3: error eslint(no-unused-vars): Identifier 'ROUTE_FAILURE_TEXT' is imported but never used. help: Consider removing this import.
app/world-turn.ts:163:3: error eslint(no-unused-vars): Type 'Team' is imported but never used. help: Consider removing this import.
app/world-turn.ts:164:3: error eslint(no-unused-vars): Type 'BuildingKind' is imported but never used. help: Consider removing this import.
app/world-turn.ts:165:3: error eslint(no-unused-vars): Type 'Spell' is imported but never used. help: Consider removing this import.
app/world-turn.ts:167:3: error eslint(no-unused-vars): Type 'Fight' is imported but never used. help: Consider removing this import.
app/world-turn.ts:170:3: error eslint(no-unused-vars): Type 'Projectile' is imported but never used. help: Consider removing this import.
app/world-turn.ts:171:3: error eslint(no-unused-vars): Type 'Battle' is imported but never used. help: Consider removing this import.
app/world-turn.ts:174:3: error eslint(no-unused-vars): Type 'Shrine' is imported but never used. help: Consider removing this import.
app/world-turn.ts:175:3: error eslint(no-unused-vars): Type 'Tree' is imported but never used. help: Consider removing this import.
app/world-turn.ts:176:3: error eslint(no-unused-vars): Type 'SoundEvent' is imported but never used. help: Consider removing this import.
app/world-turn.ts:177:3: error eslint(no-unused-vars): Type 'Effect' is imported but never used. help: Consider removing this import.
app/world-turn.ts:180:10: error eslint(no-unused-vars): Identifier 'selectHudPeople' is imported but never used. help: Consider removing this import.
app/world-turn.ts:180:32: error eslint(no-unused-vars): Type 'HudSelectionMode' is imported but never used. help: Consider removing this import.
app/world-turn.ts:189:8: error eslint(no-unused-vars): Type 'LiveFormation' is imported but never used. help: Consider removing this import.
app/world-turn.ts:192:10: error eslint(no-unused-vars): Identifier 'createFootprints' is imported but never used. help: Consider removing this import.
app/world-turn.ts:192:33: error eslint(no-unused-vars): Type 'Footprints' is imported but never used. help: Consider removing this import.
app/world-turn.ts:194:3: error eslint(no-unused-vars): Identifier 'joinMeleeGroup' is imported but never used. help: Consider removing this import.
app/world-turn.ts:195:3: error eslint(no-unused-vars): Identifier 'cleanFightRoster' is imported but never used. help: Consider removing this import.
app/world-turn.ts:196:3: error eslint(no-unused-vars): Identifier 'releaseFightRoster' is imported but never used. help: Consider removing this import.
app/world-turn.ts:197:3: error eslint(no-unused-vars): Identifier 'fightCenter' is imported but never used. help: Consider removing this import.
app/world-turn.ts:198:8: error eslint(no-unused-vars): Type 'MeleeGroup' is imported but never used. help: Consider removing this import.
app/world-turn.ts:199:8: error eslint(no-unused-vars): Type 'FightParticipant' is imported but never used. help: Consider removing this import.
app/world-turn.ts:201:38: error eslint(no-unused-vars): Type 'CombatMarch' is imported but never used. help: Consider removing this import.
app/world-turn.ts:207:10: error eslint(no-unused-vars): Identifier 'nativePersonModel' is imported but never used. help: Consider removing this import.
app/world-turn.ts:209:10: error eslint(no-unused-vars): Identifier 'buildingDoor' is imported but never used. help: Consider removing this import.
app/world-turn.ts:209:34: error eslint(no-unused-vars): Identifier 'findPath' is imported but never used. help: Consider removing this import.
app/world-turn.ts:211:38: error eslint(no-unused-vars): Type 'AttackReservation' is imported but never used. help: Consider removing this import.
app/world-turn.ts:212:30: error eslint(no-unused-vars): Identifier 'emptyPersonOrder' is imported but never used. help: Consider removing this import.
app/world-turn.ts:212:53: error eslint(no-unused-vars): Type 'OrderPool' is imported but never used. help: Consider removing this import.
app/world-turn.ts:214:3: error eslint(no-unused-vars): Identifier 'clickPersonSelection' is imported but never used. help: Consider removing this import.
app/world-turn.ts:215:3: error eslint(no-unused-vars): Identifier 'markPersonSelected' is imported but never used. help: Consider removing this import.
app/world-turn.ts:216:3: error eslint(no-unused-vars): Identifier 'selectedPersonVoice' is imported but never used. help: Consider removing this import.
app/world-turn.ts:217:3: error eslint(no-unused-vars): Identifier 'selectedGroupVoices' is imported but never used. help: Consider removing this import.
app/world-turn.ts:218:3: error eslint(no-unused-vars): Identifier 'canDragPerson' is imported but never used. help: Consider removing this import.
app/world-turn.ts:219:3: error eslint(no-unused-vars): Identifier 'personInCompletedTower' is imported but never used. help: Consider removing this import.
app/world-turn.ts:222:3: error eslint(no-unused-vars): Identifier 'dragCommandCorners' is imported but never used. help: Consider removing this import.
app/world-turn.ts:223:3: error eslint(no-unused-vars): Identifier 'dragCellBounds' is imported but never used. help: Consider removing this import.
app/world-turn.ts:224:3: error eslint(no-unused-vars): Identifier 'inDragCells' is imported but never used. help: Consider removing this import.
app/world-turn.ts:225:3: error eslint(no-unused-vars): Identifier 'unwrapDragCorners' is imported but never used. help: Consider removing this import.
app/world-turn.ts:226:3: error eslint(no-unused-vars): Identifier 'inDragSelection' is imported but never used. help: Consider removing this import.
app/world-turn.ts:228:10: error eslint(no-unused-vars): Identifier 'relocateFight' is imported but never used. help: Consider removing this import.
app/world-turn.ts:229:10: error eslint(no-unused-vars): Identifier 'chooseMeleeAttack' is imported but never used. help: Consider removing this import.
app/world-turn.ts:229:29: error eslint(no-unused-vars): Identifier 'meleeDuration' is imported but never used. help: Consider removing this import.
app/world-turn.ts:229:49: error eslint(no-unused-vars): Type 'MeleeAttack' is imported but never used. help: Consider removing this import.
app/world-turn.ts:232:10: error eslint(no-unused-vars): Identifier 'stepBuildingWork' is imported but never used. help: Consider removing this import.
app/world-turn.ts:232:28: error eslint(no-unused-vars): Identifier 'stepBuildingDeparture' is imported but never used. help: Consider removing this import.
app/world-turn.ts:232:51: error eslint(no-unused-vars): Identifier 'stepBuildingApproach' is imported but never used. help: Consider removing this import.
app/world-turn.ts:233:10: error eslint(no-unused-vars): Identifier 'stepBuildingFetch' is imported but never used. help: Consider removing this import.
app/world-turn.ts:234:10: error eslint(no-unused-vars): Identifier 'stepBuildingLevel' is imported but never used. help: Consider removing this import.
app/world-turn.ts:237:3: error eslint(no-unused-vars): Identifier 'faceTribe' is imported but never used. help: Consider removing this import.
app/world-turn.ts:238:3: error eslint(no-unused-vars): Identifier 'personAnimationObject' is imported but never used. help: Consider removing this import.
app/world-turn.ts:239:3: error eslint(no-unused-vars): Identifier 'recoverPersonMovement' is imported but never used. help: Consider removing this import.
app/world-turn.ts:241:3: error eslint(no-unused-vars): Identifier 'setPersonAnimationRow' is imported but never used. help: Consider removing this import.
app/world-turn.ts:242:3: error eslint(no-unused-vars): Identifier 'stopPersonMovement' is imported but never used. help: Consider removing this import.
app/world-turn.ts:245:3: error eslint(no-unused-vars): Identifier 'stepBuildingScenery' is imported but never used. help: Consider removing this import.
app/world-turn.ts:246:3: error eslint(no-unused-vars): Identifier 'stepBuildingPeople' is imported but never used. help: Consider removing this import.
app/world-turn.ts:248:8: error eslint(no-unused-vars): Type 'ClearingPerson' is imported but never used. help: Consider removing this import.
app/world-turn.ts:250:10: error eslint(no-unused-vars): Identifier 'restingCellAvailable' is imported but never used. help: Consider removing this import.
app/world-turn.ts:251:10: error eslint(no-unused-vars): Identifier 'buildingCellValid' is imported but never used. help: Consider removing this import.
app/world-turn.ts:252:10: error eslint(no-unused-vars): Identifier 'notifyTerrainObjects' is imported but never used. help: Consider removing this import.
app/world-turn.ts:253:10: error eslint(no-unused-vars): Identifier 'turnPerson' is imported but never used. help: Consider removing this import.
app/world-turn.ts:254:10: error eslint(no-unused-vars): Identifier 'addTerrainLight' is imported but never used. help: Consider removing this import.
app/world-turn.ts:254:27: error eslint(no-unused-vars): Identifier 'updateTerrainLights' is imported but never used. help: Consider removing this import.
app/world-turn.ts:254:53: error eslint(no-unused-vars): Type 'TerrainLights' is imported but never used. help: Consider removing this import.
app/world-turn.ts:255:26: error eslint(no-unused-vars): Identifier 'looseWoodInCell' is imported but never used. help: Consider removing this import.
app/world-turn.ts:257:3: error eslint(no-unused-vars): Identifier 'startTimberHarvest' is imported but never used. help: Consider removing this import.
app/world-turn.ts:258:3: error eslint(no-unused-vars): Identifier 'stepTimberHarvest' is imported but never used. help: Consider removing this import.
app/world-turn.ts:259:3: error eslint(no-unused-vars): Identifier 'timberTransfer' is imported but never used. help: Consider removing this import.
app/world-turn.ts:261:3: error eslint(no-unused-vars): Identifier 'reserveTimber' is imported but never used. help: Consider removing this import.
app/world-turn.ts:262:3: error eslint(no-unused-vars): Identifier 'releaseTimberReservation' is imported but never used. help: Consider removing this import.
app/world-turn.ts:264:10: error eslint(no-unused-vars): Identifier 'createIndexedSearch' is imported but never used. help: Consider removing this import.
app/world-turn.ts:266:3: error eslint(no-unused-vars): Identifier 'createTimberSearches' is imported but never used. help: Consider removing this import.
app/world-turn.ts:267:3: error eslint(no-unused-vars): Identifier 'findTimber' is imported but never used. help: Consider removing this import.
app/world-turn.ts:268:3: error eslint(no-unused-vars): Identifier 'invalidateTimberSearch' is imported but never used. help: Consider removing this import.
app/world-turn.ts:269:3: error eslint(no-unused-vars): Identifier 'invalidateTimberRoutes' is imported but never used. help: Consider removing this import.
app/world-turn.ts:270:3: error eslint(no-unused-vars): Identifier 'looseTimberInCell' is imported but never used. help: Consider removing this import.
app/world-turn.ts:271:3: error eslint(no-unused-vars): Identifier 'orderedTimberCells' is imported but never used. help: Consider removing this import.
app/world-turn.ts:272:3: error eslint(no-unused-vars): Identifier 'refreshTimberSearch' is imported but never used. help: Consider removing this import.
app/world-turn.ts:273:3: error eslint(no-unused-vars): Identifier 'stepTimberSearches' is imported but never used. help: Consider removing this import.
app/world-turn.ts:274:8: error eslint(no-unused-vars): Type 'TimberSearchWorld' is imported but never used. help: Consider removing this import.
app/world-turn.ts:276:10: error eslint(no-unused-vars): Identifier 'reincarnationStones' is imported but never used. help: Consider removing this import.
app/world-turn.ts:278:10: error eslint(no-unused-vars): Identifier 'personStepCollision' is imported but never used. help: Consider removing this import.
app/world-turn.ts:279:35: error eslint(no-unused-vars): Type 'AnimatedUnit' is imported but never used. help: Consider removing this import.
app/world-turn.ts:280:49: error eslint(no-unused-vars): Type 'SpellTrail' is imported but never used. help: Consider removing this import.
app/world-turn.ts:281:10: error eslint(no-unused-vars): Identifier 'createBuildingSmoke' is imported but never used. help: Consider removing this import.
app/world-turn.ts:281:55: error eslint(no-unused-vars): Type 'BuildingSmoke' is imported but never used. help: Consider removing this import.
app/world-turn.ts:282:10: error eslint(no-unused-vars): Identifier 'collapseBuildingFaces' is imported but never used. help: Consider removing this import.
app/world-turn.ts:283:8: error eslint(no-unused-vars): Identifier 'modelAssets' is imported but never used. help: Consider removing this import.
app/world-turn.ts:284:15: error eslint(no-unused-vars): Type 'NativeModel' is imported but never used. help: Consider removing this import.
app/world-turn.ts:285:30: error eslint(no-unused-vars): Type 'Lightning' is imported but never used. help: Consider removing this import.
app/world-turn.ts:286:49: error eslint(no-unused-vars): Type 'LandBridge' is imported but never used. help: Consider removing this import.
app/world-turn.ts:287:43: error eslint(no-unused-vars): Type 'Flatten' is imported but never used. help: Consider removing this import.
app/world-turn.ts:288:43: error eslint(no-unused-vars): Type 'Erosion' is imported but never used. help: Consider removing this import.
app/world-turn.ts:289:47: error eslint(no-unused-vars): Type 'Firestorm' is imported but never used. help: Consider removing this import.
app/world-turn.ts:290:49: error eslint(no-unused-vars): Type 'Earthquake' is imported but never used. help: Consider removing this import.
app/world-turn.ts:291:43: error eslint(no-unused-vars): Type 'Volcano' is imported but never used. help: Consider removing this import.
app/world-turn.ts:294:3: error eslint(no-unused-vars): Identifier 'probeLivePathCost' is imported but never used. help: Consider removing this import.
app/world-turn.ts:296:3: error eslint(no-unused-vars): Identifier 'replanLivePath' is imported but never used. help: Consider removing this import.
app/world-turn.ts:301:3: error eslint(no-unused-vars): Identifier 'collisionWorld' is imported but never used. help: Consider removing this import.
app/world-turn.ts:302:3: error eslint(no-unused-vars): Identifier 'enterLiveCombat' is imported but never used. help: Consider removing this import.
app/world-turn.ts:305:3: error eslint(no-unused-vars): Identifier 'stepLiveEncounter' is imported but never used. help: Consider removing this import.
app/world-turn.ts:307:3: error eslint(no-unused-vars): Identifier 'createMeleePerson' is imported but never used. help: Consider removing this import.
app/world-turn.ts:308:3: error eslint(no-unused-vars): Identifier 'setLivePersonAnimation' is imported but never used. help: Consider removing this import.
app/world-turn.ts:309:3: error eslint(no-unused-vars): Identifier 'initializeLiveCelebration' is imported but never used. help: Consider removing this import.
app/world-turn.ts:310:3: error eslint(no-unused-vars): Identifier 'initializeLivePanic' is imported but never used. help: Consider removing this import.
app/world-turn.ts:320:3: error eslint(no-unused-vars): Identifier 'startMeleeKnockback' is imported but never used. help: Consider removing this import.
app/world-turn.ts:321:3: error eslint(no-unused-vars): Identifier 'approachLiveMelee' is imported but never used. help: Consider removing this import.
app/world-turn.ts:326:10: error eslint(no-unused-vars): Identifier 'removeObjectFromCell' is imported but never used. help: Consider removing this import.
app/world-turn.ts:326:52: error eslint(no-unused-vars): Type 'ObjectCells' is imported but never used. help: Consider removing this import.
app/world-turn.ts:332:8: error eslint(no-unused-vars): Type 'BuildingEntry' is imported but never used. help: Consider removing this import.
app/world-turn.ts:333:8: error eslint(no-unused-vars): Type 'BuildingAdmission' is imported but never used. help: Consider removing this import.
app/world-turn.ts:343:3: error eslint(no-unused-vars): Identifier 'createMotionRoutes' is imported but never used. help: Consider removing this import.
app/world-turn.ts:345:3: error eslint(no-unused-vars): Identifier 'setDirectPersonDestination' is imported but never used. help: Consider removing this import.
app/world-turn.ts:346:3: error eslint(no-unused-vars): Identifier 'releasePersonRoute' is imported but never used. help: Consider removing this import.
app/world-turn.ts:347:8: error eslint(no-unused-vars): Type 'MotionRoutes' is imported but never used. help: Consider removing this import.
app/world-turn.ts:352:3: error eslint(no-unused-vars): Identifier 'random' is imported but never used. help: Consider removing this import.
app/world-turn.ts:353:3: error eslint(no-unused-vars): Identifier 'positionDistance' is imported but never used. help: Consider removing this import.
app/world-turn.ts:354:3: error eslint(no-unused-vars): Identifier 'nativeTerrainCross' is imported but never used. help: Consider removing this import.
app/world-turn.ts:361:8: error eslint(no-unused-vars): Type 'NativeTerrain' is imported but never used. help: Consider removing this import.
app/world-turn.ts:363:38: error eslint(no-unused-vars): Type 'Territory' is imported but never used. help: Consider removing this import.
app/world-turn.ts:366:3: error eslint(no-unused-vars): Identifier 'processOutcome' is imported but never used. help: Consider removing this import.
app/world-turn.ts:368:8: error eslint(no-unused-vars): Type 'TribeTurnState' is imported but never used. help: Consider removing this import.
app/world-turn.ts:369:8: error eslint(no-unused-vars): Type 'OutcomeWorld' is imported but never used. help: Consider removing this import.
app/world-turn.ts:373:3: error eslint(no-unused-vars): Identifier 'buildingFootprintCells' is imported but never used. help: Consider removing this import.
app/world-turn.ts:374:3: error eslint(no-unused-vars): Identifier 'buildingFootprintTiles' is imported but never used. help: Consider removing this import.
app/world-turn.ts:375:8: error eslint(no-unused-vars): Type 'BuildingShapePose' is imported but never used. help: Consider removing this import.
app/world-turn.ts:376:3: error eslint(no-unused-vars): Identifier 'buildingOutsidePoint' is imported but never used. help: Consider removing this import.
app/world-turn.ts:377:3: error eslint(no-unused-vars): Identifier 'buildingInsidePoint' is imported but never used. help: Consider removing this import.
app/world-turn.ts:379:3: error eslint(no-unused-vars): Identifier 'buildingGradeVertices' is imported but never used. help: Consider removing this import.
app/world-turn.ts:380:3: error eslint(no-unused-vars): Identifier 'buildingPlanHeight' is imported but never used. help: Consider removing this import.
app/world-turn.ts:381:3: error eslint(no-unused-vars): Identifier 'levelBuildingGround' is imported but never used. help: Consider removing this import.
app/world-turn.ts:382:3: error eslint(no-unused-vars): Identifier 'buildingSmokePoint' is imported but never used. help: Consider removing this import.
app/world-turn.ts:383:3: error eslint(no-unused-vars): Identifier 'buildingRepairArea' is imported but never used. help: Consider removing this import.
app/world-turn.ts:385:10: error eslint(no-unused-vars): Identifier 'nativeTrainingCost' is imported but never used. help: Consider removing this import.
app/world-turn.ts:387:3: error eslint(no-unused-vars): Identifier 'stepBuildingTerrain' is imported but never used. help: Consider removing this import.
app/world-turn.ts:388:3: error eslint(no-unused-vars): Identifier 'stepTerrainCollapse' is imported but never used. help: Consider removing this import.
app/world-turn.ts:389:8: error eslint(no-unused-vars): Type 'BuildingTerrain' is imported but never used. help: Consider removing this import.
app/world-turn.ts:391:36: error eslint(no-unused-vars): Type 'SinkingBuilding' is imported but never used. help: Consider removing this import.
app/world-turn.ts:393:3: error eslint(no-unused-vars): Identifier 'advanceCollapse' is imported but never used. help: Consider removing this import.
app/world-turn.ts:395:3: error eslint(no-unused-vars): Identifier 'processBuildingDamage' is imported but never used. help: Consider removing this import.
app/world-turn.ts:397:3: error eslint(no-unused-vars): Identifier 'stepBuildingBurn' is imported but never used. help: Consider removing this import.
app/world-turn.ts:398:8: error eslint(no-unused-vars): Type 'BuildingBurn' is imported but never used. help: Consider removing this import.
app/world-turn.ts:399:3: error eslint(no-unused-vars): Identifier 'changeBuildingWork' is imported but never used. help: Consider removing this import.
app/world-turn.ts:400:3: error eslint(no-unused-vars): Identifier 'buildingWorkStage' is imported but never used. help: Consider removing this import.
app/world-turn.ts:401:8: error eslint(no-unused-vars): Type 'DamageBuilding' is imported but never used. help: Consider removing this import.
app/world-turn.ts:402:8: error eslint(no-unused-vars): Type 'BuildingPlan' is imported but never used. help: Consider removing this import.
app/world-turn.ts:409:8: error eslint(no-unused-vars): Type 'ManaWorld' is imported but never used. help: Consider removing this import.
app/world-turn.ts:410:8: error eslint(no-unused-vars): Type 'ManaTribe' is imported but never used. help: Consider removing this import.
app/world-turn.ts:412:10: error eslint(no-unused-vars): Identifier 'createTribeCasting' is imported but never used. help: Consider removing this import.
app/world-turn.ts:412:61: error eslint(no-unused-vars): Type 'TribeCasting' is imported but never used. help: Consider removing this import.
app/world-turn.ts:413:15: error eslint(no-unused-vars): Type 'SpellTargetScan' is imported but never used. help: Consider removing this import.
app/world-turn.ts:415:3: error eslint(no-unused-vars): Identifier 'requestAttack' is imported but never used. help: Consider removing this import.
app/world-turn.ts:416:3: error eslint(no-unused-vars): Identifier 'requestMarkerTask' is imported but never used. help: Consider removing this import.
app/world-turn.ts:417:3: error eslint(no-unused-vars): Identifier 'requestShamanGuard' is imported but never used. help: Consider removing this import.
app/world-turn.ts:418:3: error eslint(no-unused-vars): Identifier 'requestTraining' is imported but never used. help: Consider removing this import.
app/world-turn.ts:419:3: error eslint(no-unused-vars): Identifier 'creditAttackTask' is imported but never used. help: Consider removing this import.
app/world-turn.ts:421:10: error eslint(no-unused-vars): Identifier 'availableTrainingPeople' is imported but never used. help: Consider removing this import.
app/world-turn.ts:422:10: error eslint(no-unused-vars): Identifier 'createFlyby' is imported but never used. help: Consider removing this import.
app/world-turn.ts:422:23: error eslint(no-unused-vars): Identifier 'flybyCommand' is imported but never used. help: Consider removing this import.
app/world-turn.ts:422:42: error eslint(no-unused-vars): Type 'Flyby' is imported but never used. help: Consider removing this import.
app/world-turn.ts:428:8: error eslint(no-unused-vars): Type 'WorshipState' is imported but never used. help: Consider removing this import.
app/world-turn.ts:430:15: error eslint(no-unused-vars): Type 'ModelMorph' is imported but never used. help: Consider removing this import.
app/world-turn.ts:431:43: error eslint(no-unused-vars): Identifier 'stepVaultTask' is imported but never used. help: Consider removing this import.
app/world-turn.ts:431:63: error eslint(no-unused-vars): Type 'VaultTask' is imported but never used. help: Consider removing this import.
app/world-turn.ts:433:15: error eslint(no-unused-vars): Type 'UnitKind' is imported but never used. help: Consider removing this import.
app/world-turn.ts:536:9: warning eslint(no-nested-ternary): Do not nest ternary expressions. help: Refactor nested ternary expressions into if-else statements for better readability.
app/world-turn.ts:538:13: warning eslint(no-nested-ternary): Do not nest ternary expressions. help: Refactor nested ternary expressions into if-else statements for better readability.
app/world-turn.ts:540:15: warning eslint(no-nested-ternary): Do not nest ternary expressions. help: Refactor nested ternary expressions into if-else statements for better readability.
app/world-turn.ts:542:17: warning eslint(no-nested-ternary): Do not nest ternary expressions. help: Refactor nested ternary expressions into if-else statements for better readability.
app/world-turn.ts:544:19: warning eslint(no-nested-ternary): Do not nest ternary expressions. help: Refactor nested ternary expressions into if-else statements for better readability.
app/world-turn.ts:546:21: warning unicorn(no-nested-ternary): Unexpected deeply nested ternary expression. help: Avoid nesting ternary expressions for more than one level.
app/world-turn.ts:900:17: error unicorn(prefer-spread): Prefer the spread operator (`...`) over Array.from() help: The spread operator (`...`) is more concise and readable.
app/world-turn.ts:1108:23: warning eslint(no-nested-ternary): Do not nest ternary expressions. help: Refactor nested ternary expressions into if-else statements for better readability.
app/world-turn.ts:1110:17: warning unicorn(no-nested-ternary): Unexpected nested ternary expression without parentheses. help: Add parentheses around the nested ternary expression.
app/world-turn.ts:1134:22: warning eslint(prefer-destructuring): Use Array destructuring. help: Use array destructuring rather than direct member access.
app/world-turn.ts:1400:11: warning unicorn(no-negated-condition): Unexpected negated condition. help: Remove the negation operator and switch the consequent and alternate branches.
app/world-turn.ts:1456:28: warning eslint(no-nested-ternary): Do not nest ternary expressions. help: Refactor nested ternary expressions into if-else statements for better readability.
app/world-turn.ts:1457:9: warning unicorn(no-nested-ternary): Unexpected nested ternary expression without parentheses. help: Add parentheses around the nested ternary expression.
app/world-turn.ts:1462:7: warning eslint(no-nested-ternary): Do not nest ternary expressions. help: Refactor nested ternary expressions into if-else statements for better readability.
app/world-turn.ts:1462:46: warning unicorn(no-nested-ternary): Unexpected nested ternary expression without parentheses. help: Add parentheses around the nested ternary expression.
app/world-turn.ts:1539:20: warning eslint(prefer-destructuring): Use Array destructuring. help: Use array destructuring rather than direct member access.
app/world-turn.ts:1549:59: error eslint(no-multi-assign): Do not use chained assignment help: Separate each assignment into its own statement
app/world-turn.ts:1585:21: warning eslint(prefer-destructuring): Use Array destructuring. help: Use array destructuring rather than direct member access.
app/world-turn.ts:1596:12: warning unicorn(no-array-sort): Use `Array#toSorted()` instead of `Array#sort()`. help: `Array#sort()` mutates the original array. Use `Array#toSorted()` to return a new sorted array without modifying the original.
app/world-turn.ts:1635:38: warning unicorn(no-array-sort): Use `Array#toSorted()` instead of `Array#sort()`. help: `Array#sort()` mutates the original array. Use `Array#toSorted()` to return a new sorted array without modifying the original.
app/world-turn.ts:1735:29: warning eslint(no-nested-ternary): Do not nest ternary expressions. help: Refactor nested ternary expressions into if-else statements for better readability.
app/world-turn.ts:1735:55: warning unicorn(no-nested-ternary): Unexpected nested ternary expression without parentheses. help: Add parentheses around the nested ternary expression.
app/world-turn.ts:1739:10: warning eslint(no-nested-ternary): Do not nest ternary expressions. help: Refactor nested ternary expressions into if-else statements for better readability.
app/world-turn.ts:1739:41: warning unicorn(no-nested-ternary): Unexpected nested ternary expression without parentheses. help: Add parentheses around the nested ternary expression.
