✔ G queues one shared native guard and repeat replaces it without early preparation (370.063055ms)
✔ G empty selection cancels adopted guards through the next native visit (185.289137ms)
✔ G Shaman-only selection cancels adopted guards through the next native visit (122.348727ms)
✔ native G retains the ordinary move owner and route until its deferred turn (88.843737ms)
✔ pending G replacement survives pause and checkpoint (110.601277ms)
✔ pending G cancellation survives pause and checkpoint (135.158041ms)
✔ G exhaustion still clears and attaches slot zero then retries after cleanup frees a slot (136.926436ms)
✔ target entering a vehicle with inside still null completes the saved guard order (158.766957ms)
✔ actual deferred G setters match native phase vector G-retain-deselect-1-3 (113.142333ms)
✔ actual deferred G setters match native phase vector G-retain-deselect-7-5 (74.24807ms)
✔ actual deferred G setters match native phase vector G-retain-deselect-0-2 (85.40925ms)
✔ protected preparation and passenger early-return retain pending ownership until actual adoption (80.643189ms)
✔ protected cancelled state10 retains ownership until its empty-queue transition really occurs (82.671728ms)
✔ death anchors to the saved Shaman in another cell before cleanup (87.941552ms)
✔ class0 anchors to the saved Shaman in another cell before cleanup (114.082254ms)
✔ vehicle anchors to the saved Shaman in another cell before cleanup (154.374597ms)
✔ cancel anchors to the saved Shaman in another cell before cleanup (143.985266ms)
✔ saved Shaman identity does not retarget when the current Shaman is replaced (162.707745ms)
✔ legacy boolean checkpoints retain their old targetless history until supported fresh input (227.375543ms)
✔ flight single selection retains the entire legacy G operation (142.311894ms)
✔ flight mixed selection retains the entire legacy G operation (94.940221ms)
✔ fight single selection retains the entire legacy G operation (85.290731ms)
✔ fight mixed selection retains the entire legacy G operation (76.902666ms)
✔ entry single selection retains the entire legacy G operation (69.461382ms)
✔ entry mixed selection retains the entire legacy G operation (126.571047ms)
✔ builder single selection retains the entire legacy G operation (117.438895ms)
✔ builder mixed selection retains the entire legacy G operation (76.607363ms)
✔ passenger single selection retains the entire legacy G operation (97.46405ms)
✔ passenger mixed selection retains the entire legacy G operation (68.721987ms)
✔ work single selection retains the entire legacy G operation (90.116628ms)
✔ work mixed selection retains the entire legacy G operation (107.676235ms)
✔ gather single selection retains the entire legacy G operation (83.874665ms)
✔ gather mixed selection retains the entire legacy G operation (138.570386ms)
✔ delivery single selection retains the entire legacy G operation (100.226328ms)
✔ delivery mixed selection retains the entire legacy G operation (72.318171ms)
✔ casting single selection retains the entire legacy G operation (81.174366ms)
✔ casting mixed selection retains the entire legacy G operation (87.541751ms)
✔ legacy single selection retains the entire legacy G operation (85.270962ms)
✔ legacy mixed selection retains the entire legacy G operation (103.411632ms)
✔ legacy path single selection retains the entire legacy G operation (161.405504ms)
✔ legacy path mixed selection retains the entire legacy G operation (139.667388ms)
✔ different route owner single selection retains the entire legacy G operation (128.43119ms)
✔ different route owner mixed selection retains the entire legacy G operation (142.554853ms)
✔ native Brave guards do not fall into legacy automatic housing while near the Shaman (158.190486ms)
✔ G replacement/cancellation have identical turn ownership at ordinary and irregular refresh schedules (169.547981ms)
✔ native G producer: shared-two-followers-repeat-and-partial-replacement / G allocates one shared command30 (9.539162ms)
✔ native G producer: shared-two-followers-repeat-and-partial-replacement / G repeats while both selected (5.933152ms)
✔ native G producer: shared-two-followers-repeat-and-partial-replacement / G replaces only selected first follower (8.658481ms)
✔ native G producer: shared-order-no-follower-selection-cancellation / G creates (1.009344ms)
✔ native G producer: shared-order-no-follower-selection-cancellation / Shaman-only G cancels both adopted guards (0.970155ms)
✔ native G producer: queued-not-adopted-no-selection / G queues (0.507071ms)
✔ native G producer: queued-not-adopted-no-selection / G without non-Shaman selection before adoption (1.325579ms)
✔ native G producer: exhausted-pool-no-old-order / G allocation fails separately for both followers (4.762375ms)
✔ native G producer: exhausted-pool-clear-frees-slot-for-later-person / first failure clears old1, later retry succeeds and third shares (20.414073ms)
✔ native G producer: last-free-slot-wrap-is-shared / G uses last free slot once (1.801944ms)
✔ native G producer: producer-selected-dead-flag / raw selected non-Shaman-pointer still receives command30 (25.605367ms)
✔ native G producer: producer-selected-protected / raw selected non-Shaman-pointer still receives command30 (0.690175ms)
✔ native G producer: producer-selected-airborne / raw selected non-Shaman-pointer still receives command30 (0.478848ms)
✔ native G producer: producer-selected-ghost / raw selected non-Shaman-pointer still receives command30 (0.459529ms)
✔ native G producer: producer-selected-removed-class / raw selected non-Shaman-pointer still receives command30 (0.523165ms)
✔ native G producer: producer-selected-other-model7 / raw selected non-Shaman-pointer still receives command30 (0.601122ms)
✔ native G producer: producer-selected-training-state21 / raw selected non-Shaman-pointer still receives command30 (0.427241ms)
✔ native G producer: vehicle-passenger-selection-retain1 / G selected passengers (4.483117ms)
✔ native G producer: absent-current-shaman-does-not-issue-or-cancel / no Shaman pointer with selected followers (0.440571ms)
✔ native G producer: absent-current-shaman-does-not-issue-or-cancel / restore Shaman and issue (0.660531ms)
✔ native G producer: absent-current-shaman-does-not-issue-or-cancel / no Shaman pointer with existing guards (0.843205ms)
✔ native G producer: stale-shaman-pointer-dead / producer still emits target73 (0.422203ms)
✔ native G producer: stale-shaman-pointer-class0 / producer still emits target73 (0.438358ms)
✔ native G producer: stale-shaman-pointer-vehicle / producer still emits target73 (0.925528ms)
✔ native G producer: saved-target-is-not-rebound-by-tribe-shaman-replacement / G targets original73 (0.513801ms)
✔ native G producer: saved-target-is-not-rebound-by-tribe-shaman-replacement / new explicit G targets replacement74 (0.437337ms)
✔ native Guard distance: near-axis0-delta-824 (0.29308ms)
✔ native Guard distance: near-axis0-delta-823 (0.057036ms)
✔ native Guard distance: near-axis0-delta823 (0.042464ms)
✔ native Guard distance: near-axis0-delta824 (0.201733ms)
✔ native Guard distance: near-axis1-delta-824 (0.050186ms)
✔ native Guard distance: near-axis1-delta-823 (0.037106ms)
✔ native Guard distance: near-axis1-delta823 (0.228112ms)
✔ native Guard distance: near-axis1-delta824 (0.072458ms)
✔ native Guard distance: signed-edge-person32767-target32768 (1.02662ms)
✔ native Guard distance: signed-edge-person32768-target32767 (0.07987ms)
✔ native Guard distance: signed-edge-person0-target32768 (0.048573ms)
✔ native Guard distance: signed-edge-person32768-target0 (0.051317ms)
✔ native Guard distance: signed-edge-person65535-target0 (0.030505ms)
✔ native Guard distance: signed-edge-person0-target65535 (0.025348ms)
✔ native Guard distance: signed-edge-person32768-target33591 (0.024987ms)
✔ native Guard distance: signed-edge-person32768-target33592 (0.024687ms)
✔ native Guard distance: signed-edge-person32768-target31945 (0.21349ms)
✔ native Guard distance: signed-edge-person32768-target31944 (0.419319ms)
✔ native Guard distance: replan-axis0-delta-440 (0.082224ms)
✔ native Guard distance: replan-axis0-delta-439 (0.031908ms)
✔ native Guard distance: replan-axis0-delta439 (0.027391ms)
✔ native Guard distance: replan-axis0-delta440 (0.024036ms)
✔ native Guard distance: replan-axis1-delta-440 (0.025238ms)
✔ native Guard distance: replan-axis1-delta-439 (0.022143ms)
✔ native Guard distance: replan-axis1-delta439 (0.023696ms)
✔ native Guard distance: replan-axis1-delta440 (0.022734ms)
✔ native Guard distance: replan-signed-edge-goal32767-target32768 (0.021622ms)
✔ native Guard distance: replan-signed-edge-goal32768-target32767 (0.021312ms)
ℹ tests 99
ℹ suites 0
ℹ pass 99
ℹ fail 0
ℹ cancelled 0
ℹ skipped 0
ℹ todo 0
ℹ duration_ms 7426.894107
