✔ disabled policy and malformed or infinite limits fail closed (6.40857ms)
✔ Load rewinds create new additive epochs; Continue resets only the mission subtotal (18.944868ms)
✔ M3 conversion permits its bounded remainder without resetting campaign time (0.385899ms)
✔ committed checkpoint digest and synchronous loaded projection have distinct boundaries (1.040502ms)
✔ Continue requires same store, new scene/World and current correspondence (7.855632ms)
✔ campaign completion requires exact fresh committed prefixes (0.648163ms)
✔ actual browser subscription captures once, observes replacement and never writes to the store (0.510646ms)
✔ real failed envelope may carry a verified Continue/Save boundary and all failures (1.390618ms)
✔ unknown cleanup, omitted milestones, wrong save/source and arbitrary failed saves reject (9.158308ms)
✔ actual harness cleanup override cannot be admitted as the intended retained-prefix boundary failure (0.816876ms)
✔ later terminal failures, omitted failure binding and outcome substitutions reject (2.340964ms)
✔ a clean bound mission boundary still resumes through the maintained success envelope (0.773712ms)
✔ visually unpicked ground in a registered enemy building cell is rejected as a move (61.548071ms)
✔ a genuine enabled ground move remains eligible while blocked/coastal and other contexts are rejected (40.171251ms)
✔ source-owned building lookup resolves an occupied footprint cell without mutating the world (33.589442ms)
✔ a building click requires the exact source-resolved attack target and fresh selected dispatch (20.007894ms)
✔ integer interior selection rejects a fractional edge and competing canvas pixels (1.693833ms)
✔ context diagnostics reject a disabled or substituted target and retain observation turn (0.379019ms)
✔ actual entityHit chooses an integer interior point using the current picker and canvas ownership (1.471579ms)
✔ actual candidate order prefers interior anchors and retains an occluded-anchor scan fallback (2.536207ms)
✔ input state copies existing rect, projection, body version and cache without invoking scene work (0.637938ms)
✔ actual clickOrder rejects stale or disabled entity input after the before-state read, and accepts a fresh target (1.223486ms)
✔ delivered pointer observation calls each original picker once, preserves its result and restores all wrappers (0.840521ms)
✔ pointer observation preserves a thrown original error and still restores wrappers (0.238298ms)
✔ actual mixed and terrain wrappers preserve arguments, prototype methods, errors and immutable cache observations (1.066251ms)
✔ actual entity preparation rejects disabled context before any final picker and rejects a stale final target (2.055696ms)
✔ actual delivery and finalizer bodies preserve the original partial-click error and retain a separate cleanup error (2.01876ms)
✔ prospective linked Erosion keeps real scalar onset and64 adjacent visits through actual zero-counter removal (9.191017ms)
✔ late arming, prior matching effects, missing linked onset and ambiguous targets cannot fabricate Erosion proof (0.688614ms)
✔ wrong identity, target, countdown, skipped turns or early absence fail closed (4.189088ms)
✔ passive hook chains original once and never mutates world or loses observer errors (0.846581ms)
✔ unrelated combat or time cannot reset an Erosion or named-target progress deadline (0.716856ms)
✔ actual M3 simulation producer exposes shrine-linked64-turn lifecycle to the passive hook (not browser proof) (1569.848244ms)
✔ terrain evidence reads four actual packed quarter-cell bits without undefined-to-null loss (0.621953ms)
✔ actual controller identity and each finite native-center coordinate are retained through visits and removal (16.676398ms)
✔ readiness and named training ignore unrelated movement, births, combat and construction (1.697618ms)
✔ minimap inverse rejects the closest pixel hidden by a tab and never chooses a non-canvas point (3.302277ms)
✔ observer chains original exactly once with receiver, arguments and return preserved (2.043187ms)
✔ diagnostic exceptions are contained while original application exceptions remain visible (1.276206ms)
✔ reload epochs sum forward intervals without pairing across a rewind (0.374682ms)
✔ exact conversion requires adjacent turns, singleton matching and no diagnostic errors (1.203517ms)
✔ ordinary death or polling gaps do not satisfy conversion (0.443797ms)
✔ required sermon actors fail fast while completed conversion and unrelated lifecycles remain valid (2.095236ms)
✔ sermon approach anchor is prospective, conservative and deterministic (4.381366ms)
✔ anchor tactic excludes nearby specialists with logged distances and never silently widens (0.827942ms)
✔ a declared pool locks the first actual owned sermon and preserves a same-turn ID tie (1.388174ms)
✔ sermon policy cannot be armed after an owned listener or a conversion already exists (0.683516ms)
✔ an idle Preacher timer is not progress toward a housed candidate (0.449375ms)
✔ prospective sermon approaches stay in the actual ordinary native cell square (0.280692ms)
✔ progress ignores turn-only changes but retains training mana and sermon timer (1.4255ms)
✔ null, undefined and hostile diagnostic exceptions cannot escape afterTurn (0.510797ms)
✔ building snapshots copy real admission occupancy and queue data (0.373661ms)
✔ budget stops have an explicit incomplete classification, not a gameplay assertion (0.518498ms)
✔ authored identity follows only the reviewed imported allocation prefix, not current position (1.610787ms)
✔ entity order evidence rejects missed input and separately labels an existing assignment (1.142375ms)
✔ ground input evidence correlates the requested point, new marker and actual recipient (0.868363ms)
✔ an actually observed owned marker survives expiry as dispatch-correlated evidence (1.224418ms)
✔ marker history requires actual secondary ownership and retains a bounded cursor window (14.068248ms)
✔ construction progress includes assigned workers while delivered logs remain unchanged (0.357596ms)
✔ wall-clock stalls and active budget stops are incomplete; defeat is terminal failure (1.172831ms)
✔ the shared batch/wait/catch status guard makes every observed defeat terminal (0.860191ms)
✔ escort preparation has900 active seconds while the whole journey stays within2400 (0.228613ms)
✔ a newly satisfied condition cannot bypass the current resource envelope (0.350847ms)
✔ only the exact next owned sole stop is exposed; ordinary and later commands stay untouched; malformed inputs fail closed (4.818033ms)
✔ queued control rejects symlink, hardlink, oversized files and invalid current-run boundaries (1.356126ms)
✔ all bounded host polls check a queued stop before the first predicate and between samples (2.369236ms)
✔ actual active-condition wait services preservation before diagnostics, health, budget or objective (1.971329ms)
✔ actual active-batch stop records bytes/hash/current run and terminates mixed or changed inputs (17.611257ms)
✔ actual already-present and active-wait controls share authentication and terminal preservation on failure (23.770092ms)
✔ a queued stop during a pending Save is recorded but deferred until actual committed identity is known (5.171133ms)
✔ active command-error handler cannot swallow an invalid preserving request and dispatch another action (0.352579ms)
✔ actual Save readback commits protectedLatest before servicing its deferred preserving stop (1.26581ms)
✔ actual flyby, camera, dispatch and victory polling route through preserving control before browser predicates (4.793876ms)
✔ preserving Pause can run before diagnostic binding and never invents missing UI state (0.578508ms)
✔ carried source modules match their exact historical objects and current test bytes (104.247758ms)
✔ reuse inventory identifies exact unchanged and adapted scenario sections (26.405528ms)
✔ current candidate carries the accepted application subtree and unchanged maintained profile harness (103.232424ms)
✔ complete campaign accepts independently scoped mission proof sequences (2.280844ms)
✔ earlier mission camp, training, checkpoint and victory cannot satisfy the next mission (1.650618ms)
✔ unscoped and wrong-level records cannot be silently relabelled (0.589585ms)
✔ duplicate and out-of-order required proof remains failed (0.728423ms)
✔ checkpoint, victory and protected Mission 3 names require their real wrappers (1.450428ms)
✔ bridge gates require accepted ordinary casts or the actual linked shrine use (1.544218ms)
✔ arbitrary names and mutation cannot change the finite marking surface (0.6126ms)
✔ prospectively observed Erosion onset is optional metadata before retirement proof (0.410917ms)
✔ actual Continue path disposes the old epoch, clicks Continue and rebinds before any new mission input (5.704493ms)
✔ actual Save/Load wrapper clicks ordinary Pause before binding/import/digest work and validates actual stored identity (16.512146ms)
✔ actual progress adapter rejects unscoped combat and ignores unrelated watch IDs (1.356907ms)
✔ actual reused entry validates before Load, restores typed sermon history and requires fresh current identity (6.496863ms)
✔ actual active wait stops on named worker loss before a flyby and preserves queued-stop priority (4.96975ms)
✔ actual Erosion body selects only the fresh converted Brave and arms before the ordinary order (2.350288ms)
✔ actual conversion and mark bodies retain the original budget milestone while recording a fresh successor proof (1.094763ms)
✔ inherited conversion proof cannot authorize overwriting the freshly restored sermon (0.538558ms)
✔ module guard rejects disabled policy and enabled import remains preparation-only (6.409812ms)
✔ actual victory matcher and Continue dispatch match the complete current JSX accessible name (3.0779ms)
✔ actual named-effect routing reaches the retained handler and excludes unrelated effects (3.262448ms)
✔ actual Continue/Save producer binds the exact deliberate error that reaches the terminal harness (2.283628ms)
✔ exact published predecessor retains the failed prefix and open epoch once, without a current replacement (13.459965ms)
✔ actual hash reader rejects substituted or missing raw evidence before admission (17.149904ms)
✔ different predecessor, source, checkpoint, cleanup, history or budget cannot enter (49.232073ms)
✔ named worship worker loss, combat or lost order stops immediately; completed use remains valid (0.743676ms)
✔ named head and assigned-worker progress ignores unrelated motion and timers (0.410927ms)
✔ absent current conversion or a different replacement cannot supply the new worker (1.681765ms)
ℹ tests 103
ℹ suites 0
ℹ pass 103
ℹ fail 0
ℹ cancelled 0
ℹ skipped 0
ℹ todo 0
ℹ duration_ms 2279.374104
