✔ review checkpoint cannot launch; malformed and infinite limits fail closed (7.102551ms)
✔ Load rewinds create new additive epochs; Continue resets only the mission subtotal (7.403632ms)
✔ M3 conversion permits its bounded remainder without resetting campaign time (0.254232ms)
✔ committed checkpoint digest and synchronous loaded projection have distinct boundaries (1.464438ms)
✔ Continue requires same store, new scene/World and current correspondence (0.581622ms)
✔ campaign completion requires exact fresh committed prefixes (1.104037ms)
✔ actual browser subscription captures once, observes replacement and never writes to the store (0.610016ms)
✔ real failed envelope may carry a verified Continue/Save boundary and all failures (1.608454ms)
✔ unknown cleanup, omitted milestones, wrong save/source and arbitrary failed saves reject (6.967937ms)
✔ actual harness cleanup override cannot be admitted as the intended retained-prefix boundary failure (5.317471ms)
✔ later terminal failures, omitted failure binding and outcome substitutions reject (0.775484ms)
✔ a clean bound mission boundary still resumes through the maintained success envelope (4.542758ms)
✔ visually unpicked ground in a registered enemy building cell is rejected as a move (66.903877ms)
✔ a genuine enabled ground move remains eligible while blocked/coastal and other contexts are rejected (57.092762ms)
✔ source-owned building lookup resolves an occupied footprint cell without mutating the world (44.528674ms)
✔ a building click requires the exact source-resolved attack target and fresh selected dispatch (36.025381ms)
✔ prospective linked Erosion keeps real scalar onset and64 adjacent visits through actual zero-counter removal (14.330324ms)
✔ late arming, prior matching effects, missing linked onset and ambiguous targets cannot fabricate Erosion proof (1.220041ms)
✔ wrong identity, target, countdown, skipped turns or early absence fail closed (5.864602ms)
✔ passive hook chains original once and never mutates world or loses observer errors (1.358049ms)
✔ unrelated combat or time cannot reset an Erosion or named-target progress deadline (0.644437ms)
✔ actual M3 simulation producer exposes shrine-linked64-turn lifecycle to the passive hook (not browser proof) (2039.475906ms)
✔ terrain evidence reads four actual packed quarter-cell bits without undefined-to-null loss (0.473741ms)
✔ actual controller identity and each finite native-center coordinate are retained through visits and removal (24.31191ms)
✔ readiness and named training ignore unrelated movement, births, combat and construction (4.331872ms)
✔ minimap inverse rejects the closest pixel hidden by a tab and never chooses a non-canvas point (4.472212ms)
✔ observer chains original exactly once with receiver, arguments and return preserved (3.610268ms)
✔ diagnostic exceptions are contained while original application exceptions remain visible (4.314276ms)
✔ reload epochs sum forward intervals without pairing across a rewind (0.281603ms)
✔ exact conversion requires adjacent turns, singleton matching and no diagnostic errors (0.69302ms)
✔ ordinary death or polling gaps do not satisfy conversion (0.358808ms)
✔ required sermon actors fail fast while completed conversion and unrelated lifecycles remain valid (0.582514ms)
✔ sermon approach anchor is prospective, conservative and deterministic (6.441217ms)
✔ anchor tactic excludes nearby specialists with logged distances and never silently widens (1.035404ms)
✔ a declared pool locks the first actual owned sermon and preserves a same-turn ID tie (4.20443ms)
✔ sermon policy cannot be armed after an owned listener or a conversion already exists (0.459159ms)
✔ an idle Preacher timer is not progress toward a housed candidate (1.253542ms)
✔ prospective sermon approaches stay in the actual ordinary native cell square (0.222023ms)
✔ progress ignores turn-only changes but retains training mana and sermon timer (0.399229ms)
✔ null, undefined and hostile diagnostic exceptions cannot escape afterTurn (0.521924ms)
✔ building snapshots copy real admission occupancy and queue data (3.070379ms)
✔ budget stops have an explicit incomplete classification, not a gameplay assertion (0.211347ms)
✔ authored identity follows only the reviewed imported allocation prefix, not current position (2.573542ms)
✔ entity order evidence rejects missed input and separately labels an existing assignment (0.636605ms)
✔ ground input evidence correlates the requested point, new marker and actual recipient (0.384607ms)
✔ an actually observed owned marker survives expiry as dispatch-correlated evidence (2.144369ms)
✔ marker history requires actual secondary ownership and retains a bounded cursor window (5.597882ms)
✔ construction progress includes assigned workers while delivered logs remain unchanged (0.411077ms)
✔ wall-clock stalls and active budget stops are incomplete; defeat is terminal failure (0.623777ms)
✔ the shared batch/wait/catch status guard makes every observed defeat terminal (0.33312ms)
✔ escort preparation has900 active seconds while the whole journey stays within2400 (0.232709ms)
✔ a newly satisfied condition cannot bypass the current resource envelope (7.212365ms)
✔ only the exact next owned sole stop is exposed; ordinary and later commands stay untouched; malformed inputs fail closed (14.045951ms)
✔ queued control rejects symlink, hardlink, oversized files and invalid current-run boundaries (4.236028ms)
✔ all bounded host polls check a queued stop before the first predicate and between samples (1.046761ms)
✔ actual active-condition wait services preservation before diagnostics, health, budget or objective (1.856516ms)
✔ actual active-batch stop records bytes/hash/current run and terminates mixed or changed inputs (21.691355ms)
✔ actual already-present and active-wait controls share authentication and terminal preservation on failure (21.479087ms)
✔ a queued stop during a pending Save is recorded but deferred until actual committed identity is known (1.39896ms)
✔ active command-error handler cannot swallow an invalid preserving request and dispatch another action (0.627722ms)
✔ actual Save readback commits protectedLatest before servicing its deferred preserving stop (1.249856ms)
✔ actual flyby, camera, dispatch and victory polling route through preserving control before browser predicates (2.210848ms)
✔ preserving Pause can run before diagnostic binding and never invents missing UI state (0.747032ms)
✔ carried source modules match their exact historical objects and current test bytes (87.074932ms)
✔ reuse inventory identifies exact unchanged and adapted scenario sections (20.608ms)
✔ current candidate carries the accepted application subtree and unchanged maintained profile harness (78.151359ms)
✔ complete campaign accepts independently scoped mission proof sequences (5.877942ms)
✔ earlier mission camp, training, checkpoint and victory cannot satisfy the next mission (4.099723ms)
✔ unscoped and wrong-level records cannot be silently relabelled (3.362106ms)
✔ duplicate and out-of-order required proof remains failed (4.364411ms)
✔ checkpoint, victory and protected Mission 3 names require their real wrappers (5.16994ms)
✔ bridge gates require accepted ordinary casts or the actual linked shrine use (1.864208ms)
✔ arbitrary names and mutation cannot change the finite marking surface (0.40593ms)
✔ prospectively observed Erosion onset is optional metadata before retirement proof (2.680823ms)
✔ actual Continue path disposes the old epoch, clicks Continue and rebinds before any new mission input (6.657933ms)
✔ actual Save/Load wrapper clicks ordinary Pause before binding/import/digest work and validates actual stored identity (7.243942ms)
✔ actual progress adapter rejects unscoped combat and ignores unrelated watch IDs (1.248204ms)
✔ disabled source checkpoint rejects scenario import before the harness may launch (12.943396ms)
✔ actual victory matcher and Continue dispatch match the complete current JSX accessible name (4.367114ms)
✔ actual named-effect routing reaches the retained handler and excludes unrelated effects (2.023897ms)
✔ actual Continue/Save producer binds the exact deliberate error that reaches the terminal harness (2.654655ms)
ℹ tests 81
ℹ suites 0
ℹ pass 81
ℹ fail 0
ℹ cancelled 0
ℹ skipped 0
ℹ todo 0
ℹ duration_ms 3058.8407
