✔ observer preserves production calls, observes state without writes, and captures after the real render (2.754191ms)
✔ original renderer errors propagate exactly; diagnostic errors do not suppress it (0.804807ms)
✖ crossed birth and retirement remain separate when no real render occurs between them (1.075273ms)
ℹ tests 3
ℹ suites 0
ℹ pass 2
ℹ fail 1
ℹ cancelled 0
ℹ skipped 0
ℹ todo 0
ℹ duration_ms 107.61093

✖ failing tests:

test at work/orchestration/vault-hfx/driver/witness.test.mjs:66:1
✖ crossed birth and retirement remain separate when no real render occurs between them (1.075273ms)
  AssertionError [ERR_ASSERTION]: Mode4 Gift has no ordinaryWorship recipient field
  + actual - expected
  
  + 'birth'
  - 'retirement'
  
      at TestContext.<anonymous> (file:///workspace/scratch/69fd8163d94e/cloud-dev-20261004/mission3-vault-hfx/work/orchestration/vault-hfx/driver/witness.test.mjs:74:10)
      at async Test.run (node:internal/test_runner/test:1389:7)
      at async Test.processPendingSubtests (node:internal/test_runner/test:960:7) {
    generatedMessage: false,
    code: 'ERR_ASSERTION',
    actual: 'birth',
    expected: 'retirement',
    operator: 'strictEqual',
    diff: 'simple'
  }
