✖ actual harness cleanup override cannot be admitted as the intended retained-prefix boundary failure (2.896438ms)
✖ later terminal failures, omitted failure binding and outcome substitutions reject (0.358758ms)
ℹ tests 2
ℹ suites 0
ℹ pass 0
ℹ fail 2
ℹ cancelled 0
ℹ skipped 0
ℹ todo 0
ℹ duration_ms 85.520924

✖ failing tests:

test at qa/campaign-continuity/boundaries.test.mjs:110:1
✖ actual harness cleanup override cannot be admitted as the intended retained-prefix boundary failure (2.896438ms)
  AssertionError [ERR_ASSERTION]: Missing expected exception.
      at TestContext.<anonymous> (file:///workspace/scratch/69fd8163d94e/cloud-dev-20261004/current-campaign-continuity/qa/campaign-continuity/boundaries.test.mjs:118:10)
      at Test.runInAsyncScope (node:async_hooks:227:14)
      at Test.run (node:internal/test_runner/test:1382:25)
      at Test.start (node:internal/test_runner/test:1242:17)
      at startSubtestAfterBootstrap (node:internal/test_runner/harness:387:17) {
    generatedMessage: false,
    code: 'ERR_ASSERTION',
    actual: undefined,
    expected: /terminal|failure|override/i,
    operator: 'throws',
    diff: 'simple'
  }

test at qa/campaign-continuity/boundaries.test.mjs:120:1
✖ later terminal failures, omitted failure binding and outcome substitutions reject (0.358758ms)
  AssertionError [ERR_ASSERTION]: Missing expected exception.
      at TestContext.<anonymous> (file:///workspace/scratch/69fd8163d94e/cloud-dev-20261004/current-campaign-continuity/qa/campaign-continuity/boundaries.test.mjs:127:66)
      at Test.runInAsyncScope (node:async_hooks:227:14)
      at Test.run (node:internal/test_runner/test:1382:25)
      at Test.processPendingSubtests (node:internal/test_runner/test:960:18)
      at Test.postRun (node:internal/test_runner/test:1522:19)
      at Test.run (node:internal/test_runner/test:1447:12)
      at async startSubtestAfterBootstrap (node:internal/test_runner/harness:387:3) {
    generatedMessage: false,
    code: 'ERR_ASSERTION',
    actual: undefined,
    expected: undefined,
    operator: 'throws',
    diff: 'simple'
  }
