✔ G queues one shared native guard and repeat replaces it without early preparation (289.032048ms)
✔ G empty selection cancels adopted guards through the next native visit (162.682857ms)
✔ G Shaman-only selection cancels adopted guards through the next native visit (105.779531ms)
✔ native G retains the ordinary move owner and route until its deferred turn (77.954248ms)
✔ same-turn move replacement discards G before the legacy resting initializer (98.734605ms)
✔ same-turn attack replacement discards G before the legacy resting initializer (109.201778ms)
✔ same-turn worship replacement discards G before the legacy resting initializer (115.220635ms)
✔ same-turn entry replacement discards G before the legacy resting initializer (95.902864ms)
✔ pending G replacement survives pause and checkpoint (129.61236ms)
✔ pending G cancellation survives pause and checkpoint (169.6525ms)
✔ G exhaustion still clears and attaches slot zero then retries after cleanup frees a slot (149.953096ms)
✔ target entering a vehicle with inside still null completes the saved guard order (165.190872ms)
✔ ordinary Shaman Tower entry retains Guard and resolves its building outside point (143.658867ms)
✔ actual deferred G setters match native phase vector G-retain-deselect-1-3 (139.494235ms)
✔ actual deferred G setters match native phase vector G-retain-deselect-7-5 (120.416596ms)
✔ actual deferred G setters match native phase vector G-retain-deselect-0-2 (98.437048ms)
✔ protected preparation and passenger early-return retain pending ownership until actual adoption (64.590336ms)
✔ protected cancelled state10 retains ownership until its empty-queue transition really occurs (98.675687ms)
✔ death anchors to the saved Shaman in another cell before cleanup (71.459648ms)
✔ class0 anchors to the saved Shaman in another cell before cleanup (66.921626ms)
✔ vehicle anchors to the saved Shaman in another cell before cleanup (114.404469ms)
✔ cancel anchors to the saved Shaman in another cell before cleanup (205.138434ms)
✔ saved Shaman identity does not retarget when the current Shaman is replaced (169.838099ms)
✔ legacy boolean checkpoints retain their old targetless history until supported fresh input (236.194186ms)
✔ flight single selection retains the entire legacy G operation (180.916931ms)
✔ flight mixed selection retains the entire legacy G operation (93.572284ms)
✔ fight single selection retains the entire legacy G operation (94.246958ms)
✔ fight mixed selection retains the entire legacy G operation (93.330632ms)
✔ entry single selection retains the entire legacy G operation (72.750476ms)
✔ entry mixed selection retains the entire legacy G operation (75.740495ms)
✔ builder single selection retains the entire legacy G operation (86.230923ms)
✔ builder mixed selection retains the entire legacy G operation (131.228326ms)
✔ passenger single selection retains the entire legacy G operation (167.176824ms)
✔ passenger mixed selection retains the entire legacy G operation (189.84939ms)
✔ work single selection retains the entire legacy G operation (128.412449ms)
✔ work mixed selection retains the entire legacy G operation (101.231163ms)
✔ gather single selection retains the entire legacy G operation (89.262254ms)
✔ gather mixed selection retains the entire legacy G operation (116.426124ms)
✔ delivery single selection retains the entire legacy G operation (72.990046ms)
✔ delivery mixed selection retains the entire legacy G operation (87.085607ms)
✔ casting single selection retains the entire legacy G operation (83.314266ms)
✔ casting mixed selection retains the entire legacy G operation (76.202248ms)
✔ legacy single selection retains the entire legacy G operation (91.31786ms)
✔ legacy mixed selection retains the entire legacy G operation (88.792079ms)
✔ legacy path single selection retains the entire legacy G operation (129.614623ms)
✔ legacy path mixed selection retains the entire legacy G operation (170.822096ms)
✔ different route owner single selection retains the entire legacy G operation (168.305389ms)
✔ different route owner mixed selection retains the entire legacy G operation (129.483617ms)
✔ native Brave guards do not fall into legacy automatic housing while near the Shaman (127.61408ms)
✔ G replacement/cancellation have identical turn ownership at ordinary and irregular refresh schedules (204.527937ms)
✔ native G producer: shared-two-followers-repeat-and-partial-replacement / G allocates one shared command30 (13.486026ms)
✔ native G producer: shared-two-followers-repeat-and-partial-replacement / G repeats while both selected (4.206525ms)
✔ native G producer: shared-two-followers-repeat-and-partial-replacement / G replaces only selected first follower (9.77808ms)
✔ native G producer: shared-order-no-follower-selection-cancellation / G creates (32.647632ms)
✔ native G producer: shared-order-no-follower-selection-cancellation / Shaman-only G cancels both adopted guards (0.733581ms)
✔ native G producer: queued-not-adopted-no-selection / G queues (0.565879ms)
✔ native G producer: queued-not-adopted-no-selection / G without non-Shaman selection before adoption (0.470276ms)
✔ native G producer: exhausted-pool-no-old-order / G allocation fails separately for both followers (2.214915ms)
✔ native G producer: exhausted-pool-clear-frees-slot-for-later-person / first failure clears old1, later retry succeeds and third shares (4.200987ms)
✔ native G producer: last-free-slot-wrap-is-shared / G uses last free slot once (4.497943ms)
✔ native G producer: producer-selected-dead-flag / raw selected non-Shaman-pointer still receives command30 (0.533851ms)
✔ native G producer: producer-selected-protected / raw selected non-Shaman-pointer still receives command30 (1.382846ms)
✔ native G producer: producer-selected-airborne / raw selected non-Shaman-pointer still receives command30 (0.449104ms)
✔ native G producer: producer-selected-ghost / raw selected non-Shaman-pointer still receives command30 (0.46624ms)
✔ native G producer: producer-selected-removed-class / raw selected non-Shaman-pointer still receives command30 (0.440161ms)
✔ native G producer: producer-selected-other-model7 / raw selected non-Shaman-pointer still receives command30 (0.457567ms)
✔ native G producer: producer-selected-training-state21 / raw selected non-Shaman-pointer still receives command30 (0.370656ms)
✔ native G producer: vehicle-passenger-selection-retain1 / G selected passengers (0.412139ms)
✔ native G producer: absent-current-shaman-does-not-issue-or-cancel / no Shaman pointer with selected followers (0.368433ms)
✔ native G producer: absent-current-shaman-does-not-issue-or-cancel / restore Shaman and issue (0.575434ms)
✔ native G producer: absent-current-shaman-does-not-issue-or-cancel / no Shaman pointer with existing guards (1.715275ms)
✔ native G producer: stale-shaman-pointer-dead / producer still emits target73 (1.564629ms)
✔ native G producer: stale-shaman-pointer-class0 / producer still emits target73 (0.72578ms)
✔ native G producer: stale-shaman-pointer-vehicle / producer still emits target73 (1.13879ms)
✔ native G producer: saved-target-is-not-rebound-by-tribe-shaman-replacement / G targets original73 (0.441182ms)
✔ native G producer: saved-target-is-not-rebound-by-tribe-shaman-replacement / new explicit G targets replacement74 (0.369895ms)
✔ native Guard distance: near-axis0-delta-824 (0.263917ms)
✔ native Guard distance: near-axis0-delta-823 (0.05276ms)
✔ native Guard distance: near-axis0-delta823 (0.037957ms)
✔ native Guard distance: near-axis0-delta824 (0.223755ms)
✔ native Guard distance: near-axis1-delta-824 (0.045909ms)
✔ native Guard distance: near-axis1-delta-823 (0.036105ms)
✔ native Guard distance: near-axis1-delta823 (0.178708ms)
✔ native Guard distance: near-axis1-delta824 (0.054652ms)
✔ native Guard distance: signed-edge-person32767-target32768 (0.115073ms)
✔ native Guard distance: signed-edge-person32768-target32767 (0.061883ms)
✔ native Guard distance: signed-edge-person0-target32768 (0.043064ms)
✔ native Guard distance: signed-edge-person32768-target0 (0.039279ms)
✔ native Guard distance: signed-edge-person65535-target0 (0.027842ms)
✔ native Guard distance: signed-edge-person0-target65535 (0.025838ms)
✔ native Guard distance: signed-edge-person32768-target33591 (0.024376ms)
✔ native Guard distance: signed-edge-person32768-target33592 (0.023956ms)
✔ native Guard distance: signed-edge-person32768-target31945 (0.147532ms)
✔ native Guard distance: signed-edge-person32768-target31944 (0.394623ms)
✔ native Guard distance: replan-axis0-delta-440 (0.072459ms)
✔ native Guard distance: replan-axis0-delta-439 (0.032168ms)
✔ native Guard distance: replan-axis0-delta439 (0.025418ms)
✔ native Guard distance: replan-axis0-delta440 (0.023585ms)
✔ native Guard distance: replan-axis1-delta-440 (0.022603ms)
✔ native Guard distance: replan-axis1-delta-439 (0.022814ms)
✔ native Guard distance: replan-axis1-delta439 (0.021973ms)
✔ native Guard distance: replan-axis1-delta440 (0.021292ms)
✔ native Guard distance: replan-signed-edge-goal32767-target32768 (0.021593ms)
✔ native Guard distance: replan-signed-edge-goal32768-target32767 (0.021612ms)
ℹ tests 104
ℹ suites 0
ℹ pass 104
ℹ fail 0
ℹ cancelled 0
ℹ skipped 0
ℹ todo 0
ℹ duration_ms 8143.167215
