✔ disabled policy and malformed or infinite limits fail closed (7.16083ms)
✔ Load rewinds create new additive epochs; Continue resets only the mission subtotal (7.31389ms)
✔ M3 conversion permits its bounded remainder without resetting campaign time (0.436265ms)
✔ committed checkpoint digest and synchronous loaded projection have distinct boundaries (1.27897ms)
✔ Continue requires same store, new scene/World and current correspondence (0.85931ms)
✔ campaign completion requires exact fresh committed prefixes (0.664137ms)
✔ actual browser subscription captures once, observes replacement and never writes to the store (0.555945ms)
✔ real failed envelope may carry a verified Continue/Save boundary and all failures (1.475375ms)
✔ unknown cleanup, omitted milestones, wrong save/source and arbitrary failed saves reject (3.270389ms)
✔ actual harness cleanup override cannot be admitted as the intended retained-prefix boundary failure (1.212781ms)
✔ later terminal failures, omitted failure binding and outcome substitutions reject (0.824498ms)
✔ a clean bound mission boundary still resumes through the maintained success envelope (1.507003ms)
✔ visually unpicked ground in a registered enemy building cell is rejected as a move (59.159793ms)
✔ a genuine enabled ground move remains eligible while blocked/coastal and other contexts are rejected (59.19056ms)
✔ source-owned building lookup resolves an occupied footprint cell without mutating the world (54.695961ms)
✔ a building click requires the exact source-resolved attack target and fresh selected dispatch (21.924633ms)
✔ prospective linked Erosion keeps real scalar onset and64 adjacent visits through actual zero-counter removal (12.373946ms)
✔ late arming, prior matching effects, missing linked onset and ambiguous targets cannot fabricate Erosion proof (0.988484ms)
✔ wrong identity, target, countdown, skipped turns or early absence fail closed (13.559696ms)
✔ passive hook chains original once and never mutates world or loses observer errors (1.403808ms)
✔ unrelated combat or time cannot reset an Erosion or named-target progress deadline (0.580512ms)
✔ actual M3 simulation producer exposes shrine-linked64-turn lifecycle to the passive hook (not browser proof) (1501.560515ms)
✔ terrain evidence reads four actual packed quarter-cell bits without undefined-to-null loss (0.493941ms)
✔ actual controller identity and each finite native-center coordinate are retained through visits and removal (17.994884ms)
✔ readiness and named training ignore unrelated movement, births, combat and construction (1.254804ms)
✔ minimap inverse rejects the closest pixel hidden by a tab and never chooses a non-canvas point (2.689547ms)
✔ observer chains original exactly once with receiver, arguments and return preserved (1.185309ms)
✔ diagnostic exceptions are contained while original application exceptions remain visible (1.170037ms)
✔ reload epochs sum forward intervals without pairing across a rewind (0.350617ms)
✔ exact conversion requires adjacent turns, singleton matching and no diagnostic errors (0.644939ms)
✔ ordinary death or polling gaps do not satisfy conversion (0.402925ms)
✔ required sermon actors fail fast while completed conversion and unrelated lifecycles remain valid (0.626951ms)
✔ sermon approach anchor is prospective, conservative and deterministic (2.760424ms)
✔ anchor tactic excludes nearby specialists with logged distances and never silently widens (0.78594ms)
✔ a declared pool locks the first actual owned sermon and preserves a same-turn ID tie (1.347894ms)
✔ sermon policy cannot be armed after an owned listener or a conversion already exists (0.286721ms)
✔ an idle Preacher timer is not progress toward a housed candidate (0.358188ms)
✔ prospective sermon approaches stay in the actual ordinary native cell square (0.22022ms)
✔ progress ignores turn-only changes but retains training mana and sermon timer (0.32639ms)
✔ null, undefined and hostile diagnostic exceptions cannot escape afterTurn (0.375644ms)
✔ building snapshots copy real admission occupancy and queue data (0.329144ms)
✔ budget stops have an explicit incomplete classification, not a gameplay assertion (0.185658ms)
✔ authored identity follows only the reviewed imported allocation prefix, not current position (1.707223ms)
✔ entity order evidence rejects missed input and separately labels an existing assignment (0.543897ms)
✔ ground input evidence correlates the requested point, new marker and actual recipient (0.389205ms)
✔ an actually observed owned marker survives expiry as dispatch-correlated evidence (1.130517ms)
✔ marker history requires actual secondary ownership and retains a bounded cursor window (3.796831ms)
✔ construction progress includes assigned workers while delivered logs remain unchanged (0.238879ms)
✔ wall-clock stalls and active budget stops are incomplete; defeat is terminal failure (0.203445ms)
✔ the shared batch/wait/catch status guard makes every observed defeat terminal (0.277417ms)
✔ escort preparation has900 active seconds while the whole journey stays within2400 (0.173811ms)
✔ a newly satisfied condition cannot bypass the current resource envelope (6.781731ms)
✔ only the exact next owned sole stop is exposed; ordinary and later commands stay untouched; malformed inputs fail closed (3.559694ms)
✔ queued control rejects symlink, hardlink, oversized files and invalid current-run boundaries (1.068915ms)
✔ all bounded host polls check a queued stop before the first predicate and between samples (1.39219ms)
✔ actual active-condition wait services preservation before diagnostics, health, budget or objective (1.347573ms)
✔ actual active-batch stop records bytes/hash/current run and terminates mixed or changed inputs (6.408451ms)
✔ actual already-present and active-wait controls share authentication and terminal preservation on failure (8.844948ms)
✔ a queued stop during a pending Save is recorded but deferred until actual committed identity is known (0.802635ms)
✔ active command-error handler cannot swallow an invalid preserving request and dispatch another action (0.391888ms)
✔ actual Save readback commits protectedLatest before servicing its deferred preserving stop (1.056736ms)
✔ actual flyby, camera, dispatch and victory polling route through preserving control before browser predicates (2.591201ms)
✔ preserving Pause can run before diagnostic binding and never invents missing UI state (0.476085ms)
✔ carried source modules match their exact historical objects and current test bytes (76.194676ms)
✔ reuse inventory identifies exact unchanged and adapted scenario sections (12.540326ms)
✔ current candidate carries the accepted application subtree and unchanged maintained profile harness (58.707789ms)
✔ complete campaign accepts independently scoped mission proof sequences (1.378519ms)
✔ earlier mission camp, training, checkpoint and victory cannot satisfy the next mission (4.500416ms)
✔ unscoped and wrong-level records cannot be silently relabelled (0.510276ms)
✔ duplicate and out-of-order required proof remains failed (0.584147ms)
✔ checkpoint, victory and protected Mission 3 names require their real wrappers (1.430788ms)
✔ bridge gates require accepted ordinary casts or the actual linked shrine use (1.557428ms)
✔ arbitrary names and mutation cannot change the finite marking surface (0.524657ms)
✔ prospectively observed Erosion onset is optional metadata before retirement proof (0.338078ms)
✔ actual Continue path disposes the old epoch, clicks Continue and rebinds before any new mission input (3.657801ms)
✔ actual Save/Load wrapper clicks ordinary Pause before binding/import/digest work and validates actual stored identity (3.43098ms)
✔ actual progress adapter rejects unscoped combat and ignores unrelated watch IDs (0.683005ms)
✔ module guard rejects disabled policy and enabled import remains preparation-only (4.393656ms)
✔ actual victory matcher and Continue dispatch match the complete current JSX accessible name (2.276477ms)
✔ actual named-effect routing reaches the retained handler and excludes unrelated effects (1.110107ms)
✔ actual Continue/Save producer binds the exact deliberate error that reaches the terminal harness (1.624318ms)
ℹ tests 81
ℹ suites 0
ℹ pass 81
ℹ fail 0
ℹ cancelled 0
ℹ skipped 0
ℹ todo 0
ℹ duration_ms 2253.74687
