command failed 4 page.waitForFunction: Timeout 180000ms exceeded.
command failed 9 page.waitForFunction: Timeout 1000ms exceeded.
command failed 14 {"error":"No valid rendered ground target","point":{"x":91,"z":119}}
command failed 21 {"error":"No canvas-owned rendered hit","collection":"units","id":20,"center":{"x":807.125,"y":417.9375},"misses":[null,7,14]}
command failed 26 page.waitForFunction: TypeError: window.missionTwoObserveReady is not a function
    at eval (eval at <anonymous> (eval at predicate (eval at evaluate (:311:30))), <anonymous>:1:8)
    at eval (<anonymous>)
    at eval (eval at predicate (eval at evaluate (:311:30)), <anonymous>:1:30)
    at predicate (eval at evaluate (:311:30), <anonymous>:7:27)
    at next (eval at evaluate (:311:30), <anonymous>:29:33)
    at eval (eval at evaluate (:311:30), <anonymous>:42:13)
    at UtilityScript.evaluate (<anonymous>:313:16)
    at UtilityScript.<anonymous> (<anonymous>:1:44)
command failed 27 locator.click: Timeout 45000ms exceeded.
Call log:
[2m  - waiting for getByRole('button', { name: 'Pause game', exact: true })[22m
[2m    - locator resolved to <button aria-label="Pause game" title="Pause / resume · Space">Ⅱ</button>[22m
[2m  - attempting click action[22m
[2m    2 × waiting for element to be visible, enabled and stable[22m
[2m      - element is visible, enabled and stable[22m
[2m      - scrolling into view if needed[22m
[2m      - done scrolling[22m
[2m      - <div data-vinext-dev-error-overlay="" id="__vinext_dev_error_overlay_root"></div> intercepts pointer events[22m
[2m    - retrying click action[22m
[2m    - waiting 20ms[22m
[2m    2 × waiting for element to be visible, enabled and stable[22m
[2m      - element is visible, enabled and stable[22m
[2m      - scrolling into view if needed[22m
[2m      - done scrolling[22m
[2m      - <div data-vinext-dev-error-overlay="" id="__vinext_dev_error_overlay_root"></div> intercepts pointer events[22m
[2m    - retrying click action[22m
[2m      - waiting 100ms[22m
[2m    46 × waiting for element to be visible, enabled and stable[22m
[2m       - element is visible, enabled and stable[22m
[2m       - scrolling into view if needed[22m
[2m       - done scrolling[22m
[2m       - <div data-vinext-dev-error-overlay="" id="__vinext_dev_error_overlay_root"></div> intercepts pointer events[22m
[2m     - retrying click action[22m
[2m       - waiting 500ms[22m

command failed 30 page.waitForFunction: Timeout 2000ms exceeded.
Error: page.waitForFunction: Timeout 2000ms exceeded.
    at until (/workspace/scratch/69fd8163d94e/cloud-dev-20261004/mission-two-controls-recovered/work/orchestration/mission-two-controls/explore.mjs:158:16)
    at async default (/workspace/scratch/69fd8163d94e/cloud-dev-20261004/mission-two-controls-recovered/work/orchestration/mission-two-controls/explore.mjs:210:36)
    at async runLocalBrowser (/workspace/scratch/69fd8163d94e/cloud-dev-20261004/mission-two-controls-recovered/scripts/local-render/harness.mjs:106:20)
    at async file:///workspace/scratch/69fd8163d94e/cloud-dev-20261004/mission-two-controls-recovered/scripts/local-render/harness.mjs:149:21
    at runLocalBrowser (file:///workspace/scratch/69fd8163d94e/cloud-dev-20261004/mission-two-controls-recovered/scripts/local-render/harness.mjs:132:47)
    at process.processTicksAndRejections (node:internal/process/task_queues:104:5)
    at async file:///workspace/scratch/69fd8163d94e/cloud-dev-20261004/mission-two-controls-recovered/scripts/local-render/harness.mjs:149:21
