✔ disabled policy and malformed or infinite limits fail closed (14.287525ms)
✔ Load rewinds create new additive epochs; Continue resets only the mission subtotal (9.771991ms)
✔ M3 conversion permits its bounded remainder without resetting campaign time (0.470797ms)
✔ committed checkpoint digest and synchronous loaded projection have distinct boundaries (2.190261ms)
✔ Continue requires same store, new scene/World and current correspondence (0.868555ms)
✔ campaign completion requires exact fresh committed prefixes (1.220564ms)
✔ actual browser subscription captures once, observes replacement and never writes to the store (0.628644ms)
✔ real failed envelope may carry a verified Continue/Save boundary and all failures (1.345642ms)
✔ unknown cleanup, omitted milestones, wrong save/source and arbitrary failed saves reject (4.19301ms)
✔ actual harness cleanup override cannot be admitted as the intended retained-prefix boundary failure (1.29108ms)
✔ later terminal failures, omitted failure binding and outcome substitutions reject (0.728365ms)
✔ a clean bound mission boundary still resumes through the maintained success envelope (0.320371ms)
✔ visually unpicked ground in a registered enemy building cell is rejected as a move (58.529457ms)
✔ a genuine enabled ground move remains eligible while blocked/coastal and other contexts are rejected (45.519711ms)
✔ source-owned building lookup resolves an occupied footprint cell without mutating the world (38.229365ms)
✔ a building click requires the exact source-resolved attack target and fresh selected dispatch (20.770298ms)
✔ integer interior selection rejects a fractional edge and competing canvas pixels (2.482838ms)
✔ context diagnostics reject a disabled or substituted target and retain observation turn (0.544607ms)
✔ actual entityHit chooses an integer interior point using the current picker and canvas ownership (2.295897ms)
✔ actual candidate order prefers interior anchors and retains an occluded-anchor scan fallback (4.20208ms)
✔ input state copies existing rect, projection, body version and cache without invoking scene work (0.936477ms)
✔ actual clickOrder rejects stale or disabled entity input after the before-state read, and accepts a fresh target (1.917008ms)
✔ delivered pointer observation calls each original picker once, preserves its result and restores all wrappers (1.334464ms)
✔ pointer observation preserves a thrown original error and still restores wrappers (0.421603ms)
✔ actual mixed and terrain wrappers preserve arguments, prototype methods, errors and immutable cache observations (1.310508ms)
✔ actual entity preparation rejects disabled context before any final picker and rejects a stale final target (2.262357ms)
✔ actual delivery and finalizer bodies preserve the original partial-click error and retain a separate cleanup error (2.653684ms)
✔ prospective linked Erosion keeps real scalar onset and64 adjacent visits through actual zero-counter removal (7.913983ms)
✔ late arming, prior matching effects, missing linked onset and ambiguous targets cannot fabricate Erosion proof (0.667532ms)
✔ wrong identity, target, countdown, skipped turns or early absence fail closed (3.60945ms)
✔ passive hook chains original once and never mutates world or loses observer errors (1.000032ms)
✔ unrelated combat or time cannot reset an Erosion or named-target progress deadline (0.453631ms)
✔ actual M3 simulation producer exposes shrine-linked64-turn lifecycle to the passive hook (not browser proof) (1711.669774ms)
✔ terrain evidence reads four actual packed quarter-cell bits without undefined-to-null loss (0.464428ms)
✔ actual controller identity and each finite native-center coordinate are retained through visits and removal (18.569183ms)
✔ readiness and named training ignore unrelated movement, births, combat and construction (1.436356ms)
✔ minimap inverse rejects the closest pixel hidden by a tab and never chooses a non-canvas point (3.470163ms)
✔ observer chains original exactly once with receiver, arguments and return preserved (1.933505ms)
✔ diagnostic exceptions are contained while original application exceptions remain visible (1.327034ms)
✔ reload epochs sum forward intervals without pairing across a rewind (0.333651ms)
✔ exact conversion requires adjacent turns, singleton matching and no diagnostic errors (0.981665ms)
✔ ordinary death or polling gaps do not satisfy conversion (0.420873ms)
✔ required sermon actors fail fast while completed conversion and unrelated lifecycles remain valid (0.715806ms)
✔ sermon approach anchor is prospective, conservative and deterministic (3.115471ms)
✔ anchor tactic excludes nearby specialists with logged distances and never silently widens (2.360076ms)
✔ a declared pool locks the first actual owned sermon and preserves a same-turn ID tie (1.82358ms)
✔ sermon policy cannot be armed after an owned listener or a conversion already exists (0.448003ms)
✔ an idle Preacher timer is not progress toward a housed candidate (0.43928ms)
✔ prospective sermon approaches stay in the actual ordinary native cell square (0.231287ms)
✔ progress ignores turn-only changes but retains training mana and sermon timer (0.483516ms)
✔ null, undefined and hostile diagnostic exceptions cannot escape afterTurn (0.451038ms)
✔ building snapshots copy real admission occupancy and queue data (0.241573ms)
✔ budget stops have an explicit incomplete classification, not a gameplay assertion (0.167412ms)
✔ authored identity follows only the reviewed imported allocation prefix, not current position (1.689399ms)
✔ entity order evidence rejects missed input and separately labels an existing assignment (0.666532ms)
✔ ground input evidence correlates the requested point, new marker and actual recipient (0.389826ms)
✔ an actually observed owned marker survives expiry as dispatch-correlated evidence (8.523025ms)
✔ marker history requires actual secondary ownership and retains a bounded cursor window (6.544883ms)
✔ construction progress includes assigned workers while delivered logs remain unchanged (0.434613ms)
✔ wall-clock stalls and active budget stops are incomplete; defeat is terminal failure (4.015002ms)
✔ the shared batch/wait/catch status guard makes every observed defeat terminal (0.387753ms)
✔ escort preparation has900 active seconds while the whole journey stays within2400 (0.714894ms)
✔ a newly satisfied condition cannot bypass the current resource envelope (1.075275ms)
✔ only the exact next owned sole stop is exposed; ordinary and later commands stay untouched; malformed inputs fail closed (8.600812ms)
✔ queued control rejects symlink, hardlink, oversized files and invalid current-run boundaries (1.223068ms)
✔ all bounded host polls check a queued stop before the first predicate and between samples (1.103809ms)
✔ actual active-condition wait services preservation before diagnostics, health, budget or objective (9.787114ms)
✔ actual active-batch stop records bytes/hash/current run and terminates mixed or changed inputs (23.642431ms)
✔ actual already-present and active-wait controls share authentication and terminal preservation on failure (23.094467ms)
✔ a queued stop during a pending Save is recorded but deferred until actual committed identity is known (0.672761ms)
✔ active command-error handler cannot swallow an invalid preserving request and dispatch another action (0.349004ms)
✔ actual Save readback commits protectedLatest before servicing its deferred preserving stop (12.939099ms)
✔ actual flyby, camera, dispatch and victory polling route through preserving control before browser predicates (2.475289ms)
✔ preserving Pause can run before diagnostic binding and never invents missing UI state (0.460822ms)
✔ carried source modules match their exact historical objects and current test bytes (115.54873ms)
✔ reuse inventory identifies exact unchanged and adapted scenario sections (12.260209ms)
✔ current candidate carries the accepted application subtree and unchanged maintained profile harness (125.081037ms)
✔ complete campaign accepts independently scoped mission proof sequences (1.758942ms)
✔ earlier mission camp, training, checkpoint and victory cannot satisfy the next mission (1.69671ms)
✔ unscoped and wrong-level records cannot be silently relabelled (0.406481ms)
✔ duplicate and out-of-order required proof remains failed (0.524558ms)
✔ checkpoint, victory and protected Mission 3 names require their real wrappers (1.204199ms)
✔ bridge gates require accepted ordinary casts or the actual linked shrine use (1.713174ms)
✔ arbitrary names and mutation cannot change the finite marking surface (0.350217ms)
✔ prospectively observed Erosion onset is optional metadata before retirement proof (0.370927ms)
✔ actual Continue path disposes the old epoch, clicks Continue and rebinds before any new mission input (5.513879ms)
✔ actual Save/Load wrapper clicks ordinary Pause before binding/import/digest work and validates actual stored identity (5.164796ms)
✔ actual progress adapter rejects unscoped combat and ignores unrelated watch IDs (1.100753ms)
✔ module guard rejects disabled policy and enabled import remains preparation-only (6.343576ms)
✔ actual victory matcher and Continue dispatch match the complete current JSX accessible name (3.152033ms)
✔ actual named-effect routing reaches the retained handler and excludes unrelated effects (1.717609ms)
✔ actual Continue/Save producer binds the exact deliberate error that reaches the terminal harness (2.469648ms)
ℹ tests 92
ℹ suites 0
ℹ pass 92
ℹ fail 0
ℹ cancelled 0
ℹ skipped 0
ℹ todo 0
ℹ duration_ms 2725.013148
