✖ readiness reads rebind after fresh page reload and on repeated calls (1.622856ms)
✖ readiness wait sequentially awaits false samples before accepting literal true (0.37306ms)
✖ a truthy non-boolean readiness field does not pass the wait (0.325067ms)
✖ read errors propagate and repeated unready samples time out without mutation (0.229985ms)
ℹ tests 4
ℹ suites 0
ℹ pass 0
ℹ fail 4
ℹ cancelled 0
ℹ skipped 0
ℹ todo 0
ℹ duration_ms 102.713309

✖ failing tests:

test at tests/browser-game-readiness.test.mjs:47:1
✖ readiness reads rebind after fresh page reload and on repeated calls (1.622856ms)
  AssertionError [ERR_ASSERTION]: Expected values to be strictly equal:
  + actual - expected
  
  + 'undefined'
  - 'function'
  
      at TestContext.<anonymous> (file:///workspace/scratch/69fd8163d94e/cloud-dev-20261004/checker-readiness-lifecycle/tests/browser-game-readiness.test.mjs:48:10)
      at Test.runInAsyncScope (node:async_hooks:227:14)
      at Test.run (node:internal/test_runner/test:1382:25)
      at Test.start (node:internal/test_runner/test:1242:17)
      at startSubtestAfterBootstrap (node:internal/test_runner/harness:387:17) {
    generatedMessage: true,
    code: 'ERR_ASSERTION',
    actual: 'undefined',
    expected: 'function',
    operator: 'strictEqual',
    diff: 'simple'
  }

test at tests/browser-game-readiness.test.mjs:58:1
✖ readiness wait sequentially awaits false samples before accepting literal true (0.37306ms)
  AssertionError [ERR_ASSERTION]: Expected values to be strictly equal:
  + actual - expected
  
  + 'undefined'
  - 'function'
  
      at TestContext.<anonymous> (file:///workspace/scratch/69fd8163d94e/cloud-dev-20261004/checker-readiness-lifecycle/tests/browser-game-readiness.test.mjs:59:10)
      at Test.runInAsyncScope (node:async_hooks:227:14)
      at Test.run (node:internal/test_runner/test:1382:25)
      at Test.processPendingSubtests (node:internal/test_runner/test:960:18)
      at Test.postRun (node:internal/test_runner/test:1522:19)
      at Test.run (node:internal/test_runner/test:1447:12)
      at async startSubtestAfterBootstrap (node:internal/test_runner/harness:387:3) {
    generatedMessage: true,
    code: 'ERR_ASSERTION',
    actual: 'undefined',
    expected: 'function',
    operator: 'strictEqual',
    diff: 'simple'
  }

test at tests/browser-game-readiness.test.mjs:69:1
✖ a truthy non-boolean readiness field does not pass the wait (0.325067ms)
  TypeError: browserGame.waitForShamanReadiness is not a function
      at TestContext.<anonymous> (file:///workspace/scratch/69fd8163d94e/cloud-dev-20261004/checker-readiness-lifecycle/tests/browser-game-readiness.test.mjs:71:36)
      at Test.runInAsyncScope (node:async_hooks:227:14)
      at Test.run (node:internal/test_runner/test:1382:25)
      at Test.processPendingSubtests (node:internal/test_runner/test:960:18)
      at Test.postRun (node:internal/test_runner/test:1522:19)
      at Test.run (node:internal/test_runner/test:1447:12)
      at async Test.processPendingSubtests (node:internal/test_runner/test:960:7)

test at tests/browser-game-readiness.test.mjs:76:1
✖ read errors propagate and repeated unready samples time out without mutation (0.229985ms)
  TypeError: browserGame.waitForShamanReadiness is not a function
      at TestContext.<anonymous> (file:///workspace/scratch/69fd8163d94e/cloud-dev-20261004/checker-readiness-lifecycle/tests/browser-game-readiness.test.mjs:78:36)
      at Test.runInAsyncScope (node:async_hooks:227:14)
      at Test.run (node:internal/test_runner/test:1382:25)
      at Test.processPendingSubtests (node:internal/test_runner/test:960:18)
      at Test.postRun (node:internal/test_runner/test:1522:19)
      at Test.run (node:internal/test_runner/test:1447:12)
      at async Test.processPendingSubtests (node:internal/test_runner/test:960:7)
