✔ local launch preserves sandbox and removes all unsafe Playwright defaults (1.680944ms)
✔ CLI accepts separate game root, owned output, browser and bounded settings (0.209475ms)
✔ CLI rejects unknown flags, missing values and unbounded inputs (0.212599ms)
✔ source fingerprint catches dirty tracked and untracked byte drift with unchanged porcelain (73.325136ms)
✔ active scenario completing during timeout diagnostics cannot turn failure into pass (105.17531ms)
✔ active scenario completing during interrupt diagnostics cannot turn failure into pass (4.183783ms)
✔ ephemeral default stays opt-in; persistent launch keeps sandbox and explicit data-dir (1.705411ms)
✔ unknown personal, noncanonical, existing unmarked and symlink directories fail before adoption (12.666616ms)
✔ symlink ancestor and evidence overlap are rejected (5.990946ms)
✔ an output symlink cannot alias profile data before preflight creates logs (11.038597ms)
✔ exclusive live and unknown locks are never recovered, and failed cleanup keeps ownership (14.062077ms)
✔ normal terminal cleanup retains checkpoint identity across a new exclusive run (12.613631ms)
✔ source/runtime/origin drift cannot silently adopt a game save (23.685328ms)
✔ symlinked source bytes and external or ignored scenarios cannot bypass input binding (13.915908ms)
✔ checker-only correspondence must bind prior run and both exact source identities (13.59173ms)
✔ unverified source and changed terminal ownership remain blocked (11.278798ms)
✔ lease refuses a replaced lock and leaves that owner untouched (8.141767ms)
✔ leftover Chromium ownership and replaced data directory block reuse (12.706351ms)
✔ committed readback is readonly, awaits completion, and hashes typed arrays/Map/Set contents (70.717206ms)
ℹ tests 19
ℹ suites 0
ℹ pass 19
ℹ fail 0
ℹ cancelled 0
ℹ skipped 0
ℹ todo 0
ℹ duration_ms 291.153391
